-- Found ament_cmake: 1.3.11 (/opt/ros/humble/share/ament_cmake/cmake)
-- Found geometry_msgs: 4.8.0 (/opt/ros/humble/share/geometry_msgs/cmake)
-- Found rosidl_generator_c: 3.1.6 (/opt/ros/humble/share/rosidl_generator_c/cmake)
-- Found rosidl_adapter: 3.1.6 (/opt/ros/humble/share/rosidl_adapter/cmake)
-- Found rosidl_generator_cpp: 3.1.6 (/opt/ros/humble/share/rosidl_generator_cpp/cmake)
-- Using all available rosidl_typesupport_c: rosidl_typesupport_fastrtps_c;rosidl_typesupport_introspection_c
-- Using all available rosidl_typesupport_cpp: rosidl_typesupport_fastrtps_cpp;rosidl_typesupport_introspection_cpp
-- Found rosidl_default_generators: 1.2.0 (/opt/ros/humble/share/rosidl_default_generators/cmake)
-- Found ament_cmake_ros: 0.10.0 (/opt/ros/humble/share/ament_cmake_ros/cmake)
-- Using all available rosidl_typesupport_c: rosidl_typesupport_fastrtps_c;rosidl_typesupport_introspection_c
-- Using all available rosidl_typesupport_cpp: rosidl_typesupport_fastrtps_cpp;rosidl_typesupport_introspection_cpp
-- Found python_cmake_module: 0.10.0 (/opt/ros/humble/share/python_cmake_module/cmake)
-- Using PYTHON_EXECUTABLE: /usr/bin/python3
-- Using PYTHON_INCLUDE_DIRS: /usr/include/python3.10
-- Using PYTHON_LIBRARIES: /usr/lib/x86_64-linux-gnu/libpython3.10.so
-- Found ament_lint_auto: 0.12.12 (/opt/ros/humble/share/ament_lint_auto/cmake)
-- Added test 'lint_cmake' to check CMake code style
-- Added test 'xmllint' to check XML markup files
-- Configuring done
-- Generating done
-- Build files have been written to: /root/ros2_ws2/build/custom_msgs
[  2%] [34m[1mGenerating C code for ROS interfaces[0m
[  4%] [34m[1mGenerating C++ code for ROS interfaces[0m
[  4%] Built target ament_cmake_python_copy_custom_msgs
running egg_info
writing custom_msgs.egg-info/PKG-INFO
writing dependency_links to custom_msgs.egg-info/dependency_links.txt
writing top-level names to custom_msgs.egg-info/top_level.txt
reading manifest file 'custom_msgs.egg-info/SOURCES.txt'
writing manifest file 'custom_msgs.egg-info/SOURCES.txt'
[  4%] Built target ament_cmake_python_build_custom_msgs_egg
[  4%] Built target custom_msgs__cpp
[ 10%] [34m[1mGenerating C++ type support dispatch for ROS interfaces[0m
[ 10%] [34m[1mGenerating C++ type support for eProsima Fast-RTPS[0m
[ 10%] [34m[1mGenerating C++ introspection for ROS interfaces[0m
[35m[1mConsolidate compiler generated dependencies of target custom_msgs__rosidl_generator_c[0m
[ 12%] [32mBuilding C object CMakeFiles/custom_msgs__rosidl_generator_c.dir/rosidl_generator_c/custom_msgs/msg/detail/agent_target_positions__functions.c.o[0m
[ 14%] [32mBuilding C object CMakeFiles/custom_msgs__rosidl_generator_c.dir/rosidl_generator_c/custom_msgs/msg/detail/agent_target_destinations__functions.c.o[0m
[ 17%] [32mBuilding C object CMakeFiles/custom_msgs__rosidl_generator_c.dir/rosidl_generator_c/custom_msgs/msg/detail/robot_communication_msg__functions.c.o[0m
[ 19%] [32m[1mLinking C shared library libcustom_msgs__rosidl_generator_c.so[0m
[35m[1mConsolidate compiler generated dependencies of target custom_msgs__rosidl_typesupport_cpp[0m
[ 21%] [32mBuilding CXX object CMakeFiles/custom_msgs__rosidl_typesupport_cpp.dir/rosidl_typesupport_cpp/custom_msgs/msg/agent_target_positions__type_support.cpp.o[0m
[ 23%] [32mBuilding CXX object CMakeFiles/custom_msgs__rosidl_typesupport_cpp.dir/rosidl_typesupport_cpp/custom_msgs/msg/robot_communication_msg__type_support.cpp.o[0m
[ 25%] [32mBuilding CXX object CMakeFiles/custom_msgs__rosidl_typesupport_cpp.dir/rosidl_typesupport_cpp/custom_msgs/msg/agent_target_destinations__type_support.cpp.o[0m
[35m[1mConsolidate compiler generated dependencies of target custom_msgs__rosidl_typesupport_introspection_cpp[0m
[ 27%] [32mBuilding CXX object CMakeFiles/custom_msgs__rosidl_typesupport_introspection_cpp.dir/rosidl_typesupport_introspection_cpp/custom_msgs/msg/detail/agent_target_positions__type_support.cpp.o[0m
[ 29%] [32mBuilding CXX object CMakeFiles/custom_msgs__rosidl_typesupport_introspection_cpp.dir/rosidl_typesupport_introspection_cpp/custom_msgs/msg/detail/robot_communication_msg__type_support.cpp.o[0m
[ 31%] [32mBuilding CXX object CMakeFiles/custom_msgs__rosidl_typesupport_introspection_cpp.dir/rosidl_typesupport_introspection_cpp/custom_msgs/msg/detail/agent_target_destinations__type_support.cpp.o[0m
[35m[1mConsolidate compiler generated dependencies of target custom_msgs__rosidl_typesupport_fastrtps_cpp[0m
[ 34%] [32mBuilding CXX object CMakeFiles/custom_msgs__rosidl_typesupport_fastrtps_cpp.dir/rosidl_typesupport_fastrtps_cpp/custom_msgs/msg/detail/dds_fastrtps/robot_communication_msg__type_support.cpp.o[0m
[ 36%] [32mBuilding CXX object CMakeFiles/custom_msgs__rosidl_typesupport_fastrtps_cpp.dir/rosidl_typesupport_fastrtps_cpp/custom_msgs/msg/detail/dds_fastrtps/agent_target_positions__type_support.cpp.o[0m
[ 38%] [32mBuilding CXX object CMakeFiles/custom_msgs__rosidl_typesupport_fastrtps_cpp.dir/rosidl_typesupport_fastrtps_cpp/custom_msgs/msg/detail/dds_fastrtps/agent_target_destinations__type_support.cpp.o[0m
[ 38%] Built target custom_msgs__rosidl_generator_c
[ 40%] [34m[1mGenerating C type support for eProsima Fast-RTPS[0m
[ 42%] [34m[1mGenerating C type support dispatch for ROS interfaces[0m
[ 44%] [34m[1mGenerating C introspection for ROS interfaces[0m
[ 46%] [32m[1mLinking CXX shared library libcustom_msgs__rosidl_typesupport_cpp.so[0m
[35m[1mConsolidate compiler generated dependencies of target custom_msgs__rosidl_typesupport_c[0m
[ 48%] [32mBuilding CXX object CMakeFiles/custom_msgs__rosidl_typesupport_c.dir/rosidl_typesupport_c/custom_msgs/msg/agent_target_positions__type_support.cpp.o[0m
[ 53%] [32mBuilding CXX object CMakeFiles/custom_msgs__rosidl_typesupport_c.dir/rosidl_typesupport_c/custom_msgs/msg/robot_communication_msg__type_support.cpp.o[0m
[ 53%] [32mBuilding CXX object CMakeFiles/custom_msgs__rosidl_typesupport_c.dir/rosidl_typesupport_c/custom_msgs/msg/agent_target_destinations__type_support.cpp.o[0m
[35m[1mConsolidate compiler generated dependencies of target custom_msgs__rosidl_typesupport_introspection_c[0m
[ 55%] [32m[1mLinking CXX shared library libcustom_msgs__rosidl_typesupport_c.so[0m
[ 59%] [32mBuilding C object CMakeFiles/custom_msgs__rosidl_typesupport_introspection_c.dir/rosidl_typesupport_introspection_c/custom_msgs/msg/detail/agent_target_positions__type_support.c.o[0m
[ 61%] [32mBuilding C object CMakeFiles/custom_msgs__rosidl_typesupport_introspection_c.dir/rosidl_typesupport_introspection_c/custom_msgs/msg/detail/agent_target_destinations__type_support.c.o[0m
[ 61%] [32mBuilding C object CMakeFiles/custom_msgs__rosidl_typesupport_introspection_c.dir/rosidl_typesupport_introspection_c/custom_msgs/msg/detail/robot_communication_msg__type_support.c.o[0m
[35m[1mConsolidate compiler generated dependencies of target custom_msgs__rosidl_typesupport_fastrtps_c[0m
[ 63%] [32mBuilding CXX object CMakeFiles/custom_msgs__rosidl_typesupport_fastrtps_c.dir/rosidl_typesupport_fastrtps_c/custom_msgs/msg/detail/agent_target_destinations__type_support_c.cpp.o[0m
[ 65%] [32mBuilding CXX object CMakeFiles/custom_msgs__rosidl_typesupport_fastrtps_c.dir/rosidl_typesupport_fastrtps_c/custom_msgs/msg/detail/agent_target_positions__type_support_c.cpp.o[0m
[ 68%] [32mBuilding CXX object CMakeFiles/custom_msgs__rosidl_typesupport_fastrtps_c.dir/rosidl_typesupport_fastrtps_c/custom_msgs/msg/detail/robot_communication_msg__type_support_c.cpp.o[0m
[ 70%] [32m[1mLinking C shared library libcustom_msgs__rosidl_typesupport_introspection_c.so[0m
[ 70%] Built target custom_msgs__rosidl_typesupport_cpp
[ 72%] [32m[1mLinking CXX shared library libcustom_msgs__rosidl_typesupport_introspection_cpp.so[0m
[ 72%] Built target custom_msgs__rosidl_typesupport_c
[ 74%] [32m[1mLinking CXX shared library libcustom_msgs__rosidl_typesupport_fastrtps_cpp.so[0m
[ 74%] Built target custom_msgs__rosidl_typesupport_introspection_c
[ 74%] Built target custom_msgs__rosidl_typesupport_introspection_cpp
[ 74%] Built target custom_msgs__rosidl_typesupport_fastrtps_cpp
[ 76%] [32m[1mLinking CXX shared library libcustom_msgs__rosidl_typesupport_fastrtps_c.so[0m
[ 76%] Built target custom_msgs__rosidl_typesupport_fastrtps_c
[ 76%] Built target custom_msgs
[ 78%] [34m[1mGenerating Python code for ROS interfaces[0m
[ 78%] Built target custom_msgs__py
[35m[1mConsolidate compiler generated dependencies of target custom_msgs__rosidl_generator_py[0m
[ 80%] [32mBuilding C object CMakeFiles/custom_msgs__rosidl_generator_py.dir/rosidl_generator_py/custom_msgs/msg/_agent_target_positions_s.c.o[0m
[ 82%] [32mBuilding C object CMakeFiles/custom_msgs__rosidl_generator_py.dir/rosidl_generator_py/custom_msgs/msg/_agent_target_destinations_s.c.o[0m
[ 85%] [32mBuilding C object CMakeFiles/custom_msgs__rosidl_generator_py.dir/rosidl_generator_py/custom_msgs/msg/_robot_communication_msg_s.c.o[0m
[ 87%] [32m[1mLinking C shared library rosidl_generator_py/custom_msgs/libcustom_msgs__rosidl_generator_py.so[0m
[ 87%] Built target custom_msgs__rosidl_generator_py
[35m[1mConsolidate compiler generated dependencies of target custom_msgs__rosidl_typesupport_fastrtps_c__pyext[0m
[35m[1mConsolidate compiler generated dependencies of target custom_msgs__rosidl_typesupport_introspection_c__pyext[0m
[35m[1mConsolidate compiler generated dependencies of target custom_msgs__rosidl_typesupport_c__pyext[0m
[ 89%] [32mBuilding C object CMakeFiles/custom_msgs__rosidl_typesupport_fastrtps_c__pyext.dir/rosidl_generator_py/custom_msgs/_custom_msgs_s.ep.rosidl_typesupport_fastrtps_c.c.o[0m
[ 91%] [32mBuilding C object CMakeFiles/custom_msgs__rosidl_typesupport_c__pyext.dir/rosidl_generator_py/custom_msgs/_custom_msgs_s.ep.rosidl_typesupport_c.c.o[0m
[ 93%] [32mBuilding C object CMakeFiles/custom_msgs__rosidl_typesupport_introspection_c__pyext.dir/rosidl_generator_py/custom_msgs/_custom_msgs_s.ep.rosidl_typesupport_introspection_c.c.o[0m
[100%] [32m[1mLinking C shared library rosidl_generator_py/custom_msgs/custom_msgs_s__rosidl_typesupport_fastrtps_c.cpython-310-x86_64-linux-gnu.so[0m
[100%] [32m[1mLinking C shared library rosidl_generator_py/custom_msgs/custom_msgs_s__rosidl_typesupport_introspection_c.cpython-310-x86_64-linux-gnu.so[0m
[100%] [32m[1mLinking C shared library rosidl_generator_py/custom_msgs/custom_msgs_s__rosidl_typesupport_c.cpython-310-x86_64-linux-gnu.so[0m
[100%] Built target custom_msgs__rosidl_typesupport_fastrtps_c__pyext
[100%] Built target custom_msgs__rosidl_typesupport_c__pyext
[100%] Built target custom_msgs__rosidl_typesupport_introspection_c__pyext
-- Install configuration: ""
-- Installing: /root/ros2_ws2/install/custom_msgs/share/ament_index/resource_index/rosidl_interfaces/custom_msgs
-- Up-to-date: /root/ros2_ws2/install/custom_msgs/include/custom_msgs/custom_msgs
-- Up-to-date: /root/ros2_ws2/install/custom_msgs/include/custom_msgs/custom_msgs/msg
-- Up-to-date: /root/ros2_ws2/install/custom_msgs/include/custom_msgs/custom_msgs/msg/rosidl_generator_c__visibility_control.h
-- Installing: /root/ros2_ws2/install/custom_msgs/include/custom_msgs/custom_msgs/msg/robot_communication_msg.h
-- Installing: /root/ros2_ws2/install/custom_msgs/include/custom_msgs/custom_msgs/msg/agent_target_positions.h
-- Installing: /root/ros2_ws2/install/custom_msgs/include/custom_msgs/custom_msgs/msg/agent_target_destinations.h
-- Up-to-date: /root/ros2_ws2/install/custom_msgs/include/custom_msgs/custom_msgs/msg/robot_communication.h
-- Up-to-date: /root/ros2_ws2/install/custom_msgs/include/custom_msgs/custom_msgs/msg/detail
-- Up-to-date: /root/ros2_ws2/install/custom_msgs/include/custom_msgs/custom_msgs/msg/detail/robot_communication__type_support.h
-- Installing: /root/ros2_ws2/install/custom_msgs/include/custom_msgs/custom_msgs/msg/detail/robot_communication_msg__functions.c
-- Up-to-date: /root/ros2_ws2/install/custom_msgs/include/custom_msgs/custom_msgs/msg/detail/robot_communication__struct.h
-- Installing: /root/ros2_ws2/install/custom_msgs/include/custom_msgs/custom_msgs/msg/detail/agent_target_positions__type_support.h
-- Installing: /root/ros2_ws2/install/custom_msgs/include/custom_msgs/custom_msgs/msg/detail/robot_communication_msg__struct.h
-- Installing: /root/ros2_ws2/install/custom_msgs/include/custom_msgs/custom_msgs/msg/detail/robot_communication_msg__type_support.h
-- Installing: /root/ros2_ws2/install/custom_msgs/include/custom_msgs/custom_msgs/msg/detail/agent_target_destinations__functions.h
-- Installing: /root/ros2_ws2/install/custom_msgs/include/custom_msgs/custom_msgs/msg/detail/agent_target_positions__struct.h
-- Up-to-date: /root/ros2_ws2/install/custom_msgs/include/custom_msgs/custom_msgs/msg/detail/robot_communication__functions.h
-- Installing: /root/ros2_ws2/install/custom_msgs/include/custom_msgs/custom_msgs/msg/detail/agent_target_destinations__struct.h
-- Installing: /root/ros2_ws2/install/custom_msgs/include/custom_msgs/custom_msgs/msg/detail/agent_target_destinations__functions.c
-- Installing: /root/ros2_ws2/install/custom_msgs/include/custom_msgs/custom_msgs/msg/detail/agent_target_destinations__type_support.h
-- Up-to-date: /root/ros2_ws2/install/custom_msgs/include/custom_msgs/custom_msgs/msg/detail/robot_communication__functions.c
-- Installing: /root/ros2_ws2/install/custom_msgs/include/custom_msgs/custom_msgs/msg/detail/robot_communication_msg__functions.h
-- Installing: /root/ros2_ws2/install/custom_msgs/include/custom_msgs/custom_msgs/msg/detail/agent_target_positions__functions.h
-- Installing: /root/ros2_ws2/install/custom_msgs/include/custom_msgs/custom_msgs/msg/detail/agent_target_positions__functions.c
-- Up-to-date: /root/ros2_ws2/install/custom_msgs/share/custom_msgs/environment/library_path.sh
-- Installing: /root/ros2_ws2/install/custom_msgs/share/custom_msgs/environment/library_path.dsv
-- Installing: /root/ros2_ws2/install/custom_msgs/lib/libcustom_msgs__rosidl_generator_c.so
-- Set runtime path of "/root/ros2_ws2/install/custom_msgs/lib/libcustom_msgs__rosidl_generator_c.so" to ""
-- Up-to-date: /root/ros2_ws2/install/custom_msgs/include/custom_msgs/custom_msgs
-- Up-to-date: /root/ros2_ws2/install/custom_msgs/include/custom_msgs/custom_msgs/msg
-- Up-to-date: /root/ros2_ws2/install/custom_msgs/include/custom_msgs/custom_msgs/msg/rosidl_typesupport_fastrtps_c__visibility_control.h
-- Up-to-date: /root/ros2_ws2/install/custom_msgs/include/custom_msgs/custom_msgs/msg/detail
-- Installing: /root/ros2_ws2/install/custom_msgs/include/custom_msgs/custom_msgs/msg/detail/agent_target_positions__rosidl_typesupport_fastrtps_c.h
-- Up-to-date: /root/ros2_ws2/install/custom_msgs/include/custom_msgs/custom_msgs/msg/detail/robot_communication__rosidl_typesupport_fastrtps_c.h
-- Installing: /root/ros2_ws2/install/custom_msgs/include/custom_msgs/custom_msgs/msg/detail/agent_target_destinations__rosidl_typesupport_fastrtps_c.h
-- Installing: /root/ros2_ws2/install/custom_msgs/include/custom_msgs/custom_msgs/msg/detail/robot_communication_msg__rosidl_typesupport_fastrtps_c.h
-- Installing: /root/ros2_ws2/install/custom_msgs/lib/libcustom_msgs__rosidl_typesupport_fastrtps_c.so
-- Set runtime path of "/root/ros2_ws2/install/custom_msgs/lib/libcustom_msgs__rosidl_typesupport_fastrtps_c.so" to ""
-- Up-to-date: /root/ros2_ws2/install/custom_msgs/include/custom_msgs/custom_msgs
-- Up-to-date: /root/ros2_ws2/install/custom_msgs/include/custom_msgs/custom_msgs/msg
-- Installing: /root/ros2_ws2/install/custom_msgs/include/custom_msgs/custom_msgs/msg/agent_target_positions.hpp
-- Installing: /root/ros2_ws2/install/custom_msgs/include/custom_msgs/custom_msgs/msg/agent_target_destinations.hpp
-- Up-to-date: /root/ros2_ws2/install/custom_msgs/include/custom_msgs/custom_msgs/msg/rosidl_generator_cpp__visibility_control.hpp
-- Installing: /root/ros2_ws2/install/custom_msgs/include/custom_msgs/custom_msgs/msg/robot_communication_msg.hpp
-- Up-to-date: /root/ros2_ws2/install/custom_msgs/include/custom_msgs/custom_msgs/msg/robot_communication.hpp
-- Up-to-date: /root/ros2_ws2/install/custom_msgs/include/custom_msgs/custom_msgs/msg/detail
-- Installing: /root/ros2_ws2/install/custom_msgs/include/custom_msgs/custom_msgs/msg/detail/robot_communication_msg__builder.hpp
-- Up-to-date: /root/ros2_ws2/install/custom_msgs/include/custom_msgs/custom_msgs/msg/detail/robot_communication__type_support.hpp
-- Installing: /root/ros2_ws2/install/custom_msgs/include/custom_msgs/custom_msgs/msg/detail/robot_communication_msg__struct.hpp
-- Up-to-date: /root/ros2_ws2/install/custom_msgs/include/custom_msgs/custom_msgs/msg/detail/robot_communication__traits.hpp
-- Installing: /root/ros2_ws2/install/custom_msgs/include/custom_msgs/custom_msgs/msg/detail/agent_target_destinations__struct.hpp
-- Installing: /root/ros2_ws2/install/custom_msgs/include/custom_msgs/custom_msgs/msg/detail/agent_target_destinations__type_support.hpp
-- Installing: /root/ros2_ws2/install/custom_msgs/include/custom_msgs/custom_msgs/msg/detail/agent_target_destinations__traits.hpp
-- Up-to-date: /root/ros2_ws2/install/custom_msgs/include/custom_msgs/custom_msgs/msg/detail/robot_communication__struct.hpp
-- Installing: /root/ros2_ws2/install/custom_msgs/include/custom_msgs/custom_msgs/msg/detail/agent_target_destinations__builder.hpp
-- Installing: /root/ros2_ws2/install/custom_msgs/include/custom_msgs/custom_msgs/msg/detail/agent_target_positions__builder.hpp
-- Installing: /root/ros2_ws2/install/custom_msgs/include/custom_msgs/custom_msgs/msg/detail/agent_target_positions__struct.hpp
-- Installing: /root/ros2_ws2/install/custom_msgs/include/custom_msgs/custom_msgs/msg/detail/robot_communication_msg__traits.hpp
-- Up-to-date: /root/ros2_ws2/install/custom_msgs/include/custom_msgs/custom_msgs/msg/detail/robot_communication__builder.hpp
-- Installing: /root/ros2_ws2/install/custom_msgs/include/custom_msgs/custom_msgs/msg/detail/robot_communication_msg__type_support.hpp
-- Installing: /root/ros2_ws2/install/custom_msgs/include/custom_msgs/custom_msgs/msg/detail/agent_target_positions__type_support.hpp
-- Installing: /root/ros2_ws2/install/custom_msgs/include/custom_msgs/custom_msgs/msg/detail/agent_target_positions__traits.hpp
-- Up-to-date: /root/ros2_ws2/install/custom_msgs/include/custom_msgs/custom_msgs
-- Up-to-date: /root/ros2_ws2/install/custom_msgs/include/custom_msgs/custom_msgs/msg
-- Up-to-date: /root/ros2_ws2/install/custom_msgs/include/custom_msgs/custom_msgs/msg/rosidl_typesupport_fastrtps_cpp__visibility_control.h
-- Up-to-date: /root/ros2_ws2/install/custom_msgs/include/custom_msgs/custom_msgs/msg/detail
-- Installing: /root/ros2_ws2/install/custom_msgs/include/custom_msgs/custom_msgs/msg/detail/agent_target_positions__rosidl_typesupport_fastrtps_cpp.hpp
-- Up-to-date: /root/ros2_ws2/install/custom_msgs/include/custom_msgs/custom_msgs/msg/detail/robot_communication__rosidl_typesupport_fastrtps_cpp.hpp
-- Up-to-date: /root/ros2_ws2/install/custom_msgs/include/custom_msgs/custom_msgs/msg/detail/dds_fastrtps
-- Installing: /root/ros2_ws2/install/custom_msgs/include/custom_msgs/custom_msgs/msg/detail/robot_communication_msg__rosidl_typesupport_fastrtps_cpp.hpp
-- Installing: /root/ros2_ws2/install/custom_msgs/include/custom_msgs/custom_msgs/msg/detail/agent_target_destinations__rosidl_typesupport_fastrtps_cpp.hpp
-- Installing: /root/ros2_ws2/install/custom_msgs/lib/libcustom_msgs__rosidl_typesupport_fastrtps_cpp.so
-- Set runtime path of "/root/ros2_ws2/install/custom_msgs/lib/libcustom_msgs__rosidl_typesupport_fastrtps_cpp.so" to ""
-- Up-to-date: /root/ros2_ws2/install/custom_msgs/include/custom_msgs/custom_msgs
-- Up-to-date: /root/ros2_ws2/install/custom_msgs/include/custom_msgs/custom_msgs/msg
-- Up-to-date: /root/ros2_ws2/install/custom_msgs/include/custom_msgs/custom_msgs/msg/rosidl_typesupport_introspection_c__visibility_control.h
-- Up-to-date: /root/ros2_ws2/install/custom_msgs/include/custom_msgs/custom_msgs/msg/detail
-- Up-to-date: /root/ros2_ws2/install/custom_msgs/include/custom_msgs/custom_msgs/msg/detail/robot_communication__type_support.c
-- Installing: /root/ros2_ws2/install/custom_msgs/include/custom_msgs/custom_msgs/msg/detail/robot_communication_msg__rosidl_typesupport_introspection_c.h
-- Up-to-date: /root/ros2_ws2/install/custom_msgs/include/custom_msgs/custom_msgs/msg/detail/robot_communication__rosidl_typesupport_introspection_c.h
-- Installing: /root/ros2_ws2/install/custom_msgs/include/custom_msgs/custom_msgs/msg/detail/robot_communication_msg__type_support.c
-- Installing: /root/ros2_ws2/install/custom_msgs/include/custom_msgs/custom_msgs/msg/detail/agent_target_destinations__rosidl_typesupport_introspection_c.h
-- Installing: /root/ros2_ws2/install/custom_msgs/include/custom_msgs/custom_msgs/msg/detail/agent_target_destinations__type_support.c
-- Installing: /root/ros2_ws2/install/custom_msgs/include/custom_msgs/custom_msgs/msg/detail/agent_target_positions__type_support.c
-- Installing: /root/ros2_ws2/install/custom_msgs/include/custom_msgs/custom_msgs/msg/detail/agent_target_positions__rosidl_typesupport_introspection_c.h
-- Installing: /root/ros2_ws2/install/custom_msgs/lib/libcustom_msgs__rosidl_typesupport_introspection_c.so
-- Set runtime path of "/root/ros2_ws2/install/custom_msgs/lib/libcustom_msgs__rosidl_typesupport_introspection_c.so" to ""
-- Installing: /root/ros2_ws2/install/custom_msgs/lib/libcustom_msgs__rosidl_typesupport_c.so
-- Set runtime path of "/root/ros2_ws2/install/custom_msgs/lib/libcustom_msgs__rosidl_typesupport_c.so" to ""
-- Up-to-date: /root/ros2_ws2/install/custom_msgs/include/custom_msgs/custom_msgs
-- Up-to-date: /root/ros2_ws2/install/custom_msgs/include/custom_msgs/custom_msgs/msg
-- Up-to-date: /root/ros2_ws2/install/custom_msgs/include/custom_msgs/custom_msgs/msg/detail
-- Installing: /root/ros2_ws2/install/custom_msgs/include/custom_msgs/custom_msgs/msg/detail/robot_communication_msg__type_support.cpp
-- Installing: /root/ros2_ws2/install/custom_msgs/include/custom_msgs/custom_msgs/msg/detail/agent_target_positions__type_support.cpp
-- Up-to-date: /root/ros2_ws2/install/custom_msgs/include/custom_msgs/custom_msgs/msg/detail/robot_communication__type_support.cpp
-- Installing: /root/ros2_ws2/install/custom_msgs/include/custom_msgs/custom_msgs/msg/detail/robot_communication_msg__rosidl_typesupport_introspection_cpp.hpp
-- Installing: /root/ros2_ws2/install/custom_msgs/include/custom_msgs/custom_msgs/msg/detail/agent_target_destinations__type_support.cpp
-- Up-to-date: /root/ros2_ws2/install/custom_msgs/include/custom_msgs/custom_msgs/msg/detail/robot_communication__rosidl_typesupport_introspection_cpp.hpp
-- Installing: /root/ros2_ws2/install/custom_msgs/include/custom_msgs/custom_msgs/msg/detail/agent_target_positions__rosidl_typesupport_introspection_cpp.hpp
-- Installing: /root/ros2_ws2/install/custom_msgs/include/custom_msgs/custom_msgs/msg/detail/agent_target_destinations__rosidl_typesupport_introspection_cpp.hpp
-- Installing: /root/ros2_ws2/install/custom_msgs/lib/libcustom_msgs__rosidl_typesupport_introspection_cpp.so
-- Set runtime path of "/root/ros2_ws2/install/custom_msgs/lib/libcustom_msgs__rosidl_typesupport_introspection_cpp.so" to ""
-- Installing: /root/ros2_ws2/install/custom_msgs/lib/libcustom_msgs__rosidl_typesupport_cpp.so
-- Set runtime path of "/root/ros2_ws2/install/custom_msgs/lib/libcustom_msgs__rosidl_typesupport_cpp.so" to ""
-- Up-to-date: /root/ros2_ws2/install/custom_msgs/share/custom_msgs/environment/pythonpath.sh
-- Installing: /root/ros2_ws2/install/custom_msgs/share/custom_msgs/environment/pythonpath.dsv
-- Up-to-date: /root/ros2_ws2/install/custom_msgs/local/lib/python3.10/dist-packages/custom_msgs-0.0.0-py3.10.egg-info
-- Installing: /root/ros2_ws2/install/custom_msgs/local/lib/python3.10/dist-packages/custom_msgs-0.0.0-py3.10.egg-info/dependency_links.txt
-- Installing: /root/ros2_ws2/install/custom_msgs/local/lib/python3.10/dist-packages/custom_msgs-0.0.0-py3.10.egg-info/top_level.txt
-- Installing: /root/ros2_ws2/install/custom_msgs/local/lib/python3.10/dist-packages/custom_msgs-0.0.0-py3.10.egg-info/SOURCES.txt
-- Installing: /root/ros2_ws2/install/custom_msgs/local/lib/python3.10/dist-packages/custom_msgs-0.0.0-py3.10.egg-info/PKG-INFO
-- Up-to-date: /root/ros2_ws2/install/custom_msgs/local/lib/python3.10/dist-packages/custom_msgs
-- Installing: /root/ros2_ws2/install/custom_msgs/local/lib/python3.10/dist-packages/custom_msgs/custom_msgs_s__rosidl_typesupport_c.cpython-310-x86_64-linux-gnu.so
-- Installing: /root/ros2_ws2/install/custom_msgs/local/lib/python3.10/dist-packages/custom_msgs/__init__.py
-- Installing: /root/ros2_ws2/install/custom_msgs/local/lib/python3.10/dist-packages/custom_msgs/custom_msgs_s__rosidl_typesupport_fastrtps_c.cpython-310-x86_64-linux-gnu.so
-- Installing: /root/ros2_ws2/install/custom_msgs/local/lib/python3.10/dist-packages/custom_msgs/custom_msgs_s__rosidl_typesupport_introspection_c.cpython-310-x86_64-linux-gnu.so
-- Installing: /root/ros2_ws2/install/custom_msgs/local/lib/python3.10/dist-packages/custom_msgs/_custom_msgs_s.ep.rosidl_typesupport_introspection_c.c
-- Up-to-date: /root/ros2_ws2/install/custom_msgs/local/lib/python3.10/dist-packages/custom_msgs/msg
-- Installing: /root/ros2_ws2/install/custom_msgs/local/lib/python3.10/dist-packages/custom_msgs/msg/__init__.py
-- Installing: /root/ros2_ws2/install/custom_msgs/local/lib/python3.10/dist-packages/custom_msgs/msg/_robot_communication_msg_s.c
-- Installing: /root/ros2_ws2/install/custom_msgs/local/lib/python3.10/dist-packages/custom_msgs/msg/_robot_communication_msg.py
-- Installing: /root/ros2_ws2/install/custom_msgs/local/lib/python3.10/dist-packages/custom_msgs/msg/_agent_target_destinations.py
-- Installing: /root/ros2_ws2/install/custom_msgs/local/lib/python3.10/dist-packages/custom_msgs/msg/_agent_target_positions.py
-- Up-to-date: /root/ros2_ws2/install/custom_msgs/local/lib/python3.10/dist-packages/custom_msgs/msg/_robot_communication_s.c
-- Installing: /root/ros2_ws2/install/custom_msgs/local/lib/python3.10/dist-packages/custom_msgs/msg/_agent_target_destinations_s.c
-- Up-to-date: /root/ros2_ws2/install/custom_msgs/local/lib/python3.10/dist-packages/custom_msgs/msg/_robot_communication.py
-- Installing: /root/ros2_ws2/install/custom_msgs/local/lib/python3.10/dist-packages/custom_msgs/msg/_agent_target_positions_s.c
-- Installing: /root/ros2_ws2/install/custom_msgs/local/lib/python3.10/dist-packages/custom_msgs/_custom_msgs_s.ep.rosidl_typesupport_fastrtps_c.c
-- Installing: /root/ros2_ws2/install/custom_msgs/local/lib/python3.10/dist-packages/custom_msgs/libcustom_msgs__rosidl_generator_py.so
-- Installing: /root/ros2_ws2/install/custom_msgs/local/lib/python3.10/dist-packages/custom_msgs/_custom_msgs_s.ep.rosidl_typesupport_c.c
Listing '/root/ros2_ws2/install/custom_msgs/local/lib/python3.10/dist-packages/custom_msgs'...
Compiling '/root/ros2_ws2/install/custom_msgs/local/lib/python3.10/dist-packages/custom_msgs/__init__.py'...
Listing '/root/ros2_ws2/install/custom_msgs/local/lib/python3.10/dist-packages/custom_msgs/msg'...
Compiling '/root/ros2_ws2/install/custom_msgs/local/lib/python3.10/dist-packages/custom_msgs/msg/__init__.py'...
Compiling '/root/ros2_ws2/install/custom_msgs/local/lib/python3.10/dist-packages/custom_msgs/msg/_agent_target_destinations.py'...
Compiling '/root/ros2_ws2/install/custom_msgs/local/lib/python3.10/dist-packages/custom_msgs/msg/_agent_target_positions.py'...
Compiling '/root/ros2_ws2/install/custom_msgs/local/lib/python3.10/dist-packages/custom_msgs/msg/_robot_communication_msg.py'...
-- Installing: /root/ros2_ws2/install/custom_msgs/local/lib/python3.10/dist-packages/custom_msgs/custom_msgs_s__rosidl_typesupport_fastrtps_c.cpython-310-x86_64-linux-gnu.so
-- Set runtime path of "/root/ros2_ws2/install/custom_msgs/local/lib/python3.10/dist-packages/custom_msgs/custom_msgs_s__rosidl_typesupport_fastrtps_c.cpython-310-x86_64-linux-gnu.so" to ""
-- Installing: /root/ros2_ws2/install/custom_msgs/local/lib/python3.10/dist-packages/custom_msgs/custom_msgs_s__rosidl_typesupport_introspection_c.cpython-310-x86_64-linux-gnu.so
-- Set runtime path of "/root/ros2_ws2/install/custom_msgs/local/lib/python3.10/dist-packages/custom_msgs/custom_msgs_s__rosidl_typesupport_introspection_c.cpython-310-x86_64-linux-gnu.so" to ""
-- Installing: /root/ros2_ws2/install/custom_msgs/local/lib/python3.10/dist-packages/custom_msgs/custom_msgs_s__rosidl_typesupport_c.cpython-310-x86_64-linux-gnu.so
-- Set runtime path of "/root/ros2_ws2/install/custom_msgs/local/lib/python3.10/dist-packages/custom_msgs/custom_msgs_s__rosidl_typesupport_c.cpython-310-x86_64-linux-gnu.so" to ""
-- Installing: /root/ros2_ws2/install/custom_msgs/lib/libcustom_msgs__rosidl_generator_py.so
-- Set runtime path of "/root/ros2_ws2/install/custom_msgs/lib/libcustom_msgs__rosidl_generator_py.so" to ""
-- Up-to-date: /root/ros2_ws2/install/custom_msgs/share/custom_msgs/msg/AgentTargetPositions.idl
-- Up-to-date: /root/ros2_ws2/install/custom_msgs/share/custom_msgs/msg/AgentTargetDestinations.idl
-- Installing: /root/ros2_ws2/install/custom_msgs/share/custom_msgs/msg/RobotCommunicationMsg.idl
-- Up-to-date: /root/ros2_ws2/install/custom_msgs/share/custom_msgs/msg/AgentTargetPositions.msg
-- Up-to-date: /root/ros2_ws2/install/custom_msgs/share/custom_msgs/msg/AgentTargetDestinations.msg
-- Installing: /root/ros2_ws2/install/custom_msgs/share/custom_msgs/msg/RobotCommunicationMsg.msg
-- Up-to-date: /root/ros2_ws2/install/custom_msgs/share/ament_index/resource_index/package_run_dependencies/custom_msgs
-- Up-to-date: /root/ros2_ws2/install/custom_msgs/share/ament_index/resource_index/parent_prefix_path/custom_msgs
-- Up-to-date: /root/ros2_ws2/install/custom_msgs/share/custom_msgs/environment/ament_prefix_path.sh
-- Installing: /root/ros2_ws2/install/custom_msgs/share/custom_msgs/environment/ament_prefix_path.dsv
-- Up-to-date: /root/ros2_ws2/install/custom_msgs/share/custom_msgs/environment/path.sh
-- Installing: /root/ros2_ws2/install/custom_msgs/share/custom_msgs/environment/path.dsv
-- Up-to-date: /root/ros2_ws2/install/custom_msgs/share/custom_msgs/local_setup.bash
-- Up-to-date: /root/ros2_ws2/install/custom_msgs/share/custom_msgs/local_setup.sh
-- Up-to-date: /root/ros2_ws2/install/custom_msgs/share/custom_msgs/local_setup.zsh
-- Installing: /root/ros2_ws2/install/custom_msgs/share/custom_msgs/local_setup.dsv
-- Installing: /root/ros2_ws2/install/custom_msgs/share/custom_msgs/package.dsv
-- Up-to-date: /root/ros2_ws2/install/custom_msgs/share/ament_index/resource_index/packages/custom_msgs
-- Up-to-date: /root/ros2_ws2/install/custom_msgs/share/custom_msgs/cmake/export_custom_msgs__rosidl_generator_cExport.cmake
-- Up-to-date: /root/ros2_ws2/install/custom_msgs/share/custom_msgs/cmake/export_custom_msgs__rosidl_generator_cExport-noconfig.cmake
-- Up-to-date: /root/ros2_ws2/install/custom_msgs/share/custom_msgs/cmake/export_custom_msgs__rosidl_typesupport_fastrtps_cExport.cmake
-- Up-to-date: /root/ros2_ws2/install/custom_msgs/share/custom_msgs/cmake/export_custom_msgs__rosidl_typesupport_fastrtps_cExport-noconfig.cmake
-- Up-to-date: /root/ros2_ws2/install/custom_msgs/share/custom_msgs/cmake/export_custom_msgs__rosidl_generator_cppExport.cmake
-- Up-to-date: /root/ros2_ws2/install/custom_msgs/share/custom_msgs/cmake/export_custom_msgs__rosidl_typesupport_fastrtps_cppExport.cmake
-- Up-to-date: /root/ros2_ws2/install/custom_msgs/share/custom_msgs/cmake/export_custom_msgs__rosidl_typesupport_fastrtps_cppExport-noconfig.cmake
-- Up-to-date: /root/ros2_ws2/install/custom_msgs/share/custom_msgs/cmake/custom_msgs__rosidl_typesupport_introspection_cExport.cmake
-- Up-to-date: /root/ros2_ws2/install/custom_msgs/share/custom_msgs/cmake/custom_msgs__rosidl_typesupport_introspection_cExport-noconfig.cmake
-- Up-to-date: /root/ros2_ws2/install/custom_msgs/share/custom_msgs/cmake/custom_msgs__rosidl_typesupport_cExport.cmake
-- Up-to-date: /root/ros2_ws2/install/custom_msgs/share/custom_msgs/cmake/custom_msgs__rosidl_typesupport_cExport-noconfig.cmake
-- Up-to-date: /root/ros2_ws2/install/custom_msgs/share/custom_msgs/cmake/custom_msgs__rosidl_typesupport_introspection_cppExport.cmake
-- Up-to-date: /root/ros2_ws2/install/custom_msgs/share/custom_msgs/cmake/custom_msgs__rosidl_typesupport_introspection_cppExport-noconfig.cmake
-- Up-to-date: /root/ros2_ws2/install/custom_msgs/share/custom_msgs/cmake/custom_msgs__rosidl_typesupport_cppExport.cmake
-- Up-to-date: /root/ros2_ws2/install/custom_msgs/share/custom_msgs/cmake/custom_msgs__rosidl_typesupport_cppExport-noconfig.cmake
-- Up-to-date: /root/ros2_ws2/install/custom_msgs/share/custom_msgs/cmake/export_custom_msgs__rosidl_generator_pyExport.cmake
-- Up-to-date: /root/ros2_ws2/install/custom_msgs/share/custom_msgs/cmake/export_custom_msgs__rosidl_generator_pyExport-noconfig.cmake
-- Installing: /root/ros2_ws2/install/custom_msgs/share/custom_msgs/cmake/rosidl_cmake-extras.cmake
-- Up-to-date: /root/ros2_ws2/install/custom_msgs/share/custom_msgs/cmake/ament_cmake_export_dependencies-extras.cmake
-- Up-to-date: /root/ros2_ws2/install/custom_msgs/share/custom_msgs/cmake/ament_cmake_export_include_directories-extras.cmake
-- Up-to-date: /root/ros2_ws2/install/custom_msgs/share/custom_msgs/cmake/ament_cmake_export_libraries-extras.cmake
-- Up-to-date: /root/ros2_ws2/install/custom_msgs/share/custom_msgs/cmake/ament_cmake_export_targets-extras.cmake
-- Up-to-date: /root/ros2_ws2/install/custom_msgs/share/custom_msgs/cmake/rosidl_cmake_export_typesupport_targets-extras.cmake
-- Up-to-date: /root/ros2_ws2/install/custom_msgs/share/custom_msgs/cmake/rosidl_cmake_export_typesupport_libraries-extras.cmake
-- Up-to-date: /root/ros2_ws2/install/custom_msgs/share/custom_msgs/cmake/custom_msgsConfig.cmake
-- Up-to-date: /root/ros2_ws2/install/custom_msgs/share/custom_msgs/cmake/custom_msgsConfig-version.cmake
-- Up-to-date: /root/ros2_ws2/install/custom_msgs/share/custom_msgs/package.xml
