[0.019s] Invoking command in '/root/ros2_ws2/build/custom_msgs': CMAKE_PREFIX_PATH=${CMAKE_PREFIX_PATH}:/root/ros2_ws2/install/ros_tcp_endpoint:/root/ros2_ws2/install/navigation_unity_package:/opt/ros/humble /usr/bin/cmake --build /root/ros2_ws2/build/custom_msgs -- -j16 -l16
[0.196s] -- Found ament_cmake: 1.3.11 (/opt/ros/humble/share/ament_cmake/cmake)
[0.196s] -- Found geometry_msgs: 4.8.0 (/opt/ros/humble/share/geometry_msgs/cmake)
[0.334s] -- Found rosidl_generator_c: 3.1.6 (/opt/ros/humble/share/rosidl_generator_c/cmake)
[0.337s] -- Found rosidl_adapter: 3.1.6 (/opt/ros/humble/share/rosidl_adapter/cmake)
[0.344s] -- Found rosidl_generator_cpp: 3.1.6 (/opt/ros/humble/share/rosidl_generator_cpp/cmake)
[0.356s] -- Using all available rosidl_typesupport_c: rosidl_typesupport_fastrtps_c;rosidl_typesupport_introspection_c
[0.371s] -- Using all available rosidl_typesupport_cpp: rosidl_typesupport_fastrtps_cpp;rosidl_typesupport_introspection_cpp
[0.411s] -- Found rosidl_default_generators: 1.2.0 (/opt/ros/humble/share/rosidl_default_generators/cmake)
[0.638s] -- Found ament_cmake_ros: 0.10.0 (/opt/ros/humble/share/ament_cmake_ros/cmake)
[0.933s] -- Using all available rosidl_typesupport_c: rosidl_typesupport_fastrtps_c;rosidl_typesupport_introspection_c
[1.043s] -- Using all available rosidl_typesupport_cpp: rosidl_typesupport_fastrtps_cpp;rosidl_typesupport_introspection_cpp
[1.060s] -- Found python_cmake_module: 0.10.0 (/opt/ros/humble/share/python_cmake_module/cmake)
[1.078s] -- Using PYTHON_EXECUTABLE: /usr/bin/python3
[1.078s] -- Using PYTHON_INCLUDE_DIRS: /usr/include/python3.10
[1.078s] -- Using PYTHON_LIBRARIES: /usr/lib/x86_64-linux-gnu/libpython3.10.so
[1.104s] -- Found ament_lint_auto: 0.12.12 (/opt/ros/humble/share/ament_lint_auto/cmake)
[1.121s] -- Added test 'lint_cmake' to check CMake code style
[1.121s] -- Added test 'xmllint' to check XML markup files
[1.125s] -- Configuring done
[1.159s] -- Generating done
[1.168s] -- Build files have been written to: /root/ros2_ws2/build/custom_msgs
[1.185s] [  2%] [34m[1mGenerating C code for ROS interfaces[0m
[1.192s] [  4%] [34m[1mGenerating C++ code for ROS interfaces[0m
[1.196s] [  4%] Built target ament_cmake_python_copy_custom_msgs
[1.393s] running egg_info
[1.394s] writing custom_msgs.egg-info/PKG-INFO
[1.394s] writing dependency_links to custom_msgs.egg-info/dependency_links.txt
[1.394s] writing top-level names to custom_msgs.egg-info/top_level.txt
[1.396s] reading manifest file 'custom_msgs.egg-info/SOURCES.txt'
[1.396s] writing manifest file 'custom_msgs.egg-info/SOURCES.txt'
[1.414s] [  4%] Built target ament_cmake_python_build_custom_msgs_egg
[1.466s] [  4%] Built target custom_msgs__cpp
[1.473s] [ 10%] [34m[1mGenerating C++ type support dispatch for ROS interfaces[0m
[1.473s] [ 10%] [34m[1mGenerating C++ type support for eProsima Fast-RTPS[0m
[1.474s] [ 10%] [34m[1mGenerating C++ introspection for ROS interfaces[0m
[1.520s] [35m[1mConsolidate compiler generated dependencies of target custom_msgs__rosidl_generator_c[0m
[1.528s] [ 12%] [32mBuilding C object CMakeFiles/custom_msgs__rosidl_generator_c.dir/rosidl_generator_c/custom_msgs/msg/detail/agent_target_positions__functions.c.o[0m
[1.528s] [ 14%] [32mBuilding C object CMakeFiles/custom_msgs__rosidl_generator_c.dir/rosidl_generator_c/custom_msgs/msg/detail/agent_target_destinations__functions.c.o[0m
[1.528s] [ 17%] [32mBuilding C object CMakeFiles/custom_msgs__rosidl_generator_c.dir/rosidl_generator_c/custom_msgs/msg/detail/robot_communication_msg__functions.c.o[0m
[1.632s] [ 19%] [32m[1mLinking C shared library libcustom_msgs__rosidl_generator_c.so[0m
[1.686s] [35m[1mConsolidate compiler generated dependencies of target custom_msgs__rosidl_typesupport_cpp[0m
[1.694s] [ 21%] [32mBuilding CXX object CMakeFiles/custom_msgs__rosidl_typesupport_cpp.dir/rosidl_typesupport_cpp/custom_msgs/msg/agent_target_positions__type_support.cpp.o[0m
[1.695s] [ 23%] [32mBuilding CXX object CMakeFiles/custom_msgs__rosidl_typesupport_cpp.dir/rosidl_typesupport_cpp/custom_msgs/msg/robot_communication_msg__type_support.cpp.o[0m
[1.695s] [ 25%] [32mBuilding CXX object CMakeFiles/custom_msgs__rosidl_typesupport_cpp.dir/rosidl_typesupport_cpp/custom_msgs/msg/agent_target_destinations__type_support.cpp.o[0m
[1.713s] [35m[1mConsolidate compiler generated dependencies of target custom_msgs__rosidl_typesupport_introspection_cpp[0m
[1.724s] [ 27%] [32mBuilding CXX object CMakeFiles/custom_msgs__rosidl_typesupport_introspection_cpp.dir/rosidl_typesupport_introspection_cpp/custom_msgs/msg/detail/agent_target_positions__type_support.cpp.o[0m
[1.724s] [ 29%] [32mBuilding CXX object CMakeFiles/custom_msgs__rosidl_typesupport_introspection_cpp.dir/rosidl_typesupport_introspection_cpp/custom_msgs/msg/detail/robot_communication_msg__type_support.cpp.o[0m
[1.725s] [ 31%] [32mBuilding CXX object CMakeFiles/custom_msgs__rosidl_typesupport_introspection_cpp.dir/rosidl_typesupport_introspection_cpp/custom_msgs/msg/detail/agent_target_destinations__type_support.cpp.o[0m
[1.726s] [35m[1mConsolidate compiler generated dependencies of target custom_msgs__rosidl_typesupport_fastrtps_cpp[0m
[1.737s] [ 34%] [32mBuilding CXX object CMakeFiles/custom_msgs__rosidl_typesupport_fastrtps_cpp.dir/rosidl_typesupport_fastrtps_cpp/custom_msgs/msg/detail/dds_fastrtps/robot_communication_msg__type_support.cpp.o[0m
[1.737s] [ 36%] [32mBuilding CXX object CMakeFiles/custom_msgs__rosidl_typesupport_fastrtps_cpp.dir/rosidl_typesupport_fastrtps_cpp/custom_msgs/msg/detail/dds_fastrtps/agent_target_positions__type_support.cpp.o[0m
[1.737s] [ 38%] [32mBuilding CXX object CMakeFiles/custom_msgs__rosidl_typesupport_fastrtps_cpp.dir/rosidl_typesupport_fastrtps_cpp/custom_msgs/msg/detail/dds_fastrtps/agent_target_destinations__type_support.cpp.o[0m
[1.755s] [ 38%] Built target custom_msgs__rosidl_generator_c
[1.764s] [ 40%] [34m[1mGenerating C type support for eProsima Fast-RTPS[0m
[1.765s] [ 42%] [34m[1mGenerating C type support dispatch for ROS interfaces[0m
[1.765s] [ 44%] [34m[1mGenerating C introspection for ROS interfaces[0m
[2.077s] [ 46%] [32m[1mLinking CXX shared library libcustom_msgs__rosidl_typesupport_cpp.so[0m
[2.130s] [35m[1mConsolidate compiler generated dependencies of target custom_msgs__rosidl_typesupport_c[0m
[2.139s] [ 48%] [32mBuilding CXX object CMakeFiles/custom_msgs__rosidl_typesupport_c.dir/rosidl_typesupport_c/custom_msgs/msg/agent_target_positions__type_support.cpp.o[0m
[2.141s] [ 53%] [32mBuilding CXX object CMakeFiles/custom_msgs__rosidl_typesupport_c.dir/rosidl_typesupport_c/custom_msgs/msg/robot_communication_msg__type_support.cpp.o[0m
[2.141s] [ 53%] [32mBuilding CXX object CMakeFiles/custom_msgs__rosidl_typesupport_c.dir/rosidl_typesupport_c/custom_msgs/msg/agent_target_destinations__type_support.cpp.o[0m
[2.179s] [35m[1mConsolidate compiler generated dependencies of target custom_msgs__rosidl_typesupport_introspection_c[0m
[2.182s] [ 55%] [32m[1mLinking CXX shared library libcustom_msgs__rosidl_typesupport_c.so[0m
[2.191s] [ 59%] [32mBuilding C object CMakeFiles/custom_msgs__rosidl_typesupport_introspection_c.dir/rosidl_typesupport_introspection_c/custom_msgs/msg/detail/agent_target_positions__type_support.c.o[0m
[2.191s] [ 61%] [32mBuilding C object CMakeFiles/custom_msgs__rosidl_typesupport_introspection_c.dir/rosidl_typesupport_introspection_c/custom_msgs/msg/detail/agent_target_destinations__type_support.c.o[0m
[2.191s] [ 61%] [32mBuilding C object CMakeFiles/custom_msgs__rosidl_typesupport_introspection_c.dir/rosidl_typesupport_introspection_c/custom_msgs/msg/detail/robot_communication_msg__type_support.c.o[0m
[2.204s] [35m[1mConsolidate compiler generated dependencies of target custom_msgs__rosidl_typesupport_fastrtps_c[0m
[2.218s] [ 63%] [32mBuilding CXX object CMakeFiles/custom_msgs__rosidl_typesupport_fastrtps_c.dir/rosidl_typesupport_fastrtps_c/custom_msgs/msg/detail/agent_target_destinations__type_support_c.cpp.o[0m
[2.218s] [ 65%] [32mBuilding CXX object CMakeFiles/custom_msgs__rosidl_typesupport_fastrtps_c.dir/rosidl_typesupport_fastrtps_c/custom_msgs/msg/detail/agent_target_positions__type_support_c.cpp.o[0m
[2.228s] [ 68%] [32mBuilding CXX object CMakeFiles/custom_msgs__rosidl_typesupport_fastrtps_c.dir/rosidl_typesupport_fastrtps_c/custom_msgs/msg/detail/robot_communication_msg__type_support_c.cpp.o[0m
[2.239s] [ 70%] [32m[1mLinking C shared library libcustom_msgs__rosidl_typesupport_introspection_c.so[0m
[2.250s] [ 70%] Built target custom_msgs__rosidl_typesupport_cpp
[2.309s] [ 72%] [32m[1mLinking CXX shared library libcustom_msgs__rosidl_typesupport_introspection_cpp.so[0m
[2.326s] [ 72%] Built target custom_msgs__rosidl_typesupport_c
[2.354s] [ 74%] [32m[1mLinking CXX shared library libcustom_msgs__rosidl_typesupport_fastrtps_cpp.so[0m
[2.366s] [ 74%] Built target custom_msgs__rosidl_typesupport_introspection_c
[2.477s] [ 74%] Built target custom_msgs__rosidl_typesupport_introspection_cpp
[2.518s] [ 74%] Built target custom_msgs__rosidl_typesupport_fastrtps_cpp
[2.533s] [ 76%] [32m[1mLinking CXX shared library libcustom_msgs__rosidl_typesupport_fastrtps_c.so[0m
[2.698s] [ 76%] Built target custom_msgs__rosidl_typesupport_fastrtps_c
[2.711s] [ 76%] Built target custom_msgs
[2.723s] [ 78%] [34m[1mGenerating Python code for ROS interfaces[0m
[3.094s] [ 78%] Built target custom_msgs__py
[3.100s] [35m[1mConsolidate compiler generated dependencies of target custom_msgs__rosidl_generator_py[0m
[3.108s] [ 80%] [32mBuilding C object CMakeFiles/custom_msgs__rosidl_generator_py.dir/rosidl_generator_py/custom_msgs/msg/_agent_target_positions_s.c.o[0m
[3.108s] [ 82%] [32mBuilding C object CMakeFiles/custom_msgs__rosidl_generator_py.dir/rosidl_generator_py/custom_msgs/msg/_agent_target_destinations_s.c.o[0m
[3.109s] [ 85%] [32mBuilding C object CMakeFiles/custom_msgs__rosidl_generator_py.dir/rosidl_generator_py/custom_msgs/msg/_robot_communication_msg_s.c.o[0m
[3.224s] [ 87%] [32m[1mLinking C shared library rosidl_generator_py/custom_msgs/libcustom_msgs__rosidl_generator_py.so[0m
[3.339s] [ 87%] Built target custom_msgs__rosidl_generator_py
[3.346s] [35m[1mConsolidate compiler generated dependencies of target custom_msgs__rosidl_typesupport_fastrtps_c__pyext[0m
[3.346s] [35m[1mConsolidate compiler generated dependencies of target custom_msgs__rosidl_typesupport_introspection_c__pyext[0m
[3.346s] [35m[1mConsolidate compiler generated dependencies of target custom_msgs__rosidl_typesupport_c__pyext[0m
[3.353s] [ 89%] [32mBuilding C object CMakeFiles/custom_msgs__rosidl_typesupport_fastrtps_c__pyext.dir/rosidl_generator_py/custom_msgs/_custom_msgs_s.ep.rosidl_typesupport_fastrtps_c.c.o[0m
[3.353s] [ 91%] [32mBuilding C object CMakeFiles/custom_msgs__rosidl_typesupport_c__pyext.dir/rosidl_generator_py/custom_msgs/_custom_msgs_s.ep.rosidl_typesupport_c.c.o[0m
[3.353s] [ 93%] [32mBuilding C object CMakeFiles/custom_msgs__rosidl_typesupport_introspection_c__pyext.dir/rosidl_generator_py/custom_msgs/_custom_msgs_s.ep.rosidl_typesupport_introspection_c.c.o[0m
[3.423s] [100%] [32m[1mLinking C shared library rosidl_generator_py/custom_msgs/custom_msgs_s__rosidl_typesupport_fastrtps_c.cpython-310-x86_64-linux-gnu.so[0m
[3.424s] [100%] [32m[1mLinking C shared library rosidl_generator_py/custom_msgs/custom_msgs_s__rosidl_typesupport_introspection_c.cpython-310-x86_64-linux-gnu.so[0m
[3.424s] [100%] [32m[1mLinking C shared library rosidl_generator_py/custom_msgs/custom_msgs_s__rosidl_typesupport_c.cpython-310-x86_64-linux-gnu.so[0m
[3.507s] [100%] Built target custom_msgs__rosidl_typesupport_fastrtps_c__pyext
[3.507s] [100%] Built target custom_msgs__rosidl_typesupport_c__pyext
[3.547s] [100%] Built target custom_msgs__rosidl_typesupport_introspection_c__pyext
[3.556s] Invoked command in '/root/ros2_ws2/build/custom_msgs' returned '0': CMAKE_PREFIX_PATH=${CMAKE_PREFIX_PATH}:/root/ros2_ws2/install/ros_tcp_endpoint:/root/ros2_ws2/install/navigation_unity_package:/opt/ros/humble /usr/bin/cmake --build /root/ros2_ws2/build/custom_msgs -- -j16 -l16
[3.562s] Invoking command in '/root/ros2_ws2/build/custom_msgs': CMAKE_PREFIX_PATH=${CMAKE_PREFIX_PATH}:/root/ros2_ws2/install/ros_tcp_endpoint:/root/ros2_ws2/install/navigation_unity_package:/opt/ros/humble /usr/bin/cmake --install /root/ros2_ws2/build/custom_msgs
[3.566s] -- Install configuration: ""
[3.567s] -- Installing: /root/ros2_ws2/install/custom_msgs/share/ament_index/resource_index/rosidl_interfaces/custom_msgs
[3.567s] -- Up-to-date: /root/ros2_ws2/install/custom_msgs/include/custom_msgs/custom_msgs
[3.567s] -- Up-to-date: /root/ros2_ws2/install/custom_msgs/include/custom_msgs/custom_msgs/msg
[3.567s] -- Up-to-date: /root/ros2_ws2/install/custom_msgs/include/custom_msgs/custom_msgs/msg/rosidl_generator_c__visibility_control.h
[3.567s] -- Installing: /root/ros2_ws2/install/custom_msgs/include/custom_msgs/custom_msgs/msg/robot_communication_msg.h
[3.567s] -- Installing: /root/ros2_ws2/install/custom_msgs/include/custom_msgs/custom_msgs/msg/agent_target_positions.h
[3.567s] -- Installing: /root/ros2_ws2/install/custom_msgs/include/custom_msgs/custom_msgs/msg/agent_target_destinations.h
[3.567s] -- Up-to-date: /root/ros2_ws2/install/custom_msgs/include/custom_msgs/custom_msgs/msg/robot_communication.h
[3.567s] -- Up-to-date: /root/ros2_ws2/install/custom_msgs/include/custom_msgs/custom_msgs/msg/detail
[3.568s] -- Up-to-date: /root/ros2_ws2/install/custom_msgs/include/custom_msgs/custom_msgs/msg/detail/robot_communication__type_support.h
[3.568s] -- Installing: /root/ros2_ws2/install/custom_msgs/include/custom_msgs/custom_msgs/msg/detail/robot_communication_msg__functions.c
[3.568s] -- Up-to-date: /root/ros2_ws2/install/custom_msgs/include/custom_msgs/custom_msgs/msg/detail/robot_communication__struct.h
[3.568s] -- Installing: /root/ros2_ws2/install/custom_msgs/include/custom_msgs/custom_msgs/msg/detail/agent_target_positions__type_support.h
[3.568s] -- Installing: /root/ros2_ws2/install/custom_msgs/include/custom_msgs/custom_msgs/msg/detail/robot_communication_msg__struct.h
[3.568s] -- Installing: /root/ros2_ws2/install/custom_msgs/include/custom_msgs/custom_msgs/msg/detail/robot_communication_msg__type_support.h
[3.568s] -- Installing: /root/ros2_ws2/install/custom_msgs/include/custom_msgs/custom_msgs/msg/detail/agent_target_destinations__functions.h
[3.568s] -- Installing: /root/ros2_ws2/install/custom_msgs/include/custom_msgs/custom_msgs/msg/detail/agent_target_positions__struct.h
[3.568s] -- Up-to-date: /root/ros2_ws2/install/custom_msgs/include/custom_msgs/custom_msgs/msg/detail/robot_communication__functions.h
[3.568s] -- Installing: /root/ros2_ws2/install/custom_msgs/include/custom_msgs/custom_msgs/msg/detail/agent_target_destinations__struct.h
[3.569s] -- Installing: /root/ros2_ws2/install/custom_msgs/include/custom_msgs/custom_msgs/msg/detail/agent_target_destinations__functions.c
[3.569s] -- Installing: /root/ros2_ws2/install/custom_msgs/include/custom_msgs/custom_msgs/msg/detail/agent_target_destinations__type_support.h
[3.569s] -- Up-to-date: /root/ros2_ws2/install/custom_msgs/include/custom_msgs/custom_msgs/msg/detail/robot_communication__functions.c
[3.569s] -- Installing: /root/ros2_ws2/install/custom_msgs/include/custom_msgs/custom_msgs/msg/detail/robot_communication_msg__functions.h
[3.569s] -- Installing: /root/ros2_ws2/install/custom_msgs/include/custom_msgs/custom_msgs/msg/detail/agent_target_positions__functions.h
[3.569s] -- Installing: /root/ros2_ws2/install/custom_msgs/include/custom_msgs/custom_msgs/msg/detail/agent_target_positions__functions.c
[3.569s] -- Up-to-date: /root/ros2_ws2/install/custom_msgs/share/custom_msgs/environment/library_path.sh
[3.569s] -- Installing: /root/ros2_ws2/install/custom_msgs/share/custom_msgs/environment/library_path.dsv
[3.569s] -- Installing: /root/ros2_ws2/install/custom_msgs/lib/libcustom_msgs__rosidl_generator_c.so
[3.569s] -- Set runtime path of "/root/ros2_ws2/install/custom_msgs/lib/libcustom_msgs__rosidl_generator_c.so" to ""
[3.569s] -- Up-to-date: /root/ros2_ws2/install/custom_msgs/include/custom_msgs/custom_msgs
[3.569s] -- Up-to-date: /root/ros2_ws2/install/custom_msgs/include/custom_msgs/custom_msgs/msg
[3.569s] -- Up-to-date: /root/ros2_ws2/install/custom_msgs/include/custom_msgs/custom_msgs/msg/rosidl_typesupport_fastrtps_c__visibility_control.h
[3.570s] -- Up-to-date: /root/ros2_ws2/install/custom_msgs/include/custom_msgs/custom_msgs/msg/detail
[3.570s] -- Installing: /root/ros2_ws2/install/custom_msgs/include/custom_msgs/custom_msgs/msg/detail/agent_target_positions__rosidl_typesupport_fastrtps_c.h
[3.570s] -- Up-to-date: /root/ros2_ws2/install/custom_msgs/include/custom_msgs/custom_msgs/msg/detail/robot_communication__rosidl_typesupport_fastrtps_c.h
[3.570s] -- Installing: /root/ros2_ws2/install/custom_msgs/include/custom_msgs/custom_msgs/msg/detail/agent_target_destinations__rosidl_typesupport_fastrtps_c.h
[3.570s] -- Installing: /root/ros2_ws2/install/custom_msgs/include/custom_msgs/custom_msgs/msg/detail/robot_communication_msg__rosidl_typesupport_fastrtps_c.h
[3.570s] -- Installing: /root/ros2_ws2/install/custom_msgs/lib/libcustom_msgs__rosidl_typesupport_fastrtps_c.so
[3.570s] -- Set runtime path of "/root/ros2_ws2/install/custom_msgs/lib/libcustom_msgs__rosidl_typesupport_fastrtps_c.so" to ""
[3.570s] -- Up-to-date: /root/ros2_ws2/install/custom_msgs/include/custom_msgs/custom_msgs
[3.570s] -- Up-to-date: /root/ros2_ws2/install/custom_msgs/include/custom_msgs/custom_msgs/msg
[3.570s] -- Installing: /root/ros2_ws2/install/custom_msgs/include/custom_msgs/custom_msgs/msg/agent_target_positions.hpp
[3.571s] -- Installing: /root/ros2_ws2/install/custom_msgs/include/custom_msgs/custom_msgs/msg/agent_target_destinations.hpp
[3.571s] -- Up-to-date: /root/ros2_ws2/install/custom_msgs/include/custom_msgs/custom_msgs/msg/rosidl_generator_cpp__visibility_control.hpp
[3.571s] -- Installing: /root/ros2_ws2/install/custom_msgs/include/custom_msgs/custom_msgs/msg/robot_communication_msg.hpp
[3.571s] -- Up-to-date: /root/ros2_ws2/install/custom_msgs/include/custom_msgs/custom_msgs/msg/robot_communication.hpp
[3.571s] -- Up-to-date: /root/ros2_ws2/install/custom_msgs/include/custom_msgs/custom_msgs/msg/detail
[3.571s] -- Installing: /root/ros2_ws2/install/custom_msgs/include/custom_msgs/custom_msgs/msg/detail/robot_communication_msg__builder.hpp
[3.571s] -- Up-to-date: /root/ros2_ws2/install/custom_msgs/include/custom_msgs/custom_msgs/msg/detail/robot_communication__type_support.hpp
[3.571s] -- Installing: /root/ros2_ws2/install/custom_msgs/include/custom_msgs/custom_msgs/msg/detail/robot_communication_msg__struct.hpp
[3.572s] -- Up-to-date: /root/ros2_ws2/install/custom_msgs/include/custom_msgs/custom_msgs/msg/detail/robot_communication__traits.hpp
[3.572s] -- Installing: /root/ros2_ws2/install/custom_msgs/include/custom_msgs/custom_msgs/msg/detail/agent_target_destinations__struct.hpp
[3.572s] -- Installing: /root/ros2_ws2/install/custom_msgs/include/custom_msgs/custom_msgs/msg/detail/agent_target_destinations__type_support.hpp
[3.572s] -- Installing: /root/ros2_ws2/install/custom_msgs/include/custom_msgs/custom_msgs/msg/detail/agent_target_destinations__traits.hpp
[3.572s] -- Up-to-date: /root/ros2_ws2/install/custom_msgs/include/custom_msgs/custom_msgs/msg/detail/robot_communication__struct.hpp
[3.572s] -- Installing: /root/ros2_ws2/install/custom_msgs/include/custom_msgs/custom_msgs/msg/detail/agent_target_destinations__builder.hpp
[3.572s] -- Installing: /root/ros2_ws2/install/custom_msgs/include/custom_msgs/custom_msgs/msg/detail/agent_target_positions__builder.hpp
[3.572s] -- Installing: /root/ros2_ws2/install/custom_msgs/include/custom_msgs/custom_msgs/msg/detail/agent_target_positions__struct.hpp
[3.572s] -- Installing: /root/ros2_ws2/install/custom_msgs/include/custom_msgs/custom_msgs/msg/detail/robot_communication_msg__traits.hpp
[3.573s] -- Up-to-date: /root/ros2_ws2/install/custom_msgs/include/custom_msgs/custom_msgs/msg/detail/robot_communication__builder.hpp
[3.573s] -- Installing: /root/ros2_ws2/install/custom_msgs/include/custom_msgs/custom_msgs/msg/detail/robot_communication_msg__type_support.hpp
[3.573s] -- Installing: /root/ros2_ws2/install/custom_msgs/include/custom_msgs/custom_msgs/msg/detail/agent_target_positions__type_support.hpp
[3.573s] -- Installing: /root/ros2_ws2/install/custom_msgs/include/custom_msgs/custom_msgs/msg/detail/agent_target_positions__traits.hpp
[3.573s] -- Up-to-date: /root/ros2_ws2/install/custom_msgs/include/custom_msgs/custom_msgs
[3.573s] -- Up-to-date: /root/ros2_ws2/install/custom_msgs/include/custom_msgs/custom_msgs/msg
[3.573s] -- Up-to-date: /root/ros2_ws2/install/custom_msgs/include/custom_msgs/custom_msgs/msg/rosidl_typesupport_fastrtps_cpp__visibility_control.h
[3.573s] -- Up-to-date: /root/ros2_ws2/install/custom_msgs/include/custom_msgs/custom_msgs/msg/detail
[3.573s] -- Installing: /root/ros2_ws2/install/custom_msgs/include/custom_msgs/custom_msgs/msg/detail/agent_target_positions__rosidl_typesupport_fastrtps_cpp.hpp
[3.573s] -- Up-to-date: /root/ros2_ws2/install/custom_msgs/include/custom_msgs/custom_msgs/msg/detail/robot_communication__rosidl_typesupport_fastrtps_cpp.hpp
[3.574s] -- Up-to-date: /root/ros2_ws2/install/custom_msgs/include/custom_msgs/custom_msgs/msg/detail/dds_fastrtps
[3.574s] -- Installing: /root/ros2_ws2/install/custom_msgs/include/custom_msgs/custom_msgs/msg/detail/robot_communication_msg__rosidl_typesupport_fastrtps_cpp.hpp
[3.574s] -- Installing: /root/ros2_ws2/install/custom_msgs/include/custom_msgs/custom_msgs/msg/detail/agent_target_destinations__rosidl_typesupport_fastrtps_cpp.hpp
[3.574s] -- Installing: /root/ros2_ws2/install/custom_msgs/lib/libcustom_msgs__rosidl_typesupport_fastrtps_cpp.so
[3.574s] -- Set runtime path of "/root/ros2_ws2/install/custom_msgs/lib/libcustom_msgs__rosidl_typesupport_fastrtps_cpp.so" to ""
[3.574s] -- Up-to-date: /root/ros2_ws2/install/custom_msgs/include/custom_msgs/custom_msgs
[3.574s] -- Up-to-date: /root/ros2_ws2/install/custom_msgs/include/custom_msgs/custom_msgs/msg
[3.575s] -- Up-to-date: /root/ros2_ws2/install/custom_msgs/include/custom_msgs/custom_msgs/msg/rosidl_typesupport_introspection_c__visibility_control.h
[3.575s] -- Up-to-date: /root/ros2_ws2/install/custom_msgs/include/custom_msgs/custom_msgs/msg/detail
[3.575s] -- Up-to-date: /root/ros2_ws2/install/custom_msgs/include/custom_msgs/custom_msgs/msg/detail/robot_communication__type_support.c
[3.575s] -- Installing: /root/ros2_ws2/install/custom_msgs/include/custom_msgs/custom_msgs/msg/detail/robot_communication_msg__rosidl_typesupport_introspection_c.h
[3.575s] -- Up-to-date: /root/ros2_ws2/install/custom_msgs/include/custom_msgs/custom_msgs/msg/detail/robot_communication__rosidl_typesupport_introspection_c.h
[3.575s] -- Installing: /root/ros2_ws2/install/custom_msgs/include/custom_msgs/custom_msgs/msg/detail/robot_communication_msg__type_support.c
[3.575s] -- Installing: /root/ros2_ws2/install/custom_msgs/include/custom_msgs/custom_msgs/msg/detail/agent_target_destinations__rosidl_typesupport_introspection_c.h
[3.575s] -- Installing: /root/ros2_ws2/install/custom_msgs/include/custom_msgs/custom_msgs/msg/detail/agent_target_destinations__type_support.c
[3.575s] -- Installing: /root/ros2_ws2/install/custom_msgs/include/custom_msgs/custom_msgs/msg/detail/agent_target_positions__type_support.c
[3.576s] -- Installing: /root/ros2_ws2/install/custom_msgs/include/custom_msgs/custom_msgs/msg/detail/agent_target_positions__rosidl_typesupport_introspection_c.h
[3.576s] -- Installing: /root/ros2_ws2/install/custom_msgs/lib/libcustom_msgs__rosidl_typesupport_introspection_c.so
[3.576s] -- Set runtime path of "/root/ros2_ws2/install/custom_msgs/lib/libcustom_msgs__rosidl_typesupport_introspection_c.so" to ""
[3.576s] -- Installing: /root/ros2_ws2/install/custom_msgs/lib/libcustom_msgs__rosidl_typesupport_c.so
[3.576s] -- Set runtime path of "/root/ros2_ws2/install/custom_msgs/lib/libcustom_msgs__rosidl_typesupport_c.so" to ""
[3.576s] -- Up-to-date: /root/ros2_ws2/install/custom_msgs/include/custom_msgs/custom_msgs
[3.576s] -- Up-to-date: /root/ros2_ws2/install/custom_msgs/include/custom_msgs/custom_msgs/msg
[3.576s] -- Up-to-date: /root/ros2_ws2/install/custom_msgs/include/custom_msgs/custom_msgs/msg/detail
[3.576s] -- Installing: /root/ros2_ws2/install/custom_msgs/include/custom_msgs/custom_msgs/msg/detail/robot_communication_msg__type_support.cpp
[3.576s] -- Installing: /root/ros2_ws2/install/custom_msgs/include/custom_msgs/custom_msgs/msg/detail/agent_target_positions__type_support.cpp
[3.577s] -- Up-to-date: /root/ros2_ws2/install/custom_msgs/include/custom_msgs/custom_msgs/msg/detail/robot_communication__type_support.cpp
[3.577s] -- Installing: /root/ros2_ws2/install/custom_msgs/include/custom_msgs/custom_msgs/msg/detail/robot_communication_msg__rosidl_typesupport_introspection_cpp.hpp
[3.577s] -- Installing: /root/ros2_ws2/install/custom_msgs/include/custom_msgs/custom_msgs/msg/detail/agent_target_destinations__type_support.cpp
[3.577s] -- Up-to-date: /root/ros2_ws2/install/custom_msgs/include/custom_msgs/custom_msgs/msg/detail/robot_communication__rosidl_typesupport_introspection_cpp.hpp
[3.577s] -- Installing: /root/ros2_ws2/install/custom_msgs/include/custom_msgs/custom_msgs/msg/detail/agent_target_positions__rosidl_typesupport_introspection_cpp.hpp
[3.577s] -- Installing: /root/ros2_ws2/install/custom_msgs/include/custom_msgs/custom_msgs/msg/detail/agent_target_destinations__rosidl_typesupport_introspection_cpp.hpp
[3.577s] -- Installing: /root/ros2_ws2/install/custom_msgs/lib/libcustom_msgs__rosidl_typesupport_introspection_cpp.so
[3.577s] -- Set runtime path of "/root/ros2_ws2/install/custom_msgs/lib/libcustom_msgs__rosidl_typesupport_introspection_cpp.so" to ""
[3.577s] -- Installing: /root/ros2_ws2/install/custom_msgs/lib/libcustom_msgs__rosidl_typesupport_cpp.so
[3.577s] -- Set runtime path of "/root/ros2_ws2/install/custom_msgs/lib/libcustom_msgs__rosidl_typesupport_cpp.so" to ""
[3.577s] -- Up-to-date: /root/ros2_ws2/install/custom_msgs/share/custom_msgs/environment/pythonpath.sh
[3.577s] -- Installing: /root/ros2_ws2/install/custom_msgs/share/custom_msgs/environment/pythonpath.dsv
[3.577s] -- Up-to-date: /root/ros2_ws2/install/custom_msgs/local/lib/python3.10/dist-packages/custom_msgs-0.0.0-py3.10.egg-info
[3.577s] -- Installing: /root/ros2_ws2/install/custom_msgs/local/lib/python3.10/dist-packages/custom_msgs-0.0.0-py3.10.egg-info/dependency_links.txt
[3.577s] -- Installing: /root/ros2_ws2/install/custom_msgs/local/lib/python3.10/dist-packages/custom_msgs-0.0.0-py3.10.egg-info/top_level.txt
[3.577s] -- Installing: /root/ros2_ws2/install/custom_msgs/local/lib/python3.10/dist-packages/custom_msgs-0.0.0-py3.10.egg-info/SOURCES.txt
[3.577s] -- Installing: /root/ros2_ws2/install/custom_msgs/local/lib/python3.10/dist-packages/custom_msgs-0.0.0-py3.10.egg-info/PKG-INFO
[3.577s] -- Up-to-date: /root/ros2_ws2/install/custom_msgs/local/lib/python3.10/dist-packages/custom_msgs
[3.577s] -- Installing: /root/ros2_ws2/install/custom_msgs/local/lib/python3.10/dist-packages/custom_msgs/custom_msgs_s__rosidl_typesupport_c.cpython-310-x86_64-linux-gnu.so
[3.577s] -- Installing: /root/ros2_ws2/install/custom_msgs/local/lib/python3.10/dist-packages/custom_msgs/__init__.py
[3.578s] -- Installing: /root/ros2_ws2/install/custom_msgs/local/lib/python3.10/dist-packages/custom_msgs/custom_msgs_s__rosidl_typesupport_fastrtps_c.cpython-310-x86_64-linux-gnu.so
[3.578s] -- Installing: /root/ros2_ws2/install/custom_msgs/local/lib/python3.10/dist-packages/custom_msgs/custom_msgs_s__rosidl_typesupport_introspection_c.cpython-310-x86_64-linux-gnu.so
[3.578s] -- Installing: /root/ros2_ws2/install/custom_msgs/local/lib/python3.10/dist-packages/custom_msgs/_custom_msgs_s.ep.rosidl_typesupport_introspection_c.c
[3.578s] -- Up-to-date: /root/ros2_ws2/install/custom_msgs/local/lib/python3.10/dist-packages/custom_msgs/msg
[3.578s] -- Installing: /root/ros2_ws2/install/custom_msgs/local/lib/python3.10/dist-packages/custom_msgs/msg/__init__.py
[3.578s] -- Installing: /root/ros2_ws2/install/custom_msgs/local/lib/python3.10/dist-packages/custom_msgs/msg/_robot_communication_msg_s.c
[3.578s] -- Installing: /root/ros2_ws2/install/custom_msgs/local/lib/python3.10/dist-packages/custom_msgs/msg/_robot_communication_msg.py
[3.578s] -- Installing: /root/ros2_ws2/install/custom_msgs/local/lib/python3.10/dist-packages/custom_msgs/msg/_agent_target_destinations.py
[3.578s] -- Installing: /root/ros2_ws2/install/custom_msgs/local/lib/python3.10/dist-packages/custom_msgs/msg/_agent_target_positions.py
[3.578s] -- Up-to-date: /root/ros2_ws2/install/custom_msgs/local/lib/python3.10/dist-packages/custom_msgs/msg/_robot_communication_s.c
[3.578s] -- Installing: /root/ros2_ws2/install/custom_msgs/local/lib/python3.10/dist-packages/custom_msgs/msg/_agent_target_destinations_s.c
[3.578s] -- Up-to-date: /root/ros2_ws2/install/custom_msgs/local/lib/python3.10/dist-packages/custom_msgs/msg/_robot_communication.py
[3.578s] -- Installing: /root/ros2_ws2/install/custom_msgs/local/lib/python3.10/dist-packages/custom_msgs/msg/_agent_target_positions_s.c
[3.578s] -- Installing: /root/ros2_ws2/install/custom_msgs/local/lib/python3.10/dist-packages/custom_msgs/_custom_msgs_s.ep.rosidl_typesupport_fastrtps_c.c
[3.578s] -- Installing: /root/ros2_ws2/install/custom_msgs/local/lib/python3.10/dist-packages/custom_msgs/libcustom_msgs__rosidl_generator_py.so
[3.578s] -- Installing: /root/ros2_ws2/install/custom_msgs/local/lib/python3.10/dist-packages/custom_msgs/_custom_msgs_s.ep.rosidl_typesupport_c.c
[3.604s] Listing '/root/ros2_ws2/install/custom_msgs/local/lib/python3.10/dist-packages/custom_msgs'...
[3.604s] Compiling '/root/ros2_ws2/install/custom_msgs/local/lib/python3.10/dist-packages/custom_msgs/__init__.py'...
[3.604s] Listing '/root/ros2_ws2/install/custom_msgs/local/lib/python3.10/dist-packages/custom_msgs/msg'...
[3.604s] Compiling '/root/ros2_ws2/install/custom_msgs/local/lib/python3.10/dist-packages/custom_msgs/msg/__init__.py'...
[3.604s] Compiling '/root/ros2_ws2/install/custom_msgs/local/lib/python3.10/dist-packages/custom_msgs/msg/_agent_target_destinations.py'...
[3.604s] Compiling '/root/ros2_ws2/install/custom_msgs/local/lib/python3.10/dist-packages/custom_msgs/msg/_agent_target_positions.py'...
[3.604s] Compiling '/root/ros2_ws2/install/custom_msgs/local/lib/python3.10/dist-packages/custom_msgs/msg/_robot_communication_msg.py'...
[3.607s] -- Installing: /root/ros2_ws2/install/custom_msgs/local/lib/python3.10/dist-packages/custom_msgs/custom_msgs_s__rosidl_typesupport_fastrtps_c.cpython-310-x86_64-linux-gnu.so
[3.608s] -- Set runtime path of "/root/ros2_ws2/install/custom_msgs/local/lib/python3.10/dist-packages/custom_msgs/custom_msgs_s__rosidl_typesupport_fastrtps_c.cpython-310-x86_64-linux-gnu.so" to ""
[3.608s] -- Installing: /root/ros2_ws2/install/custom_msgs/local/lib/python3.10/dist-packages/custom_msgs/custom_msgs_s__rosidl_typesupport_introspection_c.cpython-310-x86_64-linux-gnu.so
[3.608s] -- Set runtime path of "/root/ros2_ws2/install/custom_msgs/local/lib/python3.10/dist-packages/custom_msgs/custom_msgs_s__rosidl_typesupport_introspection_c.cpython-310-x86_64-linux-gnu.so" to ""
[3.608s] -- Installing: /root/ros2_ws2/install/custom_msgs/local/lib/python3.10/dist-packages/custom_msgs/custom_msgs_s__rosidl_typesupport_c.cpython-310-x86_64-linux-gnu.so
[3.608s] -- Set runtime path of "/root/ros2_ws2/install/custom_msgs/local/lib/python3.10/dist-packages/custom_msgs/custom_msgs_s__rosidl_typesupport_c.cpython-310-x86_64-linux-gnu.so" to ""
[3.608s] -- Installing: /root/ros2_ws2/install/custom_msgs/lib/libcustom_msgs__rosidl_generator_py.so
[3.608s] -- Set runtime path of "/root/ros2_ws2/install/custom_msgs/lib/libcustom_msgs__rosidl_generator_py.so" to ""
[3.608s] -- Up-to-date: /root/ros2_ws2/install/custom_msgs/share/custom_msgs/msg/AgentTargetPositions.idl
[3.608s] -- Up-to-date: /root/ros2_ws2/install/custom_msgs/share/custom_msgs/msg/AgentTargetDestinations.idl
[3.609s] -- Installing: /root/ros2_ws2/install/custom_msgs/share/custom_msgs/msg/RobotCommunicationMsg.idl
[3.609s] -- Up-to-date: /root/ros2_ws2/install/custom_msgs/share/custom_msgs/msg/AgentTargetPositions.msg
[3.609s] -- Up-to-date: /root/ros2_ws2/install/custom_msgs/share/custom_msgs/msg/AgentTargetDestinations.msg
[3.609s] -- Installing: /root/ros2_ws2/install/custom_msgs/share/custom_msgs/msg/RobotCommunicationMsg.msg
[3.609s] -- Up-to-date: /root/ros2_ws2/install/custom_msgs/share/ament_index/resource_index/package_run_dependencies/custom_msgs
[3.609s] -- Up-to-date: /root/ros2_ws2/install/custom_msgs/share/ament_index/resource_index/parent_prefix_path/custom_msgs
[3.610s] -- Up-to-date: /root/ros2_ws2/install/custom_msgs/share/custom_msgs/environment/ament_prefix_path.sh
[3.610s] -- Installing: /root/ros2_ws2/install/custom_msgs/share/custom_msgs/environment/ament_prefix_path.dsv
[3.610s] -- Up-to-date: /root/ros2_ws2/install/custom_msgs/share/custom_msgs/environment/path.sh
[3.610s] -- Installing: /root/ros2_ws2/install/custom_msgs/share/custom_msgs/environment/path.dsv
[3.610s] -- Up-to-date: /root/ros2_ws2/install/custom_msgs/share/custom_msgs/local_setup.bash
[3.610s] -- Up-to-date: /root/ros2_ws2/install/custom_msgs/share/custom_msgs/local_setup.sh
[3.610s] -- Up-to-date: /root/ros2_ws2/install/custom_msgs/share/custom_msgs/local_setup.zsh
[3.610s] -- Installing: /root/ros2_ws2/install/custom_msgs/share/custom_msgs/local_setup.dsv
[3.611s] -- Installing: /root/ros2_ws2/install/custom_msgs/share/custom_msgs/package.dsv
[3.611s] -- Up-to-date: /root/ros2_ws2/install/custom_msgs/share/ament_index/resource_index/packages/custom_msgs
[3.611s] -- Up-to-date: /root/ros2_ws2/install/custom_msgs/share/custom_msgs/cmake/export_custom_msgs__rosidl_generator_cExport.cmake
[3.611s] -- Up-to-date: /root/ros2_ws2/install/custom_msgs/share/custom_msgs/cmake/export_custom_msgs__rosidl_generator_cExport-noconfig.cmake
[3.611s] -- Up-to-date: /root/ros2_ws2/install/custom_msgs/share/custom_msgs/cmake/export_custom_msgs__rosidl_typesupport_fastrtps_cExport.cmake
[3.611s] -- Up-to-date: /root/ros2_ws2/install/custom_msgs/share/custom_msgs/cmake/export_custom_msgs__rosidl_typesupport_fastrtps_cExport-noconfig.cmake
[3.611s] -- Up-to-date: /root/ros2_ws2/install/custom_msgs/share/custom_msgs/cmake/export_custom_msgs__rosidl_generator_cppExport.cmake
[3.611s] -- Up-to-date: /root/ros2_ws2/install/custom_msgs/share/custom_msgs/cmake/export_custom_msgs__rosidl_typesupport_fastrtps_cppExport.cmake
[3.611s] -- Up-to-date: /root/ros2_ws2/install/custom_msgs/share/custom_msgs/cmake/export_custom_msgs__rosidl_typesupport_fastrtps_cppExport-noconfig.cmake
[3.611s] -- Up-to-date: /root/ros2_ws2/install/custom_msgs/share/custom_msgs/cmake/custom_msgs__rosidl_typesupport_introspection_cExport.cmake
[3.611s] -- Up-to-date: /root/ros2_ws2/install/custom_msgs/share/custom_msgs/cmake/custom_msgs__rosidl_typesupport_introspection_cExport-noconfig.cmake
[3.611s] -- Up-to-date: /root/ros2_ws2/install/custom_msgs/share/custom_msgs/cmake/custom_msgs__rosidl_typesupport_cExport.cmake
[3.612s] -- Up-to-date: /root/ros2_ws2/install/custom_msgs/share/custom_msgs/cmake/custom_msgs__rosidl_typesupport_cExport-noconfig.cmake
[3.612s] -- Up-to-date: /root/ros2_ws2/install/custom_msgs/share/custom_msgs/cmake/custom_msgs__rosidl_typesupport_introspection_cppExport.cmake
[3.612s] -- Up-to-date: /root/ros2_ws2/install/custom_msgs/share/custom_msgs/cmake/custom_msgs__rosidl_typesupport_introspection_cppExport-noconfig.cmake
[3.612s] -- Up-to-date: /root/ros2_ws2/install/custom_msgs/share/custom_msgs/cmake/custom_msgs__rosidl_typesupport_cppExport.cmake
[3.612s] -- Up-to-date: /root/ros2_ws2/install/custom_msgs/share/custom_msgs/cmake/custom_msgs__rosidl_typesupport_cppExport-noconfig.cmake
[3.612s] -- Up-to-date: /root/ros2_ws2/install/custom_msgs/share/custom_msgs/cmake/export_custom_msgs__rosidl_generator_pyExport.cmake
[3.613s] -- Up-to-date: /root/ros2_ws2/install/custom_msgs/share/custom_msgs/cmake/export_custom_msgs__rosidl_generator_pyExport-noconfig.cmake
[3.614s] -- Installing: /root/ros2_ws2/install/custom_msgs/share/custom_msgs/cmake/rosidl_cmake-extras.cmake
[3.614s] -- Up-to-date: /root/ros2_ws2/install/custom_msgs/share/custom_msgs/cmake/ament_cmake_export_dependencies-extras.cmake
[3.614s] -- Up-to-date: /root/ros2_ws2/install/custom_msgs/share/custom_msgs/cmake/ament_cmake_export_include_directories-extras.cmake
[3.614s] -- Up-to-date: /root/ros2_ws2/install/custom_msgs/share/custom_msgs/cmake/ament_cmake_export_libraries-extras.cmake
[3.614s] -- Up-to-date: /root/ros2_ws2/install/custom_msgs/share/custom_msgs/cmake/ament_cmake_export_targets-extras.cmake
[3.614s] -- Up-to-date: /root/ros2_ws2/install/custom_msgs/share/custom_msgs/cmake/rosidl_cmake_export_typesupport_targets-extras.cmake
[3.614s] -- Up-to-date: /root/ros2_ws2/install/custom_msgs/share/custom_msgs/cmake/rosidl_cmake_export_typesupport_libraries-extras.cmake
[3.614s] -- Up-to-date: /root/ros2_ws2/install/custom_msgs/share/custom_msgs/cmake/custom_msgsConfig.cmake
[3.614s] -- Up-to-date: /root/ros2_ws2/install/custom_msgs/share/custom_msgs/cmake/custom_msgsConfig-version.cmake
[3.614s] -- Up-to-date: /root/ros2_ws2/install/custom_msgs/share/custom_msgs/package.xml
[3.614s] Invoked command in '/root/ros2_ws2/build/custom_msgs' returned '0': CMAKE_PREFIX_PATH=${CMAKE_PREFIX_PATH}:/root/ros2_ws2/install/ros_tcp_endpoint:/root/ros2_ws2/install/navigation_unity_package:/opt/ros/humble /usr/bin/cmake --install /root/ros2_ws2/build/custom_msgs
