[0.011s] Invoking command in '/home/ubuntu/ros2_ws/build/custom_msgs': CMAKE_PREFIX_PATH=${CMAKE_PREFIX_PATH}:/home/ubuntu/ros2_ws/install/ros_tcp_endpoint:/home/ubuntu/ros2_ws/install/navigation_unity_package:/opt/ros/humble /usr/bin/cmake --build /home/ubuntu/ros2_ws/build/custom_msgs -- -j4 -l4
[0.139s] -- Found ament_cmake: 1.3.11 (/opt/ros/humble/share/ament_cmake/cmake)
[0.158s] -- Found geometry_msgs: 4.2.4 (/opt/ros/humble/share/geometry_msgs/cmake)
[0.178s] -- Found rosidl_generator_c: 3.1.6 (/opt/ros/humble/share/rosidl_generator_c/cmake)
[0.180s] -- Found rosidl_adapter: 3.1.6 (/opt/ros/humble/share/rosidl_adapter/cmake)
[0.185s] -- Found rosidl_generator_cpp: 3.1.6 (/opt/ros/humble/share/rosidl_generator_cpp/cmake)
[0.191s] -- Using all available rosidl_typesupport_c: rosidl_typesupport_fastrtps_c;rosidl_typesupport_introspection_c
[0.198s] -- Using all available rosidl_typesupport_cpp: rosidl_typesupport_fastrtps_cpp;rosidl_typesupport_introspection_cpp
[0.217s] -- Found rosidl_default_generators: 1.2.0 (/opt/ros/humble/share/rosidl_default_generators/cmake)
[0.379s] -- Found ament_cmake_ros: 0.10.0 (/opt/ros/humble/share/ament_cmake_ros/cmake)
[0.587s] -- Using all available rosidl_typesupport_c: rosidl_typesupport_fastrtps_c;rosidl_typesupport_introspection_c
[0.650s] -- Using all available rosidl_typesupport_cpp: rosidl_typesupport_fastrtps_cpp;rosidl_typesupport_introspection_cpp
[0.659s] -- Found python_cmake_module: 0.10.0 (/opt/ros/humble/share/python_cmake_module/cmake)
[0.668s] -- Using PYTHON_EXECUTABLE: /usr/bin/python3
[0.668s] -- Using PYTHON_INCLUDE_DIRS: /usr/include/python3.10
[0.668s] -- Using PYTHON_LIBRARIES: /usr/lib/aarch64-linux-gnu/libpython3.10.so
[0.683s] -- Found ament_lint_auto: 0.12.11 (/opt/ros/humble/share/ament_lint_auto/cmake)
[0.694s] -- Added test 'lint_cmake' to check CMake code style
[0.695s] -- Added test 'xmllint' to check XML markup files
[0.697s] -- Configuring done
[0.729s] -- Generating done
[0.734s] -- Build files have been written to: /home/ubuntu/ros2_ws/build/custom_msgs
[0.744s] [  2%] [34m[1mGenerating C code for ROS interfaces[0m
[0.748s] [  4%] [34m[1mGenerating C++ code for ROS interfaces[0m
[0.751s] [  4%] Built target ament_cmake_python_copy_custom_msgs
[0.841s] running egg_info
[0.841s] writing custom_msgs.egg-info/PKG-INFO
[0.842s] writing dependency_links to custom_msgs.egg-info/dependency_links.txt
[0.842s] writing top-level names to custom_msgs.egg-info/top_level.txt
[0.843s] reading manifest file 'custom_msgs.egg-info/SOURCES.txt'
[0.843s] writing manifest file 'custom_msgs.egg-info/SOURCES.txt'
[0.855s] [  4%] Built target ament_cmake_python_build_custom_msgs_egg
[0.912s] [35m[1mConsolidate compiler generated dependencies of target custom_msgs__rosidl_generator_c[0m
[0.913s] [  4%] Built target custom_msgs__cpp
[0.917s] [ 10%] [34m[1mGenerating C++ introspection for ROS interfaces[0m
[0.917s] [ 12%] [34m[1mGenerating C++ type support dispatch for ROS interfaces[0m
[0.917s] [ 10%] [32mBuilding C object CMakeFiles/custom_msgs__rosidl_generator_c.dir/rosidl_generator_c/custom_msgs/msg/detail/agent_target_positions__functions.c.o[0m
[0.917s] [ 12%] [34m[1mGenerating C++ type support for eProsima Fast-RTPS[0m
[0.953s] [ 14%] [32mBuilding C object CMakeFiles/custom_msgs__rosidl_generator_c.dir/rosidl_generator_c/custom_msgs/msg/detail/agent_target_destinations__functions.c.o[0m
[0.973s] [ 17%] [32mBuilding C object CMakeFiles/custom_msgs__rosidl_generator_c.dir/rosidl_generator_c/custom_msgs/msg/detail/agent_status__functions.c.o[0m
[0.993s] [ 19%] [32m[1mLinking C shared library libcustom_msgs__rosidl_generator_c.so[0m
[1.013s] [ 19%] Built target custom_msgs__rosidl_generator_c
[1.017s] [ 21%] [34m[1mGenerating C type support for eProsima Fast-RTPS[0m
[1.051s] [35m[1mConsolidate compiler generated dependencies of target custom_msgs__rosidl_typesupport_cpp[0m
[1.057s] [ 23%] [32mBuilding CXX object CMakeFiles/custom_msgs__rosidl_typesupport_cpp.dir/rosidl_typesupport_cpp/custom_msgs/msg/agent_target_positions__type_support.cpp.o[0m
[1.059s] [35m[1mConsolidate compiler generated dependencies of target custom_msgs__rosidl_typesupport_introspection_cpp[0m
[1.066s] [ 25%] [32mBuilding CXX object CMakeFiles/custom_msgs__rosidl_typesupport_introspection_cpp.dir/rosidl_typesupport_introspection_cpp/custom_msgs/msg/detail/agent_target_positions__type_support.cpp.o[0m
[1.069s] [35m[1mConsolidate compiler generated dependencies of target custom_msgs__rosidl_typesupport_fastrtps_cpp[0m
[1.076s] [ 27%] [32mBuilding CXX object CMakeFiles/custom_msgs__rosidl_typesupport_fastrtps_cpp.dir/rosidl_typesupport_fastrtps_cpp/custom_msgs/msg/detail/dds_fastrtps/agent_target_positions__type_support.cpp.o[0m
[1.168s] [35m[1mConsolidate compiler generated dependencies of target custom_msgs__rosidl_typesupport_fastrtps_c[0m
[1.174s] [ 29%] [32mBuilding CXX object CMakeFiles/custom_msgs__rosidl_typesupport_fastrtps_c.dir/rosidl_typesupport_fastrtps_c/custom_msgs/msg/detail/agent_target_positions__type_support_c.cpp.o[0m
[1.248s] [ 31%] [32mBuilding CXX object CMakeFiles/custom_msgs__rosidl_typesupport_cpp.dir/rosidl_typesupport_cpp/custom_msgs/msg/agent_target_destinations__type_support.cpp.o[0m
[1.335s] [ 34%] [32mBuilding CXX object CMakeFiles/custom_msgs__rosidl_typesupport_fastrtps_c.dir/rosidl_typesupport_fastrtps_c/custom_msgs/msg/detail/agent_target_destinations__type_support_c.cpp.o[0m
[1.339s] [ 36%] [32mBuilding CXX object CMakeFiles/custom_msgs__rosidl_typesupport_introspection_cpp.dir/rosidl_typesupport_introspection_cpp/custom_msgs/msg/detail/agent_target_destinations__type_support.cpp.o[0m
[1.354s] [ 38%] [32mBuilding CXX object CMakeFiles/custom_msgs__rosidl_typesupport_fastrtps_cpp.dir/rosidl_typesupport_fastrtps_cpp/custom_msgs/msg/detail/dds_fastrtps/agent_target_destinations__type_support.cpp.o[0m
[1.370s] [ 40%] [32mBuilding CXX object CMakeFiles/custom_msgs__rosidl_typesupport_cpp.dir/rosidl_typesupport_cpp/custom_msgs/msg/agent_status__type_support.cpp.o[0m
[1.462s] [ 42%] [32mBuilding CXX object CMakeFiles/custom_msgs__rosidl_typesupport_fastrtps_c.dir/rosidl_typesupport_fastrtps_c/custom_msgs/msg/detail/agent_status__type_support_c.cpp.o[0m
[1.466s] [ 44%] [32m[1mLinking CXX shared library libcustom_msgs__rosidl_typesupport_cpp.so[0m
[1.486s] [ 44%] Built target custom_msgs__rosidl_typesupport_cpp
[1.490s] [ 46%] [34m[1mGenerating C introspection for ROS interfaces[0m
[1.506s] [ 48%] [32mBuilding CXX object CMakeFiles/custom_msgs__rosidl_typesupport_introspection_cpp.dir/rosidl_typesupport_introspection_cpp/custom_msgs/msg/detail/agent_status__type_support.cpp.o[0m
[1.532s] [ 51%] [32mBuilding CXX object CMakeFiles/custom_msgs__rosidl_typesupport_fastrtps_cpp.dir/rosidl_typesupport_fastrtps_cpp/custom_msgs/msg/detail/dds_fastrtps/agent_status__type_support.cpp.o[0m
[1.592s] [ 53%] [32m[1mLinking CXX shared library libcustom_msgs__rosidl_typesupport_fastrtps_c.so[0m
[1.622s] [ 53%] Built target custom_msgs__rosidl_typesupport_fastrtps_c
[1.627s] [ 55%] [34m[1mGenerating C type support dispatch for ROS interfaces[0m
[1.641s] [35m[1mConsolidate compiler generated dependencies of target custom_msgs__rosidl_typesupport_introspection_c[0m
[1.646s] [ 57%] [32mBuilding C object CMakeFiles/custom_msgs__rosidl_typesupport_introspection_c.dir/rosidl_typesupport_introspection_c/custom_msgs/msg/detail/agent_target_positions__type_support.c.o[0m
[1.667s] [ 59%] [32m[1mLinking CXX shared library libcustom_msgs__rosidl_typesupport_introspection_cpp.so[0m
[1.667s] [ 61%] [32mBuilding C object CMakeFiles/custom_msgs__rosidl_typesupport_introspection_c.dir/rosidl_typesupport_introspection_c/custom_msgs/msg/detail/agent_target_destinations__type_support.c.o[0m
[1.689s] [ 63%] [32mBuilding C object CMakeFiles/custom_msgs__rosidl_typesupport_introspection_c.dir/rosidl_typesupport_introspection_c/custom_msgs/msg/detail/agent_status__type_support.c.o[0m
[1.701s] [ 63%] Built target custom_msgs__rosidl_typesupport_introspection_cpp
[1.705s] [ 65%] [32m[1mLinking C shared library libcustom_msgs__rosidl_typesupport_introspection_c.so[0m
[1.716s] [ 68%] [32m[1mLinking CXX shared library libcustom_msgs__rosidl_typesupport_fastrtps_cpp.so[0m
[1.718s] [ 68%] Built target custom_msgs__rosidl_typesupport_introspection_c
[1.744s] [35m[1mConsolidate compiler generated dependencies of target custom_msgs__rosidl_typesupport_c[0m
[1.747s] [ 68%] Built target custom_msgs__rosidl_typesupport_fastrtps_cpp
[1.748s] [ 70%] [32mBuilding CXX object CMakeFiles/custom_msgs__rosidl_typesupport_c.dir/rosidl_typesupport_c/custom_msgs/msg/agent_target_positions__type_support.cpp.o[0m
[1.748s] [ 72%] [32mBuilding CXX object CMakeFiles/custom_msgs__rosidl_typesupport_c.dir/rosidl_typesupport_c/custom_msgs/msg/agent_target_destinations__type_support.cpp.o[0m
[1.748s] [ 74%] [32mBuilding CXX object CMakeFiles/custom_msgs__rosidl_typesupport_c.dir/rosidl_typesupport_c/custom_msgs/msg/agent_status__type_support.cpp.o[0m
[1.761s] [ 76%] [32m[1mLinking CXX shared library libcustom_msgs__rosidl_typesupport_c.so[0m
[1.776s] [ 76%] Built target custom_msgs__rosidl_typesupport_c
[1.782s] [ 76%] Built target custom_msgs
[1.787s] [ 78%] [34m[1mGenerating Python code for ROS interfaces[0m
[1.977s] [ 78%] Built target custom_msgs__py
[1.980s] [35m[1mConsolidate compiler generated dependencies of target custom_msgs__rosidl_generator_py[0m
[1.985s] [ 80%] [32mBuilding C object CMakeFiles/custom_msgs__rosidl_generator_py.dir/rosidl_generator_py/custom_msgs/msg/_agent_target_positions_s.c.o[0m
[1.985s] [ 82%] [32mBuilding C object CMakeFiles/custom_msgs__rosidl_generator_py.dir/rosidl_generator_py/custom_msgs/msg/_agent_target_destinations_s.c.o[0m
[1.986s] [ 85%] [32mBuilding C object CMakeFiles/custom_msgs__rosidl_generator_py.dir/rosidl_generator_py/custom_msgs/msg/_agent_status_s.c.o[0m
[2.063s] [ 87%] [32m[1mLinking C shared library rosidl_generator_py/custom_msgs/libcustom_msgs__rosidl_generator_py.so[0m
[2.079s] [ 87%] Built target custom_msgs__rosidl_generator_py
[2.083s] [35m[1mConsolidate compiler generated dependencies of target custom_msgs__rosidl_typesupport_introspection_c__pyext[0m
[2.083s] [35m[1mConsolidate compiler generated dependencies of target custom_msgs__rosidl_typesupport_fastrtps_c__pyext[0m
[2.083s] [35m[1mConsolidate compiler generated dependencies of target custom_msgs__rosidl_typesupport_c__pyext[0m
[2.088s] [ 91%] [32mBuilding C object CMakeFiles/custom_msgs__rosidl_typesupport_introspection_c__pyext.dir/rosidl_generator_py/custom_msgs/_custom_msgs_s.ep.rosidl_typesupport_introspection_c.c.o[0m
[2.088s] [ 93%] [32mBuilding C object CMakeFiles/custom_msgs__rosidl_typesupport_fastrtps_c__pyext.dir/rosidl_generator_py/custom_msgs/_custom_msgs_s.ep.rosidl_typesupport_fastrtps_c.c.o[0m
[2.088s] [ 91%] [32mBuilding C object CMakeFiles/custom_msgs__rosidl_typesupport_c__pyext.dir/rosidl_generator_py/custom_msgs/_custom_msgs_s.ep.rosidl_typesupport_c.c.o[0m
[2.151s] [ 95%] [32m[1mLinking C shared library rosidl_generator_py/custom_msgs/custom_msgs_s__rosidl_typesupport_introspection_c.cpython-310-aarch64-linux-gnu.so[0m
[2.152s] [100%] [32m[1mLinking C shared library rosidl_generator_py/custom_msgs/custom_msgs_s__rosidl_typesupport_fastrtps_c.cpython-310-aarch64-linux-gnu.so[0m
[2.152s] [100%] [32m[1mLinking C shared library rosidl_generator_py/custom_msgs/custom_msgs_s__rosidl_typesupport_c.cpython-310-aarch64-linux-gnu.so[0m
[2.168s] [100%] Built target custom_msgs__rosidl_typesupport_introspection_c__pyext
[2.168s] [100%] Built target custom_msgs__rosidl_typesupport_fastrtps_c__pyext
[2.168s] [100%] Built target custom_msgs__rosidl_typesupport_c__pyext
[2.174s] Invoked command in '/home/ubuntu/ros2_ws/build/custom_msgs' returned '0': CMAKE_PREFIX_PATH=${CMAKE_PREFIX_PATH}:/home/ubuntu/ros2_ws/install/ros_tcp_endpoint:/home/ubuntu/ros2_ws/install/navigation_unity_package:/opt/ros/humble /usr/bin/cmake --build /home/ubuntu/ros2_ws/build/custom_msgs -- -j4 -l4
[2.202s] Invoking command in '/home/ubuntu/ros2_ws/build/custom_msgs': CMAKE_PREFIX_PATH=${CMAKE_PREFIX_PATH}:/home/ubuntu/ros2_ws/install/ros_tcp_endpoint:/home/ubuntu/ros2_ws/install/navigation_unity_package:/opt/ros/humble /usr/bin/cmake --install /home/ubuntu/ros2_ws/build/custom_msgs
[2.204s] -- Install configuration: ""
[2.204s] -- Up-to-date: /home/ubuntu/ros2_ws/install/custom_msgs/share/ament_index/resource_index/rosidl_interfaces/custom_msgs
[2.204s] -- Up-to-date: /home/ubuntu/ros2_ws/install/custom_msgs/include/custom_msgs/custom_msgs
[2.204s] -- Up-to-date: /home/ubuntu/ros2_ws/install/custom_msgs/include/custom_msgs/custom_msgs/msg
[2.205s] -- Up-to-date: /home/ubuntu/ros2_ws/install/custom_msgs/include/custom_msgs/custom_msgs/msg/rosidl_generator_c__visibility_control.h
[2.205s] -- Up-to-date: /home/ubuntu/ros2_ws/install/custom_msgs/include/custom_msgs/custom_msgs/msg/detail
[2.205s] -- Installing: /home/ubuntu/ros2_ws/install/custom_msgs/include/custom_msgs/custom_msgs/msg/detail/agent_target_positions__struct.h
[2.205s] -- Installing: /home/ubuntu/ros2_ws/install/custom_msgs/include/custom_msgs/custom_msgs/msg/detail/agent_target_positions__functions.h
[2.205s] -- Installing: /home/ubuntu/ros2_ws/install/custom_msgs/include/custom_msgs/custom_msgs/msg/detail/agent_status__functions.c
[2.205s] -- Installing: /home/ubuntu/ros2_ws/install/custom_msgs/include/custom_msgs/custom_msgs/msg/detail/agent_status__type_support.h
[2.205s] -- Installing: /home/ubuntu/ros2_ws/install/custom_msgs/include/custom_msgs/custom_msgs/msg/detail/agent_target_destinations__functions.h
[2.205s] -- Installing: /home/ubuntu/ros2_ws/install/custom_msgs/include/custom_msgs/custom_msgs/msg/detail/agent_target_destinations__functions.c
[2.205s] -- Installing: /home/ubuntu/ros2_ws/install/custom_msgs/include/custom_msgs/custom_msgs/msg/detail/agent_target_destinations__struct.h
[2.205s] -- Installing: /home/ubuntu/ros2_ws/install/custom_msgs/include/custom_msgs/custom_msgs/msg/detail/agent_target_positions__type_support.h
[2.205s] -- Installing: /home/ubuntu/ros2_ws/install/custom_msgs/include/custom_msgs/custom_msgs/msg/detail/agent_target_positions__functions.c
[2.205s] -- Installing: /home/ubuntu/ros2_ws/install/custom_msgs/include/custom_msgs/custom_msgs/msg/detail/agent_status__struct.h
[2.205s] -- Installing: /home/ubuntu/ros2_ws/install/custom_msgs/include/custom_msgs/custom_msgs/msg/detail/agent_target_destinations__type_support.h
[2.205s] -- Installing: /home/ubuntu/ros2_ws/install/custom_msgs/include/custom_msgs/custom_msgs/msg/detail/agent_status__functions.h
[2.205s] -- Installing: /home/ubuntu/ros2_ws/install/custom_msgs/include/custom_msgs/custom_msgs/msg/agent_status.h
[2.206s] -- Installing: /home/ubuntu/ros2_ws/install/custom_msgs/include/custom_msgs/custom_msgs/msg/agent_target_destinations.h
[2.206s] -- Installing: /home/ubuntu/ros2_ws/install/custom_msgs/include/custom_msgs/custom_msgs/msg/agent_target_positions.h
[2.206s] -- Up-to-date: /home/ubuntu/ros2_ws/install/custom_msgs/share/custom_msgs/environment/library_path.sh
[2.206s] -- Installing: /home/ubuntu/ros2_ws/install/custom_msgs/share/custom_msgs/environment/library_path.dsv
[2.206s] -- Installing: /home/ubuntu/ros2_ws/install/custom_msgs/lib/libcustom_msgs__rosidl_generator_c.so
[2.206s] -- Set runtime path of "/home/ubuntu/ros2_ws/install/custom_msgs/lib/libcustom_msgs__rosidl_generator_c.so" to ""
[2.206s] -- Up-to-date: /home/ubuntu/ros2_ws/install/custom_msgs/include/custom_msgs/custom_msgs
[2.206s] -- Up-to-date: /home/ubuntu/ros2_ws/install/custom_msgs/include/custom_msgs/custom_msgs/msg
[2.206s] -- Up-to-date: /home/ubuntu/ros2_ws/install/custom_msgs/include/custom_msgs/custom_msgs/msg/rosidl_typesupport_fastrtps_c__visibility_control.h
[2.206s] -- Up-to-date: /home/ubuntu/ros2_ws/install/custom_msgs/include/custom_msgs/custom_msgs/msg/detail
[2.206s] -- Installing: /home/ubuntu/ros2_ws/install/custom_msgs/include/custom_msgs/custom_msgs/msg/detail/agent_target_destinations__rosidl_typesupport_fastrtps_c.h
[2.206s] -- Installing: /home/ubuntu/ros2_ws/install/custom_msgs/include/custom_msgs/custom_msgs/msg/detail/agent_status__rosidl_typesupport_fastrtps_c.h
[2.206s] -- Installing: /home/ubuntu/ros2_ws/install/custom_msgs/include/custom_msgs/custom_msgs/msg/detail/agent_target_positions__rosidl_typesupport_fastrtps_c.h
[2.207s] -- Installing: /home/ubuntu/ros2_ws/install/custom_msgs/lib/libcustom_msgs__rosidl_typesupport_fastrtps_c.so
[2.207s] -- Set runtime path of "/home/ubuntu/ros2_ws/install/custom_msgs/lib/libcustom_msgs__rosidl_typesupport_fastrtps_c.so" to ""
[2.207s] -- Up-to-date: /home/ubuntu/ros2_ws/install/custom_msgs/include/custom_msgs/custom_msgs
[2.207s] -- Up-to-date: /home/ubuntu/ros2_ws/install/custom_msgs/include/custom_msgs/custom_msgs/msg
[2.207s] -- Installing: /home/ubuntu/ros2_ws/install/custom_msgs/include/custom_msgs/custom_msgs/msg/agent_status.hpp
[2.207s] -- Installing: /home/ubuntu/ros2_ws/install/custom_msgs/include/custom_msgs/custom_msgs/msg/agent_target_destinations.hpp
[2.207s] -- Up-to-date: /home/ubuntu/ros2_ws/install/custom_msgs/include/custom_msgs/custom_msgs/msg/rosidl_generator_cpp__visibility_control.hpp
[2.207s] -- Installing: /home/ubuntu/ros2_ws/install/custom_msgs/include/custom_msgs/custom_msgs/msg/agent_target_positions.hpp
[2.207s] -- Up-to-date: /home/ubuntu/ros2_ws/install/custom_msgs/include/custom_msgs/custom_msgs/msg/detail
[2.207s] -- Installing: /home/ubuntu/ros2_ws/install/custom_msgs/include/custom_msgs/custom_msgs/msg/detail/agent_status__type_support.hpp
[2.207s] -- Installing: /home/ubuntu/ros2_ws/install/custom_msgs/include/custom_msgs/custom_msgs/msg/detail/agent_status__struct.hpp
[2.207s] -- Installing: /home/ubuntu/ros2_ws/install/custom_msgs/include/custom_msgs/custom_msgs/msg/detail/agent_target_positions__type_support.hpp
[2.207s] -- Installing: /home/ubuntu/ros2_ws/install/custom_msgs/include/custom_msgs/custom_msgs/msg/detail/agent_status__traits.hpp
[2.207s] -- Installing: /home/ubuntu/ros2_ws/install/custom_msgs/include/custom_msgs/custom_msgs/msg/detail/agent_target_destinations__traits.hpp
[2.207s] -- Installing: /home/ubuntu/ros2_ws/install/custom_msgs/include/custom_msgs/custom_msgs/msg/detail/agent_target_destinations__builder.hpp
[2.207s] -- Installing: /home/ubuntu/ros2_ws/install/custom_msgs/include/custom_msgs/custom_msgs/msg/detail/agent_target_destinations__type_support.hpp
[2.207s] -- Installing: /home/ubuntu/ros2_ws/install/custom_msgs/include/custom_msgs/custom_msgs/msg/detail/agent_target_positions__traits.hpp
[2.208s] -- Installing: /home/ubuntu/ros2_ws/install/custom_msgs/include/custom_msgs/custom_msgs/msg/detail/agent_status__builder.hpp
[2.208s] -- Installing: /home/ubuntu/ros2_ws/install/custom_msgs/include/custom_msgs/custom_msgs/msg/detail/agent_target_positions__builder.hpp
[2.208s] -- Installing: /home/ubuntu/ros2_ws/install/custom_msgs/include/custom_msgs/custom_msgs/msg/detail/agent_target_positions__struct.hpp
[2.208s] -- Installing: /home/ubuntu/ros2_ws/install/custom_msgs/include/custom_msgs/custom_msgs/msg/detail/agent_target_destinations__struct.hpp
[2.208s] -- Up-to-date: /home/ubuntu/ros2_ws/install/custom_msgs/include/custom_msgs/custom_msgs
[2.208s] -- Up-to-date: /home/ubuntu/ros2_ws/install/custom_msgs/include/custom_msgs/custom_msgs/msg
[2.208s] -- Up-to-date: /home/ubuntu/ros2_ws/install/custom_msgs/include/custom_msgs/custom_msgs/msg/rosidl_typesupport_fastrtps_cpp__visibility_control.h
[2.208s] -- Up-to-date: /home/ubuntu/ros2_ws/install/custom_msgs/include/custom_msgs/custom_msgs/msg/detail
[2.208s] -- Up-to-date: /home/ubuntu/ros2_ws/install/custom_msgs/include/custom_msgs/custom_msgs/msg/detail/dds_fastrtps
[2.208s] -- Installing: /home/ubuntu/ros2_ws/install/custom_msgs/include/custom_msgs/custom_msgs/msg/detail/agent_target_destinations__rosidl_typesupport_fastrtps_cpp.hpp
[2.208s] -- Installing: /home/ubuntu/ros2_ws/install/custom_msgs/include/custom_msgs/custom_msgs/msg/detail/agent_target_positions__rosidl_typesupport_fastrtps_cpp.hpp
[2.208s] -- Installing: /home/ubuntu/ros2_ws/install/custom_msgs/include/custom_msgs/custom_msgs/msg/detail/agent_status__rosidl_typesupport_fastrtps_cpp.hpp
[2.208s] -- Installing: /home/ubuntu/ros2_ws/install/custom_msgs/lib/libcustom_msgs__rosidl_typesupport_fastrtps_cpp.so
[2.208s] -- Set runtime path of "/home/ubuntu/ros2_ws/install/custom_msgs/lib/libcustom_msgs__rosidl_typesupport_fastrtps_cpp.so" to ""
[2.208s] -- Up-to-date: /home/ubuntu/ros2_ws/install/custom_msgs/include/custom_msgs/custom_msgs
[2.208s] -- Up-to-date: /home/ubuntu/ros2_ws/install/custom_msgs/include/custom_msgs/custom_msgs/msg
[2.208s] -- Up-to-date: /home/ubuntu/ros2_ws/install/custom_msgs/include/custom_msgs/custom_msgs/msg/rosidl_typesupport_introspection_c__visibility_control.h
[2.208s] -- Up-to-date: /home/ubuntu/ros2_ws/install/custom_msgs/include/custom_msgs/custom_msgs/msg/detail
[2.208s] -- Installing: /home/ubuntu/ros2_ws/install/custom_msgs/include/custom_msgs/custom_msgs/msg/detail/agent_target_destinations__type_support.c
[2.209s] -- Installing: /home/ubuntu/ros2_ws/install/custom_msgs/include/custom_msgs/custom_msgs/msg/detail/agent_target_positions__rosidl_typesupport_introspection_c.h
[2.209s] -- Installing: /home/ubuntu/ros2_ws/install/custom_msgs/include/custom_msgs/custom_msgs/msg/detail/agent_status__rosidl_typesupport_introspection_c.h
[2.209s] -- Installing: /home/ubuntu/ros2_ws/install/custom_msgs/include/custom_msgs/custom_msgs/msg/detail/agent_target_positions__type_support.c
[2.209s] -- Installing: /home/ubuntu/ros2_ws/install/custom_msgs/include/custom_msgs/custom_msgs/msg/detail/agent_status__type_support.c
[2.209s] -- Installing: /home/ubuntu/ros2_ws/install/custom_msgs/include/custom_msgs/custom_msgs/msg/detail/agent_target_destinations__rosidl_typesupport_introspection_c.h
[2.209s] -- Installing: /home/ubuntu/ros2_ws/install/custom_msgs/lib/libcustom_msgs__rosidl_typesupport_introspection_c.so
[2.209s] -- Set runtime path of "/home/ubuntu/ros2_ws/install/custom_msgs/lib/libcustom_msgs__rosidl_typesupport_introspection_c.so" to ""
[2.209s] -- Installing: /home/ubuntu/ros2_ws/install/custom_msgs/lib/libcustom_msgs__rosidl_typesupport_c.so
[2.209s] -- Set runtime path of "/home/ubuntu/ros2_ws/install/custom_msgs/lib/libcustom_msgs__rosidl_typesupport_c.so" to ""
[2.209s] -- Up-to-date: /home/ubuntu/ros2_ws/install/custom_msgs/include/custom_msgs/custom_msgs
[2.209s] -- Up-to-date: /home/ubuntu/ros2_ws/install/custom_msgs/include/custom_msgs/custom_msgs/msg
[2.209s] -- Up-to-date: /home/ubuntu/ros2_ws/install/custom_msgs/include/custom_msgs/custom_msgs/msg/detail
[2.209s] -- Installing: /home/ubuntu/ros2_ws/install/custom_msgs/include/custom_msgs/custom_msgs/msg/detail/agent_target_positions__type_support.cpp
[2.209s] -- Installing: /home/ubuntu/ros2_ws/install/custom_msgs/include/custom_msgs/custom_msgs/msg/detail/agent_target_positions__rosidl_typesupport_introspection_cpp.hpp
[2.209s] -- Installing: /home/ubuntu/ros2_ws/install/custom_msgs/include/custom_msgs/custom_msgs/msg/detail/agent_status__rosidl_typesupport_introspection_cpp.hpp
[2.209s] -- Installing: /home/ubuntu/ros2_ws/install/custom_msgs/include/custom_msgs/custom_msgs/msg/detail/agent_target_destinations__rosidl_typesupport_introspection_cpp.hpp
[2.210s] -- Installing: /home/ubuntu/ros2_ws/install/custom_msgs/include/custom_msgs/custom_msgs/msg/detail/agent_target_destinations__type_support.cpp
[2.210s] -- Installing: /home/ubuntu/ros2_ws/install/custom_msgs/include/custom_msgs/custom_msgs/msg/detail/agent_status__type_support.cpp
[2.210s] -- Installing: /home/ubuntu/ros2_ws/install/custom_msgs/lib/libcustom_msgs__rosidl_typesupport_introspection_cpp.so
[2.210s] -- Set runtime path of "/home/ubuntu/ros2_ws/install/custom_msgs/lib/libcustom_msgs__rosidl_typesupport_introspection_cpp.so" to ""
[2.210s] -- Installing: /home/ubuntu/ros2_ws/install/custom_msgs/lib/libcustom_msgs__rosidl_typesupport_cpp.so
[2.210s] -- Set runtime path of "/home/ubuntu/ros2_ws/install/custom_msgs/lib/libcustom_msgs__rosidl_typesupport_cpp.so" to ""
[2.210s] -- Up-to-date: /home/ubuntu/ros2_ws/install/custom_msgs/share/custom_msgs/environment/pythonpath.sh
[2.210s] -- Installing: /home/ubuntu/ros2_ws/install/custom_msgs/share/custom_msgs/environment/pythonpath.dsv
[2.210s] -- Up-to-date: /home/ubuntu/ros2_ws/install/custom_msgs/local/lib/python3.10/dist-packages/custom_msgs-0.0.0-py3.10.egg-info
[2.210s] -- Installing: /home/ubuntu/ros2_ws/install/custom_msgs/local/lib/python3.10/dist-packages/custom_msgs-0.0.0-py3.10.egg-info/SOURCES.txt
[2.210s] -- Installing: /home/ubuntu/ros2_ws/install/custom_msgs/local/lib/python3.10/dist-packages/custom_msgs-0.0.0-py3.10.egg-info/PKG-INFO
[2.210s] -- Installing: /home/ubuntu/ros2_ws/install/custom_msgs/local/lib/python3.10/dist-packages/custom_msgs-0.0.0-py3.10.egg-info/top_level.txt
[2.210s] -- Installing: /home/ubuntu/ros2_ws/install/custom_msgs/local/lib/python3.10/dist-packages/custom_msgs-0.0.0-py3.10.egg-info/dependency_links.txt
[2.210s] -- Up-to-date: /home/ubuntu/ros2_ws/install/custom_msgs/local/lib/python3.10/dist-packages/custom_msgs
[2.210s] -- Installing: /home/ubuntu/ros2_ws/install/custom_msgs/local/lib/python3.10/dist-packages/custom_msgs/custom_msgs_s__rosidl_typesupport_introspection_c.cpython-310-aarch64-linux-gnu.so
[2.211s] -- Installing: /home/ubuntu/ros2_ws/install/custom_msgs/local/lib/python3.10/dist-packages/custom_msgs/_custom_msgs_s.ep.rosidl_typesupport_introspection_c.c
[2.211s] -- Installing: /home/ubuntu/ros2_ws/install/custom_msgs/local/lib/python3.10/dist-packages/custom_msgs/_custom_msgs_s.ep.rosidl_typesupport_fastrtps_c.c
[2.211s] -- Installing: /home/ubuntu/ros2_ws/install/custom_msgs/local/lib/python3.10/dist-packages/custom_msgs/_custom_msgs_s.ep.rosidl_typesupport_c.c
[2.211s] -- Installing: /home/ubuntu/ros2_ws/install/custom_msgs/local/lib/python3.10/dist-packages/custom_msgs/__init__.py
[2.211s] -- Installing: /home/ubuntu/ros2_ws/install/custom_msgs/local/lib/python3.10/dist-packages/custom_msgs/custom_msgs_s__rosidl_typesupport_fastrtps_c.cpython-310-aarch64-linux-gnu.so
[2.211s] -- Installing: /home/ubuntu/ros2_ws/install/custom_msgs/local/lib/python3.10/dist-packages/custom_msgs/custom_msgs_s__rosidl_typesupport_c.cpython-310-aarch64-linux-gnu.so
[2.211s] -- Up-to-date: /home/ubuntu/ros2_ws/install/custom_msgs/local/lib/python3.10/dist-packages/custom_msgs/msg
[2.211s] -- Installing: /home/ubuntu/ros2_ws/install/custom_msgs/local/lib/python3.10/dist-packages/custom_msgs/msg/_agent_target_positions_s.c
[2.211s] -- Installing: /home/ubuntu/ros2_ws/install/custom_msgs/local/lib/python3.10/dist-packages/custom_msgs/msg/_agent_status.py
[2.211s] -- Installing: /home/ubuntu/ros2_ws/install/custom_msgs/local/lib/python3.10/dist-packages/custom_msgs/msg/_agent_target_positions.py
[2.211s] -- Installing: /home/ubuntu/ros2_ws/install/custom_msgs/local/lib/python3.10/dist-packages/custom_msgs/msg/__init__.py
[2.211s] -- Installing: /home/ubuntu/ros2_ws/install/custom_msgs/local/lib/python3.10/dist-packages/custom_msgs/msg/_agent_target_destinations_s.c
[2.211s] -- Installing: /home/ubuntu/ros2_ws/install/custom_msgs/local/lib/python3.10/dist-packages/custom_msgs/msg/_agent_status_s.c
[2.211s] -- Installing: /home/ubuntu/ros2_ws/install/custom_msgs/local/lib/python3.10/dist-packages/custom_msgs/msg/_agent_target_destinations.py
[2.211s] -- Installing: /home/ubuntu/ros2_ws/install/custom_msgs/local/lib/python3.10/dist-packages/custom_msgs/libcustom_msgs__rosidl_generator_py.so
[2.276s] Listing '/home/ubuntu/ros2_ws/install/custom_msgs/local/lib/python3.10/dist-packages/custom_msgs'...
[2.276s] Compiling '/home/ubuntu/ros2_ws/install/custom_msgs/local/lib/python3.10/dist-packages/custom_msgs/__init__.py'...
[2.276s] Listing '/home/ubuntu/ros2_ws/install/custom_msgs/local/lib/python3.10/dist-packages/custom_msgs/msg'...
[2.276s] Compiling '/home/ubuntu/ros2_ws/install/custom_msgs/local/lib/python3.10/dist-packages/custom_msgs/msg/__init__.py'...
[2.276s] Compiling '/home/ubuntu/ros2_ws/install/custom_msgs/local/lib/python3.10/dist-packages/custom_msgs/msg/_agent_status.py'...
[2.276s] Compiling '/home/ubuntu/ros2_ws/install/custom_msgs/local/lib/python3.10/dist-packages/custom_msgs/msg/_agent_target_destinations.py'...
[2.276s] Compiling '/home/ubuntu/ros2_ws/install/custom_msgs/local/lib/python3.10/dist-packages/custom_msgs/msg/_agent_target_positions.py'...
[2.279s] -- Installing: /home/ubuntu/ros2_ws/install/custom_msgs/local/lib/python3.10/dist-packages/custom_msgs/custom_msgs_s__rosidl_typesupport_fastrtps_c.cpython-310-aarch64-linux-gnu.so
[2.279s] -- Set runtime path of "/home/ubuntu/ros2_ws/install/custom_msgs/local/lib/python3.10/dist-packages/custom_msgs/custom_msgs_s__rosidl_typesupport_fastrtps_c.cpython-310-aarch64-linux-gnu.so" to ""
[2.279s] -- Installing: /home/ubuntu/ros2_ws/install/custom_msgs/local/lib/python3.10/dist-packages/custom_msgs/custom_msgs_s__rosidl_typesupport_introspection_c.cpython-310-aarch64-linux-gnu.so
[2.279s] -- Set runtime path of "/home/ubuntu/ros2_ws/install/custom_msgs/local/lib/python3.10/dist-packages/custom_msgs/custom_msgs_s__rosidl_typesupport_introspection_c.cpython-310-aarch64-linux-gnu.so" to ""
[2.279s] -- Installing: /home/ubuntu/ros2_ws/install/custom_msgs/local/lib/python3.10/dist-packages/custom_msgs/custom_msgs_s__rosidl_typesupport_c.cpython-310-aarch64-linux-gnu.so
[2.279s] -- Set runtime path of "/home/ubuntu/ros2_ws/install/custom_msgs/local/lib/python3.10/dist-packages/custom_msgs/custom_msgs_s__rosidl_typesupport_c.cpython-310-aarch64-linux-gnu.so" to ""
[2.279s] -- Installing: /home/ubuntu/ros2_ws/install/custom_msgs/lib/libcustom_msgs__rosidl_generator_py.so
[2.279s] -- Set runtime path of "/home/ubuntu/ros2_ws/install/custom_msgs/lib/libcustom_msgs__rosidl_generator_py.so" to ""
[2.280s] -- Up-to-date: /home/ubuntu/ros2_ws/install/custom_msgs/share/custom_msgs/msg/AgentTargetPositions.idl
[2.280s] -- Up-to-date: /home/ubuntu/ros2_ws/install/custom_msgs/share/custom_msgs/msg/AgentTargetDestinations.idl
[2.280s] -- Installing: /home/ubuntu/ros2_ws/install/custom_msgs/share/custom_msgs/msg/AgentStatus.idl
[2.280s] -- Up-to-date: /home/ubuntu/ros2_ws/install/custom_msgs/share/custom_msgs/msg/AgentTargetPositions.msg
[2.280s] -- Up-to-date: /home/ubuntu/ros2_ws/install/custom_msgs/share/custom_msgs/msg/AgentTargetDestinations.msg
[2.280s] -- Installing: /home/ubuntu/ros2_ws/install/custom_msgs/share/custom_msgs/msg/AgentStatus.msg
[2.280s] -- Up-to-date: /home/ubuntu/ros2_ws/install/custom_msgs/share/ament_index/resource_index/package_run_dependencies/custom_msgs
[2.280s] -- Up-to-date: /home/ubuntu/ros2_ws/install/custom_msgs/share/ament_index/resource_index/parent_prefix_path/custom_msgs
[2.280s] -- Up-to-date: /home/ubuntu/ros2_ws/install/custom_msgs/share/custom_msgs/environment/ament_prefix_path.sh
[2.280s] -- Installing: /home/ubuntu/ros2_ws/install/custom_msgs/share/custom_msgs/environment/ament_prefix_path.dsv
[2.280s] -- Up-to-date: /home/ubuntu/ros2_ws/install/custom_msgs/share/custom_msgs/environment/path.sh
[2.280s] -- Installing: /home/ubuntu/ros2_ws/install/custom_msgs/share/custom_msgs/environment/path.dsv
[2.280s] -- Up-to-date: /home/ubuntu/ros2_ws/install/custom_msgs/share/custom_msgs/local_setup.bash
[2.280s] -- Up-to-date: /home/ubuntu/ros2_ws/install/custom_msgs/share/custom_msgs/local_setup.sh
[2.280s] -- Up-to-date: /home/ubuntu/ros2_ws/install/custom_msgs/share/custom_msgs/local_setup.zsh
[2.280s] -- Installing: /home/ubuntu/ros2_ws/install/custom_msgs/share/custom_msgs/local_setup.dsv
[2.280s] -- Installing: /home/ubuntu/ros2_ws/install/custom_msgs/share/custom_msgs/package.dsv
[2.280s] -- Up-to-date: /home/ubuntu/ros2_ws/install/custom_msgs/share/ament_index/resource_index/packages/custom_msgs
[2.280s] -- Up-to-date: /home/ubuntu/ros2_ws/install/custom_msgs/share/custom_msgs/cmake/export_custom_msgs__rosidl_generator_cExport.cmake
[2.280s] -- Up-to-date: /home/ubuntu/ros2_ws/install/custom_msgs/share/custom_msgs/cmake/export_custom_msgs__rosidl_generator_cExport-noconfig.cmake
[2.281s] -- Up-to-date: /home/ubuntu/ros2_ws/install/custom_msgs/share/custom_msgs/cmake/export_custom_msgs__rosidl_typesupport_fastrtps_cExport.cmake
[2.281s] -- Up-to-date: /home/ubuntu/ros2_ws/install/custom_msgs/share/custom_msgs/cmake/export_custom_msgs__rosidl_typesupport_fastrtps_cExport-noconfig.cmake
[2.281s] -- Up-to-date: /home/ubuntu/ros2_ws/install/custom_msgs/share/custom_msgs/cmake/export_custom_msgs__rosidl_generator_cppExport.cmake
[2.281s] -- Up-to-date: /home/ubuntu/ros2_ws/install/custom_msgs/share/custom_msgs/cmake/export_custom_msgs__rosidl_typesupport_fastrtps_cppExport.cmake
[2.281s] -- Up-to-date: /home/ubuntu/ros2_ws/install/custom_msgs/share/custom_msgs/cmake/export_custom_msgs__rosidl_typesupport_fastrtps_cppExport-noconfig.cmake
[2.281s] -- Up-to-date: /home/ubuntu/ros2_ws/install/custom_msgs/share/custom_msgs/cmake/custom_msgs__rosidl_typesupport_introspection_cExport.cmake
[2.281s] -- Up-to-date: /home/ubuntu/ros2_ws/install/custom_msgs/share/custom_msgs/cmake/custom_msgs__rosidl_typesupport_introspection_cExport-noconfig.cmake
[2.282s] -- Up-to-date: /home/ubuntu/ros2_ws/install/custom_msgs/share/custom_msgs/cmake/custom_msgs__rosidl_typesupport_cExport.cmake
[2.282s] -- Up-to-date: /home/ubuntu/ros2_ws/install/custom_msgs/share/custom_msgs/cmake/custom_msgs__rosidl_typesupport_cExport-noconfig.cmake
[2.282s] -- Up-to-date: /home/ubuntu/ros2_ws/install/custom_msgs/share/custom_msgs/cmake/custom_msgs__rosidl_typesupport_introspection_cppExport.cmake
[2.282s] -- Up-to-date: /home/ubuntu/ros2_ws/install/custom_msgs/share/custom_msgs/cmake/custom_msgs__rosidl_typesupport_introspection_cppExport-noconfig.cmake
[2.282s] -- Up-to-date: /home/ubuntu/ros2_ws/install/custom_msgs/share/custom_msgs/cmake/custom_msgs__rosidl_typesupport_cppExport.cmake
[2.282s] -- Up-to-date: /home/ubuntu/ros2_ws/install/custom_msgs/share/custom_msgs/cmake/custom_msgs__rosidl_typesupport_cppExport-noconfig.cmake
[2.282s] -- Up-to-date: /home/ubuntu/ros2_ws/install/custom_msgs/share/custom_msgs/cmake/export_custom_msgs__rosidl_generator_pyExport.cmake
[2.282s] -- Up-to-date: /home/ubuntu/ros2_ws/install/custom_msgs/share/custom_msgs/cmake/export_custom_msgs__rosidl_generator_pyExport-noconfig.cmake
[2.282s] -- Up-to-date: /home/ubuntu/ros2_ws/install/custom_msgs/share/custom_msgs/cmake/rosidl_cmake-extras.cmake
[2.282s] -- Up-to-date: /home/ubuntu/ros2_ws/install/custom_msgs/share/custom_msgs/cmake/ament_cmake_export_dependencies-extras.cmake
[2.282s] -- Up-to-date: /home/ubuntu/ros2_ws/install/custom_msgs/share/custom_msgs/cmake/ament_cmake_export_include_directories-extras.cmake
[2.282s] -- Up-to-date: /home/ubuntu/ros2_ws/install/custom_msgs/share/custom_msgs/cmake/ament_cmake_export_libraries-extras.cmake
[2.282s] -- Up-to-date: /home/ubuntu/ros2_ws/install/custom_msgs/share/custom_msgs/cmake/ament_cmake_export_targets-extras.cmake
[2.282s] -- Up-to-date: /home/ubuntu/ros2_ws/install/custom_msgs/share/custom_msgs/cmake/rosidl_cmake_export_typesupport_targets-extras.cmake
[2.283s] -- Up-to-date: /home/ubuntu/ros2_ws/install/custom_msgs/share/custom_msgs/cmake/rosidl_cmake_export_typesupport_libraries-extras.cmake
[2.283s] -- Up-to-date: /home/ubuntu/ros2_ws/install/custom_msgs/share/custom_msgs/cmake/custom_msgsConfig.cmake
[2.283s] -- Up-to-date: /home/ubuntu/ros2_ws/install/custom_msgs/share/custom_msgs/cmake/custom_msgsConfig-version.cmake
[2.283s] -- Up-to-date: /home/ubuntu/ros2_ws/install/custom_msgs/share/custom_msgs/package.xml
[2.284s] Invoked command in '/home/ubuntu/ros2_ws/build/custom_msgs' returned '0': CMAKE_PREFIX_PATH=${CMAKE_PREFIX_PATH}:/home/ubuntu/ros2_ws/install/ros_tcp_endpoint:/home/ubuntu/ros2_ws/install/navigation_unity_package:/opt/ros/humble /usr/bin/cmake --install /home/ubuntu/ros2_ws/build/custom_msgs
