[0.621s] Invoking command in '/root/ros2_ws2/src/navigation_unity_package': PYTHONPATH=/root/ros2_ws2/build/navigation_unity_package/prefix_override:/usr/lib/python3/dist-packages/colcon_core/task/python/colcon_distutils_commands:/root/ros2_ws2/install/navigation_unity_package/lib/python3.10/site-packages:${PYTHONPATH} /usr/bin/python3 -W ignore:setup.py install is deprecated -W ignore:easy_install command is deprecated setup.py egg_info --egg-base ../../build/navigation_unity_package build --build-base /root/ros2_ws2/build/navigation_unity_package/build install --record /root/ros2_ws2/build/navigation_unity_package/install.log --single-version-externally-managed install_data
[0.772s] running egg_info
[0.772s] writing ../../build/navigation_unity_package/navigation_unity_package.egg-info/PKG-INFO
[0.772s] writing dependency_links to ../../build/navigation_unity_package/navigation_unity_package.egg-info/dependency_links.txt
[0.773s] writing entry points to ../../build/navigation_unity_package/navigation_unity_package.egg-info/entry_points.txt
[0.773s] writing requirements to ../../build/navigation_unity_package/navigation_unity_package.egg-info/requires.txt
[0.773s] writing top-level names to ../../build/navigation_unity_package/navigation_unity_package.egg-info/top_level.txt
[0.774s] reading manifest file '../../build/navigation_unity_package/navigation_unity_package.egg-info/SOURCES.txt'
[0.775s] writing manifest file '../../build/navigation_unity_package/navigation_unity_package.egg-info/SOURCES.txt'
[0.775s] running build
[0.775s] running build_py
[0.776s] running install
[0.776s] running install_lib
[0.777s] running install_data
[0.777s] running install_egg_info
[0.778s] removing '/root/ros2_ws2/install/navigation_unity_package/lib/python3.10/site-packages/navigation_unity_package-0.0.0-py3.10.egg-info' (and everything under it)
[0.778s] Copying ../../build/navigation_unity_package/navigation_unity_package.egg-info to /root/ros2_ws2/install/navigation_unity_package/lib/python3.10/site-packages/navigation_unity_package-0.0.0-py3.10.egg-info
[0.779s] running install_scripts
[0.793s] Installing agent_distance_subscriber script to /root/ros2_ws2/install/navigation_unity_package/lib/navigation_unity_package
[0.794s] Installing agent_target_publisher script to /root/ros2_ws2/install/navigation_unity_package/lib/navigation_unity_package
[0.794s] Installing robot_communication_node script to /root/ros2_ws2/install/navigation_unity_package/lib/navigation_unity_package
[0.794s] Installing target_subscriber script to /root/ros2_ws2/install/navigation_unity_package/lib/navigation_unity_package
[0.795s] writing list of installed files to '/root/ros2_ws2/build/navigation_unity_package/install.log'
[0.829s] Invoked command in '/root/ros2_ws2/src/navigation_unity_package' returned '0': PYTHONPATH=/root/ros2_ws2/build/navigation_unity_package/prefix_override:/usr/lib/python3/dist-packages/colcon_core/task/python/colcon_distutils_commands:/root/ros2_ws2/install/navigation_unity_package/lib/python3.10/site-packages:${PYTHONPATH} /usr/bin/python3 -W ignore:setup.py install is deprecated -W ignore:easy_install command is deprecated setup.py egg_info --egg-base ../../build/navigation_unity_package build --build-base /root/ros2_ws2/build/navigation_unity_package/build install --record /root/ros2_ws2/build/navigation_unity_package/install.log --single-version-externally-managed install_data
