[0.012s] Invoking command in '/home/ubuntu/ros2_ws/build/custom_msgs': CMAKE_PREFIX_PATH=${CMAKE_PREFIX_PATH}:/home/ubuntu/ros2_ws/install/ros_tcp_endpoint:/home/ubuntu/ros2_ws/install/navigation_unity_package:/opt/ros/humble /usr/bin/cmake --build /home/ubuntu/ros2_ws/build/custom_msgs -- -j4 -l4
[0.114s] -- Found ament_cmake: 1.3.11 (/opt/ros/humble/share/ament_cmake/cmake)
[0.129s] -- Found geometry_msgs: 4.2.4 (/opt/ros/humble/share/geometry_msgs/cmake)
[0.154s] -- Found rosidl_generator_c: 3.1.6 (/opt/ros/humble/share/rosidl_generator_c/cmake)
[0.156s] -- Found rosidl_adapter: 3.1.6 (/opt/ros/humble/share/rosidl_adapter/cmake)
[0.162s] -- Found rosidl_generator_cpp: 3.1.6 (/opt/ros/humble/share/rosidl_generator_cpp/cmake)
[0.170s] -- Using all available rosidl_typesupport_c: rosidl_typesupport_fastrtps_c;rosidl_typesupport_introspection_c
[0.179s] -- Using all available rosidl_typesupport_cpp: rosidl_typesupport_fastrtps_cpp;rosidl_typesupport_introspection_cpp
[0.204s] -- Found rosidl_default_generators: 1.2.0 (/opt/ros/humble/share/rosidl_default_generators/cmake)
[0.351s] -- Found ament_cmake_ros: 0.10.0 (/opt/ros/humble/share/ament_cmake_ros/cmake)
[0.544s] -- Using all available rosidl_typesupport_c: rosidl_typesupport_fastrtps_c;rosidl_typesupport_introspection_c
[0.620s] -- Using all available rosidl_typesupport_cpp: rosidl_typesupport_fastrtps_cpp;rosidl_typesupport_introspection_cpp
[0.632s] -- Found python_cmake_module: 0.10.0 (/opt/ros/humble/share/python_cmake_module/cmake)
[0.642s] -- Using PYTHON_EXECUTABLE: /usr/bin/python3
[0.642s] -- Using PYTHON_INCLUDE_DIRS: /usr/include/python3.10
[0.642s] -- Using PYTHON_LIBRARIES: /usr/lib/aarch64-linux-gnu/libpython3.10.so
[0.657s] -- Found ament_lint_auto: 0.12.11 (/opt/ros/humble/share/ament_lint_auto/cmake)
[0.669s] -- Added test 'lint_cmake' to check CMake code style
[0.670s] -- Added test 'xmllint' to check XML markup files
[0.671s] -- Configuring done
[0.693s] -- Generating done
[0.699s] -- Build files have been written to: /home/ubuntu/ros2_ws/build/custom_msgs
[0.709s] [  2%] [34m[1mGenerating C code for ROS interfaces[0m
[0.712s] [  4%] [34m[1mGenerating C++ code for ROS interfaces[0m
[0.716s] [  4%] Built target ament_cmake_python_copy_custom_msgs
[0.804s] running egg_info
[0.805s] writing custom_msgs.egg-info/PKG-INFO
[0.805s] writing dependency_links to custom_msgs.egg-info/dependency_links.txt
[0.805s] writing top-level names to custom_msgs.egg-info/top_level.txt
[0.806s] reading manifest file 'custom_msgs.egg-info/SOURCES.txt'
[0.806s] writing manifest file 'custom_msgs.egg-info/SOURCES.txt'
[0.819s] [  4%] Built target ament_cmake_python_build_custom_msgs_egg
[0.872s] [  4%] Built target custom_msgs__cpp
[0.873s] [35m[1mConsolidate compiler generated dependencies of target custom_msgs__rosidl_generator_c[0m
[0.876s] [  8%] [34m[1mGenerating C++ type support for eProsima Fast-RTPS[0m
[0.876s] [  8%] [34m[1mGenerating C++ introspection for ROS interfaces[0m
[0.876s] [ 10%] [34m[1mGenerating C++ type support dispatch for ROS interfaces[0m
[0.878s] [ 12%] [32mBuilding C object CMakeFiles/custom_msgs__rosidl_generator_c.dir/rosidl_generator_c/custom_msgs/msg/detail/agent_target_positions__functions.c.o[0m
[0.961s] [ 14%] [32mBuilding C object CMakeFiles/custom_msgs__rosidl_generator_c.dir/rosidl_generator_c/custom_msgs/msg/detail/agent_target_destinations__functions.c.o[0m
[0.994s] [ 17%] [32mBuilding C object CMakeFiles/custom_msgs__rosidl_generator_c.dir/rosidl_generator_c/custom_msgs/msg/detail/agent_status__functions.c.o[0m
[0.996s] [35m[1mConsolidate compiler generated dependencies of target custom_msgs__rosidl_typesupport_cpp[0m
[1.001s] [ 19%] [32mBuilding CXX object CMakeFiles/custom_msgs__rosidl_typesupport_cpp.dir/rosidl_typesupport_cpp/custom_msgs/msg/agent_target_positions__type_support.cpp.o[0m
[1.014s] [ 21%] [32m[1mLinking C shared library libcustom_msgs__rosidl_generator_c.so[0m
[1.025s] [35m[1mConsolidate compiler generated dependencies of target custom_msgs__rosidl_typesupport_introspection_cpp[0m
[1.027s] [35m[1mConsolidate compiler generated dependencies of target custom_msgs__rosidl_typesupport_fastrtps_cpp[0m
[1.031s] [ 23%] [32mBuilding CXX object CMakeFiles/custom_msgs__rosidl_typesupport_introspection_cpp.dir/rosidl_typesupport_introspection_cpp/custom_msgs/msg/detail/agent_target_positions__type_support.cpp.o[0m
[1.033s] [ 25%] [32mBuilding CXX object CMakeFiles/custom_msgs__rosidl_typesupport_fastrtps_cpp.dir/rosidl_typesupport_fastrtps_cpp/custom_msgs/msg/detail/dds_fastrtps/agent_target_positions__type_support.cpp.o[0m
[1.036s] [ 25%] Built target custom_msgs__rosidl_generator_c
[1.039s] [ 27%] [32mBuilding CXX object CMakeFiles/custom_msgs__rosidl_typesupport_introspection_cpp.dir/rosidl_typesupport_introspection_cpp/custom_msgs/msg/detail/agent_target_destinations__type_support.cpp.o[0m
[1.181s] [ 29%] [32mBuilding CXX object CMakeFiles/custom_msgs__rosidl_typesupport_cpp.dir/rosidl_typesupport_cpp/custom_msgs/msg/agent_target_destinations__type_support.cpp.o[0m
[1.252s] [ 31%] [32mBuilding CXX object CMakeFiles/custom_msgs__rosidl_typesupport_introspection_cpp.dir/rosidl_typesupport_introspection_cpp/custom_msgs/msg/detail/agent_status__type_support.cpp.o[0m
[1.260s] [ 34%] [32mBuilding CXX object CMakeFiles/custom_msgs__rosidl_typesupport_cpp.dir/rosidl_typesupport_cpp/custom_msgs/msg/agent_status__type_support.cpp.o[0m
[1.270s] [ 36%] [32mBuilding CXX object CMakeFiles/custom_msgs__rosidl_typesupport_fastrtps_cpp.dir/rosidl_typesupport_fastrtps_cpp/custom_msgs/msg/detail/dds_fastrtps/agent_target_destinations__type_support.cpp.o[0m
[1.291s] [ 38%] [32mBuilding CXX object CMakeFiles/custom_msgs__rosidl_typesupport_fastrtps_cpp.dir/rosidl_typesupport_fastrtps_cpp/custom_msgs/msg/detail/dds_fastrtps/agent_status__type_support.cpp.o[0m
[1.358s] [ 40%] [32m[1mLinking CXX shared library libcustom_msgs__rosidl_typesupport_cpp.so[0m
[1.376s] [ 40%] Built target custom_msgs__rosidl_typesupport_cpp
[1.381s] [ 42%] [34m[1mGenerating C type support for eProsima Fast-RTPS[0m
[1.413s] [ 44%] [32m[1mLinking CXX shared library libcustom_msgs__rosidl_typesupport_introspection_cpp.so[0m
[1.441s] [ 46%] [34m[1mGenerating C introspection for ROS interfaces[0m
[1.445s] [ 46%] Built target custom_msgs__rosidl_typesupport_introspection_cpp
[1.449s] [ 48%] [34m[1mGenerating C type support dispatch for ROS interfaces[0m
[1.449s] [ 51%] [32m[1mLinking CXX shared library libcustom_msgs__rosidl_typesupport_fastrtps_cpp.so[0m
[1.482s] [ 51%] Built target custom_msgs__rosidl_typesupport_fastrtps_cpp
[1.523s] [35m[1mConsolidate compiler generated dependencies of target custom_msgs__rosidl_typesupport_fastrtps_c[0m
[1.528s] [ 53%] [32mBuilding CXX object CMakeFiles/custom_msgs__rosidl_typesupport_fastrtps_c.dir/rosidl_typesupport_fastrtps_c/custom_msgs/msg/detail/agent_target_positions__type_support_c.cpp.o[0m
[1.531s] [ 55%] [32mBuilding CXX object CMakeFiles/custom_msgs__rosidl_typesupport_fastrtps_c.dir/rosidl_typesupport_fastrtps_c/custom_msgs/msg/detail/agent_target_destinations__type_support_c.cpp.o[0m
[1.573s] [35m[1mConsolidate compiler generated dependencies of target custom_msgs__rosidl_typesupport_c[0m
[1.577s] [ 57%] [32mBuilding CXX object CMakeFiles/custom_msgs__rosidl_typesupport_c.dir/rosidl_typesupport_c/custom_msgs/msg/agent_target_positions__type_support.cpp.o[0m
[1.582s] [35m[1mConsolidate compiler generated dependencies of target custom_msgs__rosidl_typesupport_introspection_c[0m
[1.587s] [ 59%] [32mBuilding C object CMakeFiles/custom_msgs__rosidl_typesupport_introspection_c.dir/rosidl_typesupport_introspection_c/custom_msgs/msg/detail/agent_target_positions__type_support.c.o[0m
[1.590s] [ 61%] [32mBuilding CXX object CMakeFiles/custom_msgs__rosidl_typesupport_c.dir/rosidl_typesupport_c/custom_msgs/msg/agent_target_destinations__type_support.cpp.o[0m
[1.603s] [ 63%] [32mBuilding CXX object CMakeFiles/custom_msgs__rosidl_typesupport_c.dir/rosidl_typesupport_c/custom_msgs/msg/agent_status__type_support.cpp.o[0m
[1.615s] [ 65%] [32mBuilding C object CMakeFiles/custom_msgs__rosidl_typesupport_introspection_c.dir/rosidl_typesupport_introspection_c/custom_msgs/msg/detail/agent_target_destinations__type_support.c.o[0m
[1.618s] [ 68%] [32m[1mLinking CXX shared library libcustom_msgs__rosidl_typesupport_c.so[0m
[1.641s] [ 70%] [32mBuilding C object CMakeFiles/custom_msgs__rosidl_typesupport_introspection_c.dir/rosidl_typesupport_introspection_c/custom_msgs/msg/detail/agent_status__type_support.c.o[0m
[1.641s] [ 70%] Built target custom_msgs__rosidl_typesupport_c
[1.644s] [ 72%] [32mBuilding CXX object CMakeFiles/custom_msgs__rosidl_typesupport_fastrtps_c.dir/rosidl_typesupport_fastrtps_c/custom_msgs/msg/detail/agent_status__type_support_c.cpp.o[0m
[1.657s] [ 74%] [32m[1mLinking C shared library libcustom_msgs__rosidl_typesupport_introspection_c.so[0m
[1.668s] [ 74%] Built target custom_msgs__rosidl_typesupport_introspection_c
[1.754s] [ 76%] [32m[1mLinking CXX shared library libcustom_msgs__rosidl_typesupport_fastrtps_c.so[0m
[1.781s] [ 76%] Built target custom_msgs__rosidl_typesupport_fastrtps_c
[1.786s] [ 76%] Built target custom_msgs
[1.792s] [ 78%] [34m[1mGenerating Python code for ROS interfaces[0m
[1.985s] [ 78%] Built target custom_msgs__py
[1.988s] [35m[1mConsolidate compiler generated dependencies of target custom_msgs__rosidl_generator_py[0m
[1.993s] [ 82%] [32mBuilding C object CMakeFiles/custom_msgs__rosidl_generator_py.dir/rosidl_generator_py/custom_msgs/msg/_agent_target_positions_s.c.o[0m
[1.993s] [ 82%] [32mBuilding C object CMakeFiles/custom_msgs__rosidl_generator_py.dir/rosidl_generator_py/custom_msgs/msg/_agent_target_destinations_s.c.o[0m
[1.993s] [ 85%] [32mBuilding C object CMakeFiles/custom_msgs__rosidl_generator_py.dir/rosidl_generator_py/custom_msgs/msg/_agent_status_s.c.o[0m
[2.069s] [ 87%] [32m[1mLinking C shared library rosidl_generator_py/custom_msgs/libcustom_msgs__rosidl_generator_py.so[0m
[2.084s] [ 87%] Built target custom_msgs__rosidl_generator_py
[2.088s] [35m[1mConsolidate compiler generated dependencies of target custom_msgs__rosidl_typesupport_fastrtps_c__pyext[0m
[2.088s] [35m[1mConsolidate compiler generated dependencies of target custom_msgs__rosidl_typesupport_introspection_c__pyext[0m
[2.088s] [35m[1mConsolidate compiler generated dependencies of target custom_msgs__rosidl_typesupport_c__pyext[0m
[2.092s] [ 91%] [32mBuilding C object CMakeFiles/custom_msgs__rosidl_typesupport_fastrtps_c__pyext.dir/rosidl_generator_py/custom_msgs/_custom_msgs_s.ep.rosidl_typesupport_fastrtps_c.c.o[0m
[2.092s] [ 91%] [32mBuilding C object CMakeFiles/custom_msgs__rosidl_typesupport_introspection_c__pyext.dir/rosidl_generator_py/custom_msgs/_custom_msgs_s.ep.rosidl_typesupport_introspection_c.c.o[0m
[2.092s] [ 93%] [32mBuilding C object CMakeFiles/custom_msgs__rosidl_typesupport_c__pyext.dir/rosidl_generator_py/custom_msgs/_custom_msgs_s.ep.rosidl_typesupport_c.c.o[0m
[2.134s] [100%] [32m[1mLinking C shared library rosidl_generator_py/custom_msgs/custom_msgs_s__rosidl_typesupport_fastrtps_c.cpython-310-aarch64-linux-gnu.so[0m
[2.134s] [100%] [32m[1mLinking C shared library rosidl_generator_py/custom_msgs/custom_msgs_s__rosidl_typesupport_c.cpython-310-aarch64-linux-gnu.so[0m
[2.134s] [100%] [32m[1mLinking C shared library rosidl_generator_py/custom_msgs/custom_msgs_s__rosidl_typesupport_introspection_c.cpython-310-aarch64-linux-gnu.so[0m
[2.149s] [100%] Built target custom_msgs__rosidl_typesupport_c__pyext
[2.149s] [100%] Built target custom_msgs__rosidl_typesupport_fastrtps_c__pyext
[2.155s] [100%] Built target custom_msgs__rosidl_typesupport_introspection_c__pyext
[2.159s] Invoked command in '/home/ubuntu/ros2_ws/build/custom_msgs' returned '0': CMAKE_PREFIX_PATH=${CMAKE_PREFIX_PATH}:/home/ubuntu/ros2_ws/install/ros_tcp_endpoint:/home/ubuntu/ros2_ws/install/navigation_unity_package:/opt/ros/humble /usr/bin/cmake --build /home/ubuntu/ros2_ws/build/custom_msgs -- -j4 -l4
[2.162s] Invoking command in '/home/ubuntu/ros2_ws/build/custom_msgs': CMAKE_PREFIX_PATH=${CMAKE_PREFIX_PATH}:/home/ubuntu/ros2_ws/install/ros_tcp_endpoint:/home/ubuntu/ros2_ws/install/navigation_unity_package:/opt/ros/humble /usr/bin/cmake --install /home/ubuntu/ros2_ws/build/custom_msgs
[2.164s] -- Install configuration: ""
[2.165s] -- Installing: /home/ubuntu/ros2_ws/install/custom_msgs/share/ament_index/resource_index/rosidl_interfaces/custom_msgs
[2.165s] -- Up-to-date: /home/ubuntu/ros2_ws/install/custom_msgs/include/custom_msgs/custom_msgs
[2.165s] -- Up-to-date: /home/ubuntu/ros2_ws/install/custom_msgs/include/custom_msgs/custom_msgs/msg
[2.165s] -- Up-to-date: /home/ubuntu/ros2_ws/install/custom_msgs/include/custom_msgs/custom_msgs/msg/rosidl_generator_c__visibility_control.h
[2.165s] -- Up-to-date: /home/ubuntu/ros2_ws/install/custom_msgs/include/custom_msgs/custom_msgs/msg/detail
[2.165s] -- Installing: /home/ubuntu/ros2_ws/install/custom_msgs/include/custom_msgs/custom_msgs/msg/detail/agent_target_positions__struct.h
[2.165s] -- Installing: /home/ubuntu/ros2_ws/install/custom_msgs/include/custom_msgs/custom_msgs/msg/detail/agent_target_positions__functions.h
[2.165s] -- Installing: /home/ubuntu/ros2_ws/install/custom_msgs/include/custom_msgs/custom_msgs/msg/detail/agent_status__functions.c
[2.165s] -- Installing: /home/ubuntu/ros2_ws/install/custom_msgs/include/custom_msgs/custom_msgs/msg/detail/agent_status__type_support.h
[2.165s] -- Installing: /home/ubuntu/ros2_ws/install/custom_msgs/include/custom_msgs/custom_msgs/msg/detail/agent_target_destinations__functions.h
[2.165s] -- Installing: /home/ubuntu/ros2_ws/install/custom_msgs/include/custom_msgs/custom_msgs/msg/detail/agent_target_destinations__functions.c
[2.165s] -- Installing: /home/ubuntu/ros2_ws/install/custom_msgs/include/custom_msgs/custom_msgs/msg/detail/agent_target_destinations__struct.h
[2.165s] -- Installing: /home/ubuntu/ros2_ws/install/custom_msgs/include/custom_msgs/custom_msgs/msg/detail/agent_target_positions__type_support.h
[2.165s] -- Installing: /home/ubuntu/ros2_ws/install/custom_msgs/include/custom_msgs/custom_msgs/msg/detail/agent_target_positions__functions.c
[2.165s] -- Installing: /home/ubuntu/ros2_ws/install/custom_msgs/include/custom_msgs/custom_msgs/msg/detail/agent_status__struct.h
[2.165s] -- Installing: /home/ubuntu/ros2_ws/install/custom_msgs/include/custom_msgs/custom_msgs/msg/detail/agent_target_destinations__type_support.h
[2.165s] -- Installing: /home/ubuntu/ros2_ws/install/custom_msgs/include/custom_msgs/custom_msgs/msg/detail/agent_status__functions.h
[2.165s] -- Installing: /home/ubuntu/ros2_ws/install/custom_msgs/include/custom_msgs/custom_msgs/msg/agent_status.h
[2.165s] -- Installing: /home/ubuntu/ros2_ws/install/custom_msgs/include/custom_msgs/custom_msgs/msg/agent_target_destinations.h
[2.166s] -- Installing: /home/ubuntu/ros2_ws/install/custom_msgs/include/custom_msgs/custom_msgs/msg/agent_target_positions.h
[2.166s] -- Up-to-date: /home/ubuntu/ros2_ws/install/custom_msgs/share/custom_msgs/environment/library_path.sh
[2.166s] -- Installing: /home/ubuntu/ros2_ws/install/custom_msgs/share/custom_msgs/environment/library_path.dsv
[2.166s] -- Installing: /home/ubuntu/ros2_ws/install/custom_msgs/lib/libcustom_msgs__rosidl_generator_c.so
[2.166s] -- Set runtime path of "/home/ubuntu/ros2_ws/install/custom_msgs/lib/libcustom_msgs__rosidl_generator_c.so" to ""
[2.166s] -- Up-to-date: /home/ubuntu/ros2_ws/install/custom_msgs/include/custom_msgs/custom_msgs
[2.166s] -- Up-to-date: /home/ubuntu/ros2_ws/install/custom_msgs/include/custom_msgs/custom_msgs/msg
[2.166s] -- Up-to-date: /home/ubuntu/ros2_ws/install/custom_msgs/include/custom_msgs/custom_msgs/msg/rosidl_typesupport_fastrtps_c__visibility_control.h
[2.166s] -- Up-to-date: /home/ubuntu/ros2_ws/install/custom_msgs/include/custom_msgs/custom_msgs/msg/detail
[2.166s] -- Installing: /home/ubuntu/ros2_ws/install/custom_msgs/include/custom_msgs/custom_msgs/msg/detail/agent_target_destinations__rosidl_typesupport_fastrtps_c.h
[2.166s] -- Installing: /home/ubuntu/ros2_ws/install/custom_msgs/include/custom_msgs/custom_msgs/msg/detail/agent_status__rosidl_typesupport_fastrtps_c.h
[2.166s] -- Installing: /home/ubuntu/ros2_ws/install/custom_msgs/include/custom_msgs/custom_msgs/msg/detail/agent_target_positions__rosidl_typesupport_fastrtps_c.h
[2.166s] -- Installing: /home/ubuntu/ros2_ws/install/custom_msgs/lib/libcustom_msgs__rosidl_typesupport_fastrtps_c.so
[2.166s] -- Set runtime path of "/home/ubuntu/ros2_ws/install/custom_msgs/lib/libcustom_msgs__rosidl_typesupport_fastrtps_c.so" to ""
[2.167s] -- Up-to-date: /home/ubuntu/ros2_ws/install/custom_msgs/include/custom_msgs/custom_msgs
[2.167s] -- Up-to-date: /home/ubuntu/ros2_ws/install/custom_msgs/include/custom_msgs/custom_msgs/msg
[2.167s] -- Installing: /home/ubuntu/ros2_ws/install/custom_msgs/include/custom_msgs/custom_msgs/msg/agent_status.hpp
[2.167s] -- Installing: /home/ubuntu/ros2_ws/install/custom_msgs/include/custom_msgs/custom_msgs/msg/agent_target_destinations.hpp
[2.167s] -- Up-to-date: /home/ubuntu/ros2_ws/install/custom_msgs/include/custom_msgs/custom_msgs/msg/rosidl_generator_cpp__visibility_control.hpp
[2.167s] -- Installing: /home/ubuntu/ros2_ws/install/custom_msgs/include/custom_msgs/custom_msgs/msg/agent_target_positions.hpp
[2.167s] -- Up-to-date: /home/ubuntu/ros2_ws/install/custom_msgs/include/custom_msgs/custom_msgs/msg/detail
[2.167s] -- Installing: /home/ubuntu/ros2_ws/install/custom_msgs/include/custom_msgs/custom_msgs/msg/detail/agent_status__type_support.hpp
[2.167s] -- Installing: /home/ubuntu/ros2_ws/install/custom_msgs/include/custom_msgs/custom_msgs/msg/detail/agent_status__struct.hpp
[2.167s] -- Installing: /home/ubuntu/ros2_ws/install/custom_msgs/include/custom_msgs/custom_msgs/msg/detail/agent_target_positions__type_support.hpp
[2.167s] -- Installing: /home/ubuntu/ros2_ws/install/custom_msgs/include/custom_msgs/custom_msgs/msg/detail/agent_status__traits.hpp
[2.167s] -- Installing: /home/ubuntu/ros2_ws/install/custom_msgs/include/custom_msgs/custom_msgs/msg/detail/agent_target_destinations__traits.hpp
[2.167s] -- Installing: /home/ubuntu/ros2_ws/install/custom_msgs/include/custom_msgs/custom_msgs/msg/detail/agent_target_destinations__builder.hpp
[2.167s] -- Installing: /home/ubuntu/ros2_ws/install/custom_msgs/include/custom_msgs/custom_msgs/msg/detail/agent_target_destinations__type_support.hpp
[2.167s] -- Installing: /home/ubuntu/ros2_ws/install/custom_msgs/include/custom_msgs/custom_msgs/msg/detail/agent_target_positions__traits.hpp
[2.167s] -- Installing: /home/ubuntu/ros2_ws/install/custom_msgs/include/custom_msgs/custom_msgs/msg/detail/agent_status__builder.hpp
[2.167s] -- Installing: /home/ubuntu/ros2_ws/install/custom_msgs/include/custom_msgs/custom_msgs/msg/detail/agent_target_positions__builder.hpp
[2.167s] -- Installing: /home/ubuntu/ros2_ws/install/custom_msgs/include/custom_msgs/custom_msgs/msg/detail/agent_target_positions__struct.hpp
[2.167s] -- Installing: /home/ubuntu/ros2_ws/install/custom_msgs/include/custom_msgs/custom_msgs/msg/detail/agent_target_destinations__struct.hpp
[2.168s] -- Up-to-date: /home/ubuntu/ros2_ws/install/custom_msgs/include/custom_msgs/custom_msgs
[2.168s] -- Up-to-date: /home/ubuntu/ros2_ws/install/custom_msgs/include/custom_msgs/custom_msgs/msg
[2.168s] -- Up-to-date: /home/ubuntu/ros2_ws/install/custom_msgs/include/custom_msgs/custom_msgs/msg/rosidl_typesupport_fastrtps_cpp__visibility_control.h
[2.168s] -- Up-to-date: /home/ubuntu/ros2_ws/install/custom_msgs/include/custom_msgs/custom_msgs/msg/detail
[2.168s] -- Up-to-date: /home/ubuntu/ros2_ws/install/custom_msgs/include/custom_msgs/custom_msgs/msg/detail/dds_fastrtps
[2.168s] -- Installing: /home/ubuntu/ros2_ws/install/custom_msgs/include/custom_msgs/custom_msgs/msg/detail/agent_target_destinations__rosidl_typesupport_fastrtps_cpp.hpp
[2.168s] -- Installing: /home/ubuntu/ros2_ws/install/custom_msgs/include/custom_msgs/custom_msgs/msg/detail/agent_target_positions__rosidl_typesupport_fastrtps_cpp.hpp
[2.168s] -- Installing: /home/ubuntu/ros2_ws/install/custom_msgs/include/custom_msgs/custom_msgs/msg/detail/agent_status__rosidl_typesupport_fastrtps_cpp.hpp
[2.168s] -- Installing: /home/ubuntu/ros2_ws/install/custom_msgs/lib/libcustom_msgs__rosidl_typesupport_fastrtps_cpp.so
[2.168s] -- Set runtime path of "/home/ubuntu/ros2_ws/install/custom_msgs/lib/libcustom_msgs__rosidl_typesupport_fastrtps_cpp.so" to ""
[2.168s] -- Up-to-date: /home/ubuntu/ros2_ws/install/custom_msgs/include/custom_msgs/custom_msgs
[2.168s] -- Up-to-date: /home/ubuntu/ros2_ws/install/custom_msgs/include/custom_msgs/custom_msgs/msg
[2.168s] -- Up-to-date: /home/ubuntu/ros2_ws/install/custom_msgs/include/custom_msgs/custom_msgs/msg/rosidl_typesupport_introspection_c__visibility_control.h
[2.168s] -- Up-to-date: /home/ubuntu/ros2_ws/install/custom_msgs/include/custom_msgs/custom_msgs/msg/detail
[2.168s] -- Installing: /home/ubuntu/ros2_ws/install/custom_msgs/include/custom_msgs/custom_msgs/msg/detail/agent_target_destinations__type_support.c
[2.168s] -- Installing: /home/ubuntu/ros2_ws/install/custom_msgs/include/custom_msgs/custom_msgs/msg/detail/agent_target_positions__rosidl_typesupport_introspection_c.h
[2.168s] -- Installing: /home/ubuntu/ros2_ws/install/custom_msgs/include/custom_msgs/custom_msgs/msg/detail/agent_status__rosidl_typesupport_introspection_c.h
[2.168s] -- Installing: /home/ubuntu/ros2_ws/install/custom_msgs/include/custom_msgs/custom_msgs/msg/detail/agent_target_positions__type_support.c
[2.168s] -- Installing: /home/ubuntu/ros2_ws/install/custom_msgs/include/custom_msgs/custom_msgs/msg/detail/agent_status__type_support.c
[2.168s] -- Installing: /home/ubuntu/ros2_ws/install/custom_msgs/include/custom_msgs/custom_msgs/msg/detail/agent_target_destinations__rosidl_typesupport_introspection_c.h
[2.169s] -- Installing: /home/ubuntu/ros2_ws/install/custom_msgs/lib/libcustom_msgs__rosidl_typesupport_introspection_c.so
[2.169s] -- Set runtime path of "/home/ubuntu/ros2_ws/install/custom_msgs/lib/libcustom_msgs__rosidl_typesupport_introspection_c.so" to ""
[2.169s] -- Installing: /home/ubuntu/ros2_ws/install/custom_msgs/lib/libcustom_msgs__rosidl_typesupport_c.so
[2.169s] -- Set runtime path of "/home/ubuntu/ros2_ws/install/custom_msgs/lib/libcustom_msgs__rosidl_typesupport_c.so" to ""
[2.169s] -- Up-to-date: /home/ubuntu/ros2_ws/install/custom_msgs/include/custom_msgs/custom_msgs
[2.169s] -- Up-to-date: /home/ubuntu/ros2_ws/install/custom_msgs/include/custom_msgs/custom_msgs/msg
[2.169s] -- Up-to-date: /home/ubuntu/ros2_ws/install/custom_msgs/include/custom_msgs/custom_msgs/msg/detail
[2.169s] -- Installing: /home/ubuntu/ros2_ws/install/custom_msgs/include/custom_msgs/custom_msgs/msg/detail/agent_target_positions__type_support.cpp
[2.169s] -- Installing: /home/ubuntu/ros2_ws/install/custom_msgs/include/custom_msgs/custom_msgs/msg/detail/agent_target_positions__rosidl_typesupport_introspection_cpp.hpp
[2.169s] -- Installing: /home/ubuntu/ros2_ws/install/custom_msgs/include/custom_msgs/custom_msgs/msg/detail/agent_status__rosidl_typesupport_introspection_cpp.hpp
[2.169s] -- Installing: /home/ubuntu/ros2_ws/install/custom_msgs/include/custom_msgs/custom_msgs/msg/detail/agent_target_destinations__rosidl_typesupport_introspection_cpp.hpp
[2.169s] -- Installing: /home/ubuntu/ros2_ws/install/custom_msgs/include/custom_msgs/custom_msgs/msg/detail/agent_target_destinations__type_support.cpp
[2.170s] -- Installing: /home/ubuntu/ros2_ws/install/custom_msgs/include/custom_msgs/custom_msgs/msg/detail/agent_status__type_support.cpp
[2.170s] -- Installing: /home/ubuntu/ros2_ws/install/custom_msgs/lib/libcustom_msgs__rosidl_typesupport_introspection_cpp.so
[2.170s] -- Set runtime path of "/home/ubuntu/ros2_ws/install/custom_msgs/lib/libcustom_msgs__rosidl_typesupport_introspection_cpp.so" to ""
[2.171s] -- Installing: /home/ubuntu/ros2_ws/install/custom_msgs/lib/libcustom_msgs__rosidl_typesupport_cpp.so
[2.171s] -- Set runtime path of "/home/ubuntu/ros2_ws/install/custom_msgs/lib/libcustom_msgs__rosidl_typesupport_cpp.so" to ""
[2.171s] -- Up-to-date: /home/ubuntu/ros2_ws/install/custom_msgs/share/custom_msgs/environment/pythonpath.sh
[2.171s] -- Installing: /home/ubuntu/ros2_ws/install/custom_msgs/share/custom_msgs/environment/pythonpath.dsv
[2.171s] -- Up-to-date: /home/ubuntu/ros2_ws/install/custom_msgs/local/lib/python3.10/dist-packages/custom_msgs-0.0.0-py3.10.egg-info
[2.171s] -- Installing: /home/ubuntu/ros2_ws/install/custom_msgs/local/lib/python3.10/dist-packages/custom_msgs-0.0.0-py3.10.egg-info/SOURCES.txt
[2.171s] -- Installing: /home/ubuntu/ros2_ws/install/custom_msgs/local/lib/python3.10/dist-packages/custom_msgs-0.0.0-py3.10.egg-info/PKG-INFO
[2.171s] -- Installing: /home/ubuntu/ros2_ws/install/custom_msgs/local/lib/python3.10/dist-packages/custom_msgs-0.0.0-py3.10.egg-info/top_level.txt
[2.171s] -- Installing: /home/ubuntu/ros2_ws/install/custom_msgs/local/lib/python3.10/dist-packages/custom_msgs-0.0.0-py3.10.egg-info/dependency_links.txt
[2.171s] -- Up-to-date: /home/ubuntu/ros2_ws/install/custom_msgs/local/lib/python3.10/dist-packages/custom_msgs
[2.171s] -- Installing: /home/ubuntu/ros2_ws/install/custom_msgs/local/lib/python3.10/dist-packages/custom_msgs/custom_msgs_s__rosidl_typesupport_introspection_c.cpython-310-aarch64-linux-gnu.so
[2.171s] -- Installing: /home/ubuntu/ros2_ws/install/custom_msgs/local/lib/python3.10/dist-packages/custom_msgs/_custom_msgs_s.ep.rosidl_typesupport_introspection_c.c
[2.171s] -- Installing: /home/ubuntu/ros2_ws/install/custom_msgs/local/lib/python3.10/dist-packages/custom_msgs/_custom_msgs_s.ep.rosidl_typesupport_fastrtps_c.c
[2.171s] -- Installing: /home/ubuntu/ros2_ws/install/custom_msgs/local/lib/python3.10/dist-packages/custom_msgs/_custom_msgs_s.ep.rosidl_typesupport_c.c
[2.171s] -- Installing: /home/ubuntu/ros2_ws/install/custom_msgs/local/lib/python3.10/dist-packages/custom_msgs/__init__.py
[2.171s] -- Installing: /home/ubuntu/ros2_ws/install/custom_msgs/local/lib/python3.10/dist-packages/custom_msgs/custom_msgs_s__rosidl_typesupport_fastrtps_c.cpython-310-aarch64-linux-gnu.so
[2.172s] -- Installing: /home/ubuntu/ros2_ws/install/custom_msgs/local/lib/python3.10/dist-packages/custom_msgs/custom_msgs_s__rosidl_typesupport_c.cpython-310-aarch64-linux-gnu.so
[2.172s] -- Up-to-date: /home/ubuntu/ros2_ws/install/custom_msgs/local/lib/python3.10/dist-packages/custom_msgs/msg
[2.172s] -- Installing: /home/ubuntu/ros2_ws/install/custom_msgs/local/lib/python3.10/dist-packages/custom_msgs/msg/_agent_target_positions_s.c
[2.172s] -- Installing: /home/ubuntu/ros2_ws/install/custom_msgs/local/lib/python3.10/dist-packages/custom_msgs/msg/_agent_status.py
[2.172s] -- Installing: /home/ubuntu/ros2_ws/install/custom_msgs/local/lib/python3.10/dist-packages/custom_msgs/msg/_agent_target_positions.py
[2.172s] -- Installing: /home/ubuntu/ros2_ws/install/custom_msgs/local/lib/python3.10/dist-packages/custom_msgs/msg/__init__.py
[2.172s] -- Installing: /home/ubuntu/ros2_ws/install/custom_msgs/local/lib/python3.10/dist-packages/custom_msgs/msg/_agent_target_destinations_s.c
[2.172s] -- Installing: /home/ubuntu/ros2_ws/install/custom_msgs/local/lib/python3.10/dist-packages/custom_msgs/msg/_agent_status_s.c
[2.172s] -- Installing: /home/ubuntu/ros2_ws/install/custom_msgs/local/lib/python3.10/dist-packages/custom_msgs/msg/_agent_target_destinations.py
[2.172s] -- Installing: /home/ubuntu/ros2_ws/install/custom_msgs/local/lib/python3.10/dist-packages/custom_msgs/libcustom_msgs__rosidl_generator_py.so
[2.187s] Listing '/home/ubuntu/ros2_ws/install/custom_msgs/local/lib/python3.10/dist-packages/custom_msgs'...
[2.188s] Compiling '/home/ubuntu/ros2_ws/install/custom_msgs/local/lib/python3.10/dist-packages/custom_msgs/__init__.py'...
[2.188s] Listing '/home/ubuntu/ros2_ws/install/custom_msgs/local/lib/python3.10/dist-packages/custom_msgs/msg'...
[2.188s] Compiling '/home/ubuntu/ros2_ws/install/custom_msgs/local/lib/python3.10/dist-packages/custom_msgs/msg/__init__.py'...
[2.188s] Compiling '/home/ubuntu/ros2_ws/install/custom_msgs/local/lib/python3.10/dist-packages/custom_msgs/msg/_agent_status.py'...
[2.188s] Compiling '/home/ubuntu/ros2_ws/install/custom_msgs/local/lib/python3.10/dist-packages/custom_msgs/msg/_agent_target_destinations.py'...
[2.188s] Compiling '/home/ubuntu/ros2_ws/install/custom_msgs/local/lib/python3.10/dist-packages/custom_msgs/msg/_agent_target_positions.py'...
[2.189s] -- Installing: /home/ubuntu/ros2_ws/install/custom_msgs/local/lib/python3.10/dist-packages/custom_msgs/custom_msgs_s__rosidl_typesupport_fastrtps_c.cpython-310-aarch64-linux-gnu.so
[2.190s] -- Set runtime path of "/home/ubuntu/ros2_ws/install/custom_msgs/local/lib/python3.10/dist-packages/custom_msgs/custom_msgs_s__rosidl_typesupport_fastrtps_c.cpython-310-aarch64-linux-gnu.so" to ""
[2.190s] -- Installing: /home/ubuntu/ros2_ws/install/custom_msgs/local/lib/python3.10/dist-packages/custom_msgs/custom_msgs_s__rosidl_typesupport_introspection_c.cpython-310-aarch64-linux-gnu.so
[2.190s] -- Set runtime path of "/home/ubuntu/ros2_ws/install/custom_msgs/local/lib/python3.10/dist-packages/custom_msgs/custom_msgs_s__rosidl_typesupport_introspection_c.cpython-310-aarch64-linux-gnu.so" to ""
[2.190s] -- Installing: /home/ubuntu/ros2_ws/install/custom_msgs/local/lib/python3.10/dist-packages/custom_msgs/custom_msgs_s__rosidl_typesupport_c.cpython-310-aarch64-linux-gnu.so
[2.190s] -- Set runtime path of "/home/ubuntu/ros2_ws/install/custom_msgs/local/lib/python3.10/dist-packages/custom_msgs/custom_msgs_s__rosidl_typesupport_c.cpython-310-aarch64-linux-gnu.so" to ""
[2.190s] -- Installing: /home/ubuntu/ros2_ws/install/custom_msgs/lib/libcustom_msgs__rosidl_generator_py.so
[2.190s] -- Set runtime path of "/home/ubuntu/ros2_ws/install/custom_msgs/lib/libcustom_msgs__rosidl_generator_py.so" to ""
[2.190s] -- Up-to-date: /home/ubuntu/ros2_ws/install/custom_msgs/share/custom_msgs/msg/AgentTargetPositions.idl
[2.190s] -- Up-to-date: /home/ubuntu/ros2_ws/install/custom_msgs/share/custom_msgs/msg/AgentTargetDestinations.idl
[2.191s] -- Installing: /home/ubuntu/ros2_ws/install/custom_msgs/share/custom_msgs/msg/AgentStatus.idl
[2.191s] -- Up-to-date: /home/ubuntu/ros2_ws/install/custom_msgs/share/custom_msgs/msg/AgentTargetPositions.msg
[2.191s] -- Up-to-date: /home/ubuntu/ros2_ws/install/custom_msgs/share/custom_msgs/msg/AgentTargetDestinations.msg
[2.191s] -- Installing: /home/ubuntu/ros2_ws/install/custom_msgs/share/custom_msgs/msg/AgentStatus.msg
[2.191s] -- Up-to-date: /home/ubuntu/ros2_ws/install/custom_msgs/share/ament_index/resource_index/package_run_dependencies/custom_msgs
[2.191s] -- Up-to-date: /home/ubuntu/ros2_ws/install/custom_msgs/share/ament_index/resource_index/parent_prefix_path/custom_msgs
[2.191s] -- Up-to-date: /home/ubuntu/ros2_ws/install/custom_msgs/share/custom_msgs/environment/ament_prefix_path.sh
[2.191s] -- Installing: /home/ubuntu/ros2_ws/install/custom_msgs/share/custom_msgs/environment/ament_prefix_path.dsv
[2.191s] -- Up-to-date: /home/ubuntu/ros2_ws/install/custom_msgs/share/custom_msgs/environment/path.sh
[2.191s] -- Installing: /home/ubuntu/ros2_ws/install/custom_msgs/share/custom_msgs/environment/path.dsv
[2.191s] -- Up-to-date: /home/ubuntu/ros2_ws/install/custom_msgs/share/custom_msgs/local_setup.bash
[2.191s] -- Up-to-date: /home/ubuntu/ros2_ws/install/custom_msgs/share/custom_msgs/local_setup.sh
[2.191s] -- Up-to-date: /home/ubuntu/ros2_ws/install/custom_msgs/share/custom_msgs/local_setup.zsh
[2.191s] -- Installing: /home/ubuntu/ros2_ws/install/custom_msgs/share/custom_msgs/local_setup.dsv
[2.191s] -- Installing: /home/ubuntu/ros2_ws/install/custom_msgs/share/custom_msgs/package.dsv
[2.191s] -- Up-to-date: /home/ubuntu/ros2_ws/install/custom_msgs/share/ament_index/resource_index/packages/custom_msgs
[2.191s] -- Up-to-date: /home/ubuntu/ros2_ws/install/custom_msgs/share/custom_msgs/cmake/export_custom_msgs__rosidl_generator_cExport.cmake
[2.191s] -- Up-to-date: /home/ubuntu/ros2_ws/install/custom_msgs/share/custom_msgs/cmake/export_custom_msgs__rosidl_generator_cExport-noconfig.cmake
[2.191s] -- Up-to-date: /home/ubuntu/ros2_ws/install/custom_msgs/share/custom_msgs/cmake/export_custom_msgs__rosidl_typesupport_fastrtps_cExport.cmake
[2.191s] -- Up-to-date: /home/ubuntu/ros2_ws/install/custom_msgs/share/custom_msgs/cmake/export_custom_msgs__rosidl_typesupport_fastrtps_cExport-noconfig.cmake
[2.192s] -- Up-to-date: /home/ubuntu/ros2_ws/install/custom_msgs/share/custom_msgs/cmake/export_custom_msgs__rosidl_generator_cppExport.cmake
[2.192s] -- Up-to-date: /home/ubuntu/ros2_ws/install/custom_msgs/share/custom_msgs/cmake/export_custom_msgs__rosidl_typesupport_fastrtps_cppExport.cmake
[2.192s] -- Up-to-date: /home/ubuntu/ros2_ws/install/custom_msgs/share/custom_msgs/cmake/export_custom_msgs__rosidl_typesupport_fastrtps_cppExport-noconfig.cmake
[2.192s] -- Up-to-date: /home/ubuntu/ros2_ws/install/custom_msgs/share/custom_msgs/cmake/custom_msgs__rosidl_typesupport_introspection_cExport.cmake
[2.192s] -- Up-to-date: /home/ubuntu/ros2_ws/install/custom_msgs/share/custom_msgs/cmake/custom_msgs__rosidl_typesupport_introspection_cExport-noconfig.cmake
[2.192s] -- Up-to-date: /home/ubuntu/ros2_ws/install/custom_msgs/share/custom_msgs/cmake/custom_msgs__rosidl_typesupport_cExport.cmake
[2.192s] -- Up-to-date: /home/ubuntu/ros2_ws/install/custom_msgs/share/custom_msgs/cmake/custom_msgs__rosidl_typesupport_cExport-noconfig.cmake
[2.192s] -- Up-to-date: /home/ubuntu/ros2_ws/install/custom_msgs/share/custom_msgs/cmake/custom_msgs__rosidl_typesupport_introspection_cppExport.cmake
[2.192s] -- Up-to-date: /home/ubuntu/ros2_ws/install/custom_msgs/share/custom_msgs/cmake/custom_msgs__rosidl_typesupport_introspection_cppExport-noconfig.cmake
[2.192s] -- Up-to-date: /home/ubuntu/ros2_ws/install/custom_msgs/share/custom_msgs/cmake/custom_msgs__rosidl_typesupport_cppExport.cmake
[2.192s] -- Up-to-date: /home/ubuntu/ros2_ws/install/custom_msgs/share/custom_msgs/cmake/custom_msgs__rosidl_typesupport_cppExport-noconfig.cmake
[2.192s] -- Up-to-date: /home/ubuntu/ros2_ws/install/custom_msgs/share/custom_msgs/cmake/export_custom_msgs__rosidl_generator_pyExport.cmake
[2.192s] -- Up-to-date: /home/ubuntu/ros2_ws/install/custom_msgs/share/custom_msgs/cmake/export_custom_msgs__rosidl_generator_pyExport-noconfig.cmake
[2.192s] -- Installing: /home/ubuntu/ros2_ws/install/custom_msgs/share/custom_msgs/cmake/rosidl_cmake-extras.cmake
[2.192s] -- Up-to-date: /home/ubuntu/ros2_ws/install/custom_msgs/share/custom_msgs/cmake/ament_cmake_export_dependencies-extras.cmake
[2.192s] -- Up-to-date: /home/ubuntu/ros2_ws/install/custom_msgs/share/custom_msgs/cmake/ament_cmake_export_include_directories-extras.cmake
[2.192s] -- Up-to-date: /home/ubuntu/ros2_ws/install/custom_msgs/share/custom_msgs/cmake/ament_cmake_export_libraries-extras.cmake
[2.192s] -- Up-to-date: /home/ubuntu/ros2_ws/install/custom_msgs/share/custom_msgs/cmake/ament_cmake_export_targets-extras.cmake
[2.192s] -- Up-to-date: /home/ubuntu/ros2_ws/install/custom_msgs/share/custom_msgs/cmake/rosidl_cmake_export_typesupport_targets-extras.cmake
[2.192s] -- Up-to-date: /home/ubuntu/ros2_ws/install/custom_msgs/share/custom_msgs/cmake/rosidl_cmake_export_typesupport_libraries-extras.cmake
[2.192s] -- Up-to-date: /home/ubuntu/ros2_ws/install/custom_msgs/share/custom_msgs/cmake/custom_msgsConfig.cmake
[2.192s] -- Up-to-date: /home/ubuntu/ros2_ws/install/custom_msgs/share/custom_msgs/cmake/custom_msgsConfig-version.cmake
[2.192s] -- Up-to-date: /home/ubuntu/ros2_ws/install/custom_msgs/share/custom_msgs/package.xml
[2.194s] Invoked command in '/home/ubuntu/ros2_ws/build/custom_msgs' returned '0': CMAKE_PREFIX_PATH=${CMAKE_PREFIX_PATH}:/home/ubuntu/ros2_ws/install/ros_tcp_endpoint:/home/ubuntu/ros2_ws/install/navigation_unity_package:/opt/ros/humble /usr/bin/cmake --install /home/ubuntu/ros2_ws/build/custom_msgs
