[0.171s] DEBUG:colcon:Command line arguments: ['/usr/bin/colcon', 'build']
[0.171s] DEBUG:colcon:Parsed command line arguments: Namespace(log_base=None, log_level=None, verb_name='build', build_base='build', install_base='install', merge_install=False, symlink_install=False, test_result_base=None, continue_on_error=False, executor='parallel', parallel_workers=16, event_handlers=None, ignore_user_meta=False, metas=['./colcon.meta'], base_paths=['.'], packages_ignore=None, packages_ignore_regex=None, paths=None, packages_up_to=None, packages_up_to_regex=None, packages_above=None, packages_above_and_dependencies=None, packages_above_depth=None, packages_select_by_dep=None, packages_skip_by_dep=None, packages_skip_up_to=None, packages_select_build_failed=False, packages_skip_build_finished=False, packages_select_test_failures=False, packages_skip_test_passed=False, packages_select=None, packages_skip=None, packages_select_regex=None, packages_skip_regex=None, packages_start=None, packages_end=None, allow_overriding=[], cmake_args=None, cmake_target=None, cmake_target_skip_unavailable=False, cmake_clean_cache=False, cmake_clean_first=False, cmake_force_configure=False, ament_cmake_args=None, catkin_cmake_args=None, catkin_skip_building_tests=False, mixin_files=None, mixin=None, verb_parser=<colcon_mixin.mixin.mixin_argument.MixinArgumentDecorator object at 0x7f8de5836440>, verb_extension=<colcon_core.verb.build.BuildVerb object at 0x7f8de59c3370>, main=<bound method BuildVerb.main of <colcon_core.verb.build.BuildVerb object at 0x7f8de59c3370>>, mixin_verb=('build',))
[0.281s] Level 1:colcon.colcon_core.package_discovery:discover_packages(colcon_meta) check parameters
[0.281s] Level 1:colcon.colcon_core.package_discovery:discover_packages(recursive) check parameters
[0.281s] Level 1:colcon.colcon_core.package_discovery:discover_packages(ignore) check parameters
[0.281s] Level 1:colcon.colcon_core.package_discovery:discover_packages(path) check parameters
[0.281s] Level 1:colcon.colcon_core.package_discovery:discover_packages(colcon_meta) discover
[0.281s] Level 1:colcon.colcon_core.package_discovery:discover_packages(recursive) discover
[0.282s] INFO:colcon.colcon_core.package_discovery:Crawling recursively for packages in '/root/ros2_ws2'
[0.282s] Level 1:colcon.colcon_core.package_identification:_identify(.) by extensions ['ignore', 'ignore_ament_install']
[0.282s] Level 1:colcon.colcon_core.package_identification:_identify(.) by extension 'ignore'
[0.282s] Level 1:colcon.colcon_core.package_identification:_identify(.) by extension 'ignore_ament_install'
[0.282s] Level 1:colcon.colcon_core.package_identification:_identify(.) by extensions ['colcon_pkg']
[0.282s] Level 1:colcon.colcon_core.package_identification:_identify(.) by extension 'colcon_pkg'
[0.282s] Level 1:colcon.colcon_core.package_identification:_identify(.) by extensions ['colcon_meta']
[0.282s] Level 1:colcon.colcon_core.package_identification:_identify(.) by extension 'colcon_meta'
[0.282s] Level 1:colcon.colcon_core.package_identification:_identify(.) by extensions ['ros']
[0.282s] Level 1:colcon.colcon_core.package_identification:_identify(.) by extension 'ros'
[0.290s] Level 1:colcon.colcon_core.package_identification:_identify(.) by extensions ['cmake', 'python']
[0.290s] Level 1:colcon.colcon_core.package_identification:_identify(.) by extension 'cmake'
[0.290s] Level 1:colcon.colcon_core.package_identification:_identify(.) by extension 'python'
[0.290s] Level 1:colcon.colcon_core.package_identification:_identify(.) by extensions ['python_setup_py']
[0.290s] Level 1:colcon.colcon_core.package_identification:_identify(.) by extension 'python_setup_py'
[0.290s] Level 1:colcon.colcon_core.package_identification:_identify(build) by extensions ['ignore', 'ignore_ament_install']
[0.290s] Level 1:colcon.colcon_core.package_identification:_identify(build) by extension 'ignore'
[0.290s] Level 1:colcon.colcon_core.package_identification:_identify(build) ignored
[0.290s] Level 1:colcon.colcon_core.package_identification:_identify(install) by extensions ['ignore', 'ignore_ament_install']
[0.290s] Level 1:colcon.colcon_core.package_identification:_identify(install) by extension 'ignore'
[0.290s] Level 1:colcon.colcon_core.package_identification:_identify(install) ignored
[0.290s] Level 1:colcon.colcon_core.package_identification:_identify(log) by extensions ['ignore', 'ignore_ament_install']
[0.291s] Level 1:colcon.colcon_core.package_identification:_identify(log) by extension 'ignore'
[0.291s] Level 1:colcon.colcon_core.package_identification:_identify(log) ignored
[0.291s] Level 1:colcon.colcon_core.package_identification:_identify(src) by extensions ['ignore', 'ignore_ament_install']
[0.291s] Level 1:colcon.colcon_core.package_identification:_identify(src) by extension 'ignore'
[0.291s] Level 1:colcon.colcon_core.package_identification:_identify(src) by extension 'ignore_ament_install'
[0.291s] Level 1:colcon.colcon_core.package_identification:_identify(src) by extensions ['colcon_pkg']
[0.291s] Level 1:colcon.colcon_core.package_identification:_identify(src) by extension 'colcon_pkg'
[0.291s] Level 1:colcon.colcon_core.package_identification:_identify(src) by extensions ['colcon_meta']
[0.291s] Level 1:colcon.colcon_core.package_identification:_identify(src) by extension 'colcon_meta'
[0.291s] Level 1:colcon.colcon_core.package_identification:_identify(src) by extensions ['ros']
[0.291s] Level 1:colcon.colcon_core.package_identification:_identify(src) by extension 'ros'
[0.291s] Level 1:colcon.colcon_core.package_identification:_identify(src) by extensions ['cmake', 'python']
[0.291s] Level 1:colcon.colcon_core.package_identification:_identify(src) by extension 'cmake'
[0.291s] Level 1:colcon.colcon_core.package_identification:_identify(src) by extension 'python'
[0.291s] Level 1:colcon.colcon_core.package_identification:_identify(src) by extensions ['python_setup_py']
[0.291s] Level 1:colcon.colcon_core.package_identification:_identify(src) by extension 'python_setup_py'
[0.291s] Level 1:colcon.colcon_core.package_identification:_identify(src/ROS-TCP-Endpoint-main-ros2) by extensions ['ignore', 'ignore_ament_install']
[0.291s] Level 1:colcon.colcon_core.package_identification:_identify(src/ROS-TCP-Endpoint-main-ros2) by extension 'ignore'
[0.291s] Level 1:colcon.colcon_core.package_identification:_identify(src/ROS-TCP-Endpoint-main-ros2) by extension 'ignore_ament_install'
[0.291s] Level 1:colcon.colcon_core.package_identification:_identify(src/ROS-TCP-Endpoint-main-ros2) by extensions ['colcon_pkg']
[0.291s] Level 1:colcon.colcon_core.package_identification:_identify(src/ROS-TCP-Endpoint-main-ros2) by extension 'colcon_pkg'
[0.291s] Level 1:colcon.colcon_core.package_identification:_identify(src/ROS-TCP-Endpoint-main-ros2) by extensions ['colcon_meta']
[0.291s] Level 1:colcon.colcon_core.package_identification:_identify(src/ROS-TCP-Endpoint-main-ros2) by extension 'colcon_meta'
[0.291s] Level 1:colcon.colcon_core.package_identification:_identify(src/ROS-TCP-Endpoint-main-ros2) by extensions ['ros']
[0.291s] Level 1:colcon.colcon_core.package_identification:_identify(src/ROS-TCP-Endpoint-main-ros2) by extension 'ros'
[0.293s] DEBUG:colcon.colcon_core.package_identification:Package 'src/ROS-TCP-Endpoint-main-ros2' with type 'ros.ament_python' and name 'ros_tcp_endpoint'
[0.293s] Level 1:colcon.colcon_core.package_identification:_identify(src/custom_msgs) by extensions ['ignore', 'ignore_ament_install']
[0.293s] Level 1:colcon.colcon_core.package_identification:_identify(src/custom_msgs) by extension 'ignore'
[0.293s] Level 1:colcon.colcon_core.package_identification:_identify(src/custom_msgs) by extension 'ignore_ament_install'
[0.293s] Level 1:colcon.colcon_core.package_identification:_identify(src/custom_msgs) by extensions ['colcon_pkg']
[0.293s] Level 1:colcon.colcon_core.package_identification:_identify(src/custom_msgs) by extension 'colcon_pkg'
[0.293s] Level 1:colcon.colcon_core.package_identification:_identify(src/custom_msgs) by extensions ['colcon_meta']
[0.293s] Level 1:colcon.colcon_core.package_identification:_identify(src/custom_msgs) by extension 'colcon_meta'
[0.293s] Level 1:colcon.colcon_core.package_identification:_identify(src/custom_msgs) by extensions ['ros']
[0.293s] Level 1:colcon.colcon_core.package_identification:_identify(src/custom_msgs) by extension 'ros'
[0.294s] DEBUG:colcon.colcon_core.package_identification:Package 'src/custom_msgs' with type 'ros.ament_cmake' and name 'custom_msgs'
[0.294s] Level 1:colcon.colcon_core.package_identification:_identify(src/navigation_unity_package) by extensions ['ignore', 'ignore_ament_install']
[0.294s] Level 1:colcon.colcon_core.package_identification:_identify(src/navigation_unity_package) by extension 'ignore'
[0.294s] Level 1:colcon.colcon_core.package_identification:_identify(src/navigation_unity_package) by extension 'ignore_ament_install'
[0.294s] Level 1:colcon.colcon_core.package_identification:_identify(src/navigation_unity_package) by extensions ['colcon_pkg']
[0.294s] Level 1:colcon.colcon_core.package_identification:_identify(src/navigation_unity_package) by extension 'colcon_pkg'
[0.294s] Level 1:colcon.colcon_core.package_identification:_identify(src/navigation_unity_package) by extensions ['colcon_meta']
[0.294s] Level 1:colcon.colcon_core.package_identification:_identify(src/navigation_unity_package) by extension 'colcon_meta'
[0.294s] Level 1:colcon.colcon_core.package_identification:_identify(src/navigation_unity_package) by extensions ['ros']
[0.294s] Level 1:colcon.colcon_core.package_identification:_identify(src/navigation_unity_package) by extension 'ros'
[0.294s] DEBUG:colcon.colcon_core.package_identification:Package 'src/navigation_unity_package' with type 'ros.ament_python' and name 'navigation_unity_package'
[0.294s] Level 1:colcon.colcon_core.package_discovery:discover_packages(recursive) using defaults
[0.294s] Level 1:colcon.colcon_core.package_discovery:discover_packages(ignore) discover
[0.294s] Level 1:colcon.colcon_core.package_discovery:discover_packages(ignore) using defaults
[0.294s] Level 1:colcon.colcon_core.package_discovery:discover_packages(path) discover
[0.294s] Level 1:colcon.colcon_core.package_discovery:discover_packages(path) using defaults
[0.316s] Level 1:colcon.colcon_core.package_discovery:discover_packages(prefix_path) check parameters
[0.316s] Level 1:colcon.colcon_core.package_discovery:discover_packages(prefix_path) discover
[0.317s] DEBUG:colcon.colcon_installed_package_information.package_discovery:Found 3 installed packages in /root/ros2_ws2/install
[0.318s] DEBUG:colcon.colcon_installed_package_information.package_discovery:Found 295 installed packages in /opt/ros/humble
[0.319s] Level 1:colcon.colcon_core.package_discovery:discover_packages(prefix_path) using defaults
[0.345s] Level 5:colcon.colcon_core.verb:set package 'custom_msgs' build argument 'cmake_args' from command line to 'None'
[0.345s] Level 5:colcon.colcon_core.verb:set package 'custom_msgs' build argument 'cmake_target' from command line to 'None'
[0.345s] Level 5:colcon.colcon_core.verb:set package 'custom_msgs' build argument 'cmake_target_skip_unavailable' from command line to 'False'
[0.345s] Level 5:colcon.colcon_core.verb:set package 'custom_msgs' build argument 'cmake_clean_cache' from command line to 'False'
[0.345s] Level 5:colcon.colcon_core.verb:set package 'custom_msgs' build argument 'cmake_clean_first' from command line to 'False'
[0.345s] Level 5:colcon.colcon_core.verb:set package 'custom_msgs' build argument 'cmake_force_configure' from command line to 'False'
[0.345s] Level 5:colcon.colcon_core.verb:set package 'custom_msgs' build argument 'ament_cmake_args' from command line to 'None'
[0.345s] Level 5:colcon.colcon_core.verb:set package 'custom_msgs' build argument 'catkin_cmake_args' from command line to 'None'
[0.345s] Level 5:colcon.colcon_core.verb:set package 'custom_msgs' build argument 'catkin_skip_building_tests' from command line to 'False'
[0.345s] DEBUG:colcon.colcon_core.verb:Building package 'custom_msgs' with the following arguments: {'ament_cmake_args': None, 'build_base': '/root/ros2_ws2/build/custom_msgs', 'catkin_cmake_args': None, 'catkin_skip_building_tests': False, 'cmake_args': None, 'cmake_clean_cache': False, 'cmake_clean_first': False, 'cmake_force_configure': False, 'cmake_target': None, 'cmake_target_skip_unavailable': False, 'install_base': '/root/ros2_ws2/install/custom_msgs', 'merge_install': False, 'path': '/root/ros2_ws2/src/custom_msgs', 'symlink_install': False, 'test_result_base': None}
[0.346s] Level 5:colcon.colcon_core.verb:set package 'navigation_unity_package' build argument 'cmake_args' from command line to 'None'
[0.346s] Level 5:colcon.colcon_core.verb:set package 'navigation_unity_package' build argument 'cmake_target' from command line to 'None'
[0.346s] Level 5:colcon.colcon_core.verb:set package 'navigation_unity_package' build argument 'cmake_target_skip_unavailable' from command line to 'False'
[0.346s] Level 5:colcon.colcon_core.verb:set package 'navigation_unity_package' build argument 'cmake_clean_cache' from command line to 'False'
[0.346s] Level 5:colcon.colcon_core.verb:set package 'navigation_unity_package' build argument 'cmake_clean_first' from command line to 'False'
[0.346s] Level 5:colcon.colcon_core.verb:set package 'navigation_unity_package' build argument 'cmake_force_configure' from command line to 'False'
[0.346s] Level 5:colcon.colcon_core.verb:set package 'navigation_unity_package' build argument 'ament_cmake_args' from command line to 'None'
[0.346s] Level 5:colcon.colcon_core.verb:set package 'navigation_unity_package' build argument 'catkin_cmake_args' from command line to 'None'
[0.346s] Level 5:colcon.colcon_core.verb:set package 'navigation_unity_package' build argument 'catkin_skip_building_tests' from command line to 'False'
[0.346s] DEBUG:colcon.colcon_core.verb:Building package 'navigation_unity_package' with the following arguments: {'ament_cmake_args': None, 'build_base': '/root/ros2_ws2/build/navigation_unity_package', 'catkin_cmake_args': None, 'catkin_skip_building_tests': False, 'cmake_args': None, 'cmake_clean_cache': False, 'cmake_clean_first': False, 'cmake_force_configure': False, 'cmake_target': None, 'cmake_target_skip_unavailable': False, 'install_base': '/root/ros2_ws2/install/navigation_unity_package', 'merge_install': False, 'path': '/root/ros2_ws2/src/navigation_unity_package', 'symlink_install': False, 'test_result_base': None}
[0.346s] Level 5:colcon.colcon_core.verb:set package 'ros_tcp_endpoint' build argument 'cmake_args' from command line to 'None'
[0.346s] Level 5:colcon.colcon_core.verb:set package 'ros_tcp_endpoint' build argument 'cmake_target' from command line to 'None'
[0.346s] Level 5:colcon.colcon_core.verb:set package 'ros_tcp_endpoint' build argument 'cmake_target_skip_unavailable' from command line to 'False'
[0.346s] Level 5:colcon.colcon_core.verb:set package 'ros_tcp_endpoint' build argument 'cmake_clean_cache' from command line to 'False'
[0.346s] Level 5:colcon.colcon_core.verb:set package 'ros_tcp_endpoint' build argument 'cmake_clean_first' from command line to 'False'
[0.346s] Level 5:colcon.colcon_core.verb:set package 'ros_tcp_endpoint' build argument 'cmake_force_configure' from command line to 'False'
[0.346s] Level 5:colcon.colcon_core.verb:set package 'ros_tcp_endpoint' build argument 'ament_cmake_args' from command line to 'None'
[0.346s] Level 5:colcon.colcon_core.verb:set package 'ros_tcp_endpoint' build argument 'catkin_cmake_args' from command line to 'None'
[0.346s] Level 5:colcon.colcon_core.verb:set package 'ros_tcp_endpoint' build argument 'catkin_skip_building_tests' from command line to 'False'
[0.346s] DEBUG:colcon.colcon_core.verb:Building package 'ros_tcp_endpoint' with the following arguments: {'ament_cmake_args': None, 'build_base': '/root/ros2_ws2/build/ros_tcp_endpoint', 'catkin_cmake_args': None, 'catkin_skip_building_tests': False, 'cmake_args': None, 'cmake_clean_cache': False, 'cmake_clean_first': False, 'cmake_force_configure': False, 'cmake_target': None, 'cmake_target_skip_unavailable': False, 'install_base': '/root/ros2_ws2/install/ros_tcp_endpoint', 'merge_install': False, 'path': '/root/ros2_ws2/src/ROS-TCP-Endpoint-main-ros2', 'symlink_install': False, 'test_result_base': None}
[0.346s] INFO:colcon.colcon_core.executor:Executing jobs using 'parallel' executor
[0.347s] DEBUG:colcon.colcon_parallel_executor.executor.parallel:run_until_complete
[0.348s] INFO:colcon.colcon_ros.task.ament_cmake.build:Building ROS package in '/root/ros2_ws2/src/custom_msgs' with build type 'ament_cmake'
[0.348s] INFO:colcon.colcon_cmake.task.cmake.build:Building CMake package in '/root/ros2_ws2/src/custom_msgs'
[0.349s] INFO:colcon.colcon_core.plugin_system:Skipping extension 'colcon_core.shell.bat': Not used on non-Windows systems
[0.349s] INFO:colcon.colcon_core.shell:Skip shell extension 'powershell' for command environment: Not usable outside of PowerShell
[0.349s] DEBUG:colcon.colcon_core.shell:Skip shell extension 'dsv' for command environment
[0.353s] INFO:colcon.colcon_ros.task.ament_python.build:Building ROS package in '/root/ros2_ws2/src/navigation_unity_package' with build type 'ament_python'
[0.353s] Level 1:colcon.colcon_core.shell:create_environment_hook('navigation_unity_package', 'ament_prefix_path')
[0.353s] INFO:colcon.colcon_core.shell:Creating environment hook '/root/ros2_ws2/install/navigation_unity_package/share/navigation_unity_package/hook/ament_prefix_path.ps1'
[0.354s] INFO:colcon.colcon_core.shell:Creating environment descriptor '/root/ros2_ws2/install/navigation_unity_package/share/navigation_unity_package/hook/ament_prefix_path.dsv'
[0.355s] INFO:colcon.colcon_core.shell:Creating environment hook '/root/ros2_ws2/install/navigation_unity_package/share/navigation_unity_package/hook/ament_prefix_path.sh'
[0.355s] INFO:colcon.colcon_core.shell:Skip shell extension 'powershell' for command environment: Not usable outside of PowerShell
[0.356s] DEBUG:colcon.colcon_core.shell:Skip shell extension 'dsv' for command environment
[0.358s] INFO:colcon.colcon_ros.task.ament_python.build:Building ROS package in '/root/ros2_ws2/src/ROS-TCP-Endpoint-main-ros2' with build type 'ament_python'
[0.358s] Level 1:colcon.colcon_core.shell:create_environment_hook('ros_tcp_endpoint', 'ament_prefix_path')
[0.358s] INFO:colcon.colcon_core.shell:Creating environment hook '/root/ros2_ws2/install/ros_tcp_endpoint/share/ros_tcp_endpoint/hook/ament_prefix_path.ps1'
[0.359s] INFO:colcon.colcon_core.shell:Creating environment descriptor '/root/ros2_ws2/install/ros_tcp_endpoint/share/ros_tcp_endpoint/hook/ament_prefix_path.dsv'
[0.359s] INFO:colcon.colcon_core.shell:Creating environment hook '/root/ros2_ws2/install/ros_tcp_endpoint/share/ros_tcp_endpoint/hook/ament_prefix_path.sh'
[0.360s] INFO:colcon.colcon_core.shell:Skip shell extension 'powershell' for command environment: Not usable outside of PowerShell
[0.360s] DEBUG:colcon.colcon_core.shell:Skip shell extension 'dsv' for command environment
[0.367s] DEBUG:colcon.colcon_core.event_handler.log_command:Invoking command in '/root/ros2_ws2/build/custom_msgs': CMAKE_PREFIX_PATH=${CMAKE_PREFIX_PATH}:/root/ros2_ws2/install/ros_tcp_endpoint:/root/ros2_ws2/install/navigation_unity_package:/opt/ros/humble /usr/bin/cmake --build /root/ros2_ws2/build/custom_msgs -- -j16 -l16
[0.540s] INFO:colcon.colcon_core.task.python.build:Building Python package in '/root/ros2_ws2/src/navigation_unity_package'
[0.540s] INFO:colcon.colcon_core.shell:Skip shell extension 'powershell' for command environment: Not usable outside of PowerShell
[0.540s] DEBUG:colcon.colcon_core.shell:Skip shell extension 'dsv' for command environment
[0.717s] INFO:colcon.colcon_core.task.python.build:Building Python package in '/root/ros2_ws2/src/ROS-TCP-Endpoint-main-ros2'
[0.717s] INFO:colcon.colcon_core.shell:Skip shell extension 'powershell' for command environment: Not usable outside of PowerShell
[0.717s] DEBUG:colcon.colcon_core.shell:Skip shell extension 'dsv' for command environment
[0.973s] DEBUG:colcon.colcon_core.event_handler.log_command:Invoking command in '/root/ros2_ws2/src/ROS-TCP-Endpoint-main-ros2': PYTHONPATH=/root/ros2_ws2/build/ros_tcp_endpoint/prefix_override:/usr/lib/python3/dist-packages/colcon_core/task/python/colcon_distutils_commands:/root/ros2_ws2/install/ros_tcp_endpoint/lib/python3.10/site-packages:${PYTHONPATH} /usr/bin/python3 -W ignore:setup.py install is deprecated -W ignore:easy_install command is deprecated setup.py egg_info --egg-base ../../build/ros_tcp_endpoint build --build-base /root/ros2_ws2/build/ros_tcp_endpoint/build install --record /root/ros2_ws2/build/ros_tcp_endpoint/install.log --install-scripts $base/lib/ros_tcp_endpoint --single-version-externally-managed install_data
[0.974s] DEBUG:colcon.colcon_core.event_handler.log_command:Invoking command in '/root/ros2_ws2/src/navigation_unity_package': PYTHONPATH=/root/ros2_ws2/build/navigation_unity_package/prefix_override:/usr/lib/python3/dist-packages/colcon_core/task/python/colcon_distutils_commands:/root/ros2_ws2/install/navigation_unity_package/lib/python3.10/site-packages:${PYTHONPATH} /usr/bin/python3 -W ignore:setup.py install is deprecated -W ignore:easy_install command is deprecated setup.py egg_info --egg-base ../../build/navigation_unity_package build --build-base /root/ros2_ws2/build/navigation_unity_package/build install --record /root/ros2_ws2/build/navigation_unity_package/install.log --single-version-externally-managed install_data
[1.171s] DEBUG:colcon.colcon_core.event_handler.log_command:Invoked command in '/root/ros2_ws2/src/ROS-TCP-Endpoint-main-ros2' returned '0': PYTHONPATH=/root/ros2_ws2/build/ros_tcp_endpoint/prefix_override:/usr/lib/python3/dist-packages/colcon_core/task/python/colcon_distutils_commands:/root/ros2_ws2/install/ros_tcp_endpoint/lib/python3.10/site-packages:${PYTHONPATH} /usr/bin/python3 -W ignore:setup.py install is deprecated -W ignore:easy_install command is deprecated setup.py egg_info --egg-base ../../build/ros_tcp_endpoint build --build-base /root/ros2_ws2/build/ros_tcp_endpoint/build install --record /root/ros2_ws2/build/ros_tcp_endpoint/install.log --install-scripts $base/lib/ros_tcp_endpoint --single-version-externally-managed install_data
[1.174s] Level 1:colcon.colcon_core.environment:checking '/root/ros2_ws2/install/ros_tcp_endpoint' for CMake module files
[1.174s] Level 1:colcon.colcon_core.environment:checking '/root/ros2_ws2/install/ros_tcp_endpoint' for CMake config files
[1.175s] Level 1:colcon.colcon_core.environment:checking '/root/ros2_ws2/install/ros_tcp_endpoint/lib'
[1.175s] Level 1:colcon.colcon_core.environment:checking '/root/ros2_ws2/install/ros_tcp_endpoint/bin'
[1.175s] Level 1:colcon.colcon_core.environment:checking '/root/ros2_ws2/install/ros_tcp_endpoint/lib/pkgconfig/ros_tcp_endpoint.pc'
[1.175s] Level 1:colcon.colcon_core.environment:checking '/root/ros2_ws2/install/ros_tcp_endpoint/lib/python3.10/site-packages'
[1.175s] Level 1:colcon.colcon_core.shell:create_environment_hook('ros_tcp_endpoint', 'pythonpath')
[1.175s] INFO:colcon.colcon_core.shell:Creating environment hook '/root/ros2_ws2/install/ros_tcp_endpoint/share/ros_tcp_endpoint/hook/pythonpath.ps1'
[1.176s] INFO:colcon.colcon_core.shell:Creating environment descriptor '/root/ros2_ws2/install/ros_tcp_endpoint/share/ros_tcp_endpoint/hook/pythonpath.dsv'
[1.176s] INFO:colcon.colcon_core.shell:Creating environment hook '/root/ros2_ws2/install/ros_tcp_endpoint/share/ros_tcp_endpoint/hook/pythonpath.sh'
[1.176s] Level 1:colcon.colcon_core.environment:checking '/root/ros2_ws2/install/ros_tcp_endpoint/bin'
[1.177s] Level 1:colcon.colcon_core.environment:create_environment_scripts_only(ros_tcp_endpoint)
[1.177s] INFO:colcon.colcon_core.shell:Creating package script '/root/ros2_ws2/install/ros_tcp_endpoint/share/ros_tcp_endpoint/package.ps1'
[1.177s] INFO:colcon.colcon_core.shell:Creating package descriptor '/root/ros2_ws2/install/ros_tcp_endpoint/share/ros_tcp_endpoint/package.dsv'
[1.178s] INFO:colcon.colcon_core.shell:Creating package script '/root/ros2_ws2/install/ros_tcp_endpoint/share/ros_tcp_endpoint/package.sh'
[1.178s] INFO:colcon.colcon_core.shell:Creating package script '/root/ros2_ws2/install/ros_tcp_endpoint/share/ros_tcp_endpoint/package.bash'
[1.179s] INFO:colcon.colcon_core.shell:Creating package script '/root/ros2_ws2/install/ros_tcp_endpoint/share/ros_tcp_endpoint/package.zsh'
[1.180s] Level 1:colcon.colcon_core.environment:create_file_with_runtime_dependencies(/root/ros2_ws2/install/ros_tcp_endpoint/share/colcon-core/packages/ros_tcp_endpoint)
[1.180s] Level 1:colcon.colcon_core.environment:checking '/root/ros2_ws2/install/navigation_unity_package' for CMake module files
[1.181s] Level 1:colcon.colcon_core.environment:checking '/root/ros2_ws2/install/navigation_unity_package' for CMake config files
[1.182s] DEBUG:colcon.colcon_core.event_handler.log_command:Invoked command in '/root/ros2_ws2/src/navigation_unity_package' returned '0': PYTHONPATH=/root/ros2_ws2/build/navigation_unity_package/prefix_override:/usr/lib/python3/dist-packages/colcon_core/task/python/colcon_distutils_commands:/root/ros2_ws2/install/navigation_unity_package/lib/python3.10/site-packages:${PYTHONPATH} /usr/bin/python3 -W ignore:setup.py install is deprecated -W ignore:easy_install command is deprecated setup.py egg_info --egg-base ../../build/navigation_unity_package build --build-base /root/ros2_ws2/build/navigation_unity_package/build install --record /root/ros2_ws2/build/navigation_unity_package/install.log --single-version-externally-managed install_data
[1.183s] Level 1:colcon.colcon_core.environment:checking '/root/ros2_ws2/install/navigation_unity_package/lib'
[1.183s] Level 1:colcon.colcon_core.environment:checking '/root/ros2_ws2/install/navigation_unity_package/bin'
[1.183s] Level 1:colcon.colcon_core.environment:checking '/root/ros2_ws2/install/navigation_unity_package/lib/pkgconfig/navigation_unity_package.pc'
[1.183s] Level 1:colcon.colcon_core.environment:checking '/root/ros2_ws2/install/navigation_unity_package/lib/python3.10/site-packages'
[1.183s] Level 1:colcon.colcon_core.shell:create_environment_hook('navigation_unity_package', 'pythonpath')
[1.183s] INFO:colcon.colcon_core.shell:Creating environment hook '/root/ros2_ws2/install/navigation_unity_package/share/navigation_unity_package/hook/pythonpath.ps1'
[1.183s] INFO:colcon.colcon_core.shell:Creating environment descriptor '/root/ros2_ws2/install/navigation_unity_package/share/navigation_unity_package/hook/pythonpath.dsv'
[1.184s] INFO:colcon.colcon_core.shell:Creating environment hook '/root/ros2_ws2/install/navigation_unity_package/share/navigation_unity_package/hook/pythonpath.sh'
[1.184s] Level 1:colcon.colcon_core.environment:checking '/root/ros2_ws2/install/navigation_unity_package/bin'
[1.184s] Level 1:colcon.colcon_core.environment:create_environment_scripts_only(navigation_unity_package)
[1.184s] INFO:colcon.colcon_core.shell:Creating package script '/root/ros2_ws2/install/navigation_unity_package/share/navigation_unity_package/package.ps1'
[1.185s] INFO:colcon.colcon_core.shell:Creating package descriptor '/root/ros2_ws2/install/navigation_unity_package/share/navigation_unity_package/package.dsv'
[1.185s] INFO:colcon.colcon_core.shell:Creating package script '/root/ros2_ws2/install/navigation_unity_package/share/navigation_unity_package/package.sh'
[1.185s] INFO:colcon.colcon_core.shell:Creating package script '/root/ros2_ws2/install/navigation_unity_package/share/navigation_unity_package/package.bash'
[1.185s] INFO:colcon.colcon_core.shell:Creating package script '/root/ros2_ws2/install/navigation_unity_package/share/navigation_unity_package/package.zsh'
[1.186s] Level 1:colcon.colcon_core.environment:create_file_with_runtime_dependencies(/root/ros2_ws2/install/navigation_unity_package/share/colcon-core/packages/navigation_unity_package)
[3.904s] DEBUG:colcon.colcon_core.event_handler.log_command:Invoked command in '/root/ros2_ws2/build/custom_msgs' returned '0': CMAKE_PREFIX_PATH=${CMAKE_PREFIX_PATH}:/root/ros2_ws2/install/ros_tcp_endpoint:/root/ros2_ws2/install/navigation_unity_package:/opt/ros/humble /usr/bin/cmake --build /root/ros2_ws2/build/custom_msgs -- -j16 -l16
[3.910s] DEBUG:colcon.colcon_core.event_handler.log_command:Invoking command in '/root/ros2_ws2/build/custom_msgs': CMAKE_PREFIX_PATH=${CMAKE_PREFIX_PATH}:/root/ros2_ws2/install/ros_tcp_endpoint:/root/ros2_ws2/install/navigation_unity_package:/opt/ros/humble /usr/bin/cmake --install /root/ros2_ws2/build/custom_msgs
[3.961s] Level 1:colcon.colcon_core.environment:create_environment_scripts_only(custom_msgs)
[3.961s] Level 1:colcon.colcon_core.environment:checking '/root/ros2_ws2/install/custom_msgs' for CMake module files
[3.962s] DEBUG:colcon.colcon_core.event_handler.log_command:Invoked command in '/root/ros2_ws2/build/custom_msgs' returned '0': CMAKE_PREFIX_PATH=${CMAKE_PREFIX_PATH}:/root/ros2_ws2/install/ros_tcp_endpoint:/root/ros2_ws2/install/navigation_unity_package:/opt/ros/humble /usr/bin/cmake --install /root/ros2_ws2/build/custom_msgs
[3.963s] Level 1:colcon.colcon_core.environment:checking '/root/ros2_ws2/install/custom_msgs' for CMake config files
[3.963s] Level 1:colcon.colcon_core.shell:create_environment_hook('custom_msgs', 'cmake_prefix_path')
[3.963s] INFO:colcon.colcon_core.shell:Creating environment hook '/root/ros2_ws2/install/custom_msgs/share/custom_msgs/hook/cmake_prefix_path.ps1'
[3.964s] INFO:colcon.colcon_core.shell:Creating environment descriptor '/root/ros2_ws2/install/custom_msgs/share/custom_msgs/hook/cmake_prefix_path.dsv'
[3.964s] INFO:colcon.colcon_core.shell:Creating environment hook '/root/ros2_ws2/install/custom_msgs/share/custom_msgs/hook/cmake_prefix_path.sh'
[3.964s] Level 1:colcon.colcon_core.environment:checking '/root/ros2_ws2/install/custom_msgs/lib'
[3.964s] Level 1:colcon.colcon_core.shell:create_environment_hook('custom_msgs', 'ld_library_path_lib')
[3.965s] INFO:colcon.colcon_core.shell:Creating environment hook '/root/ros2_ws2/install/custom_msgs/share/custom_msgs/hook/ld_library_path_lib.ps1'
[3.965s] INFO:colcon.colcon_core.shell:Creating environment descriptor '/root/ros2_ws2/install/custom_msgs/share/custom_msgs/hook/ld_library_path_lib.dsv'
[3.965s] INFO:colcon.colcon_core.shell:Creating environment hook '/root/ros2_ws2/install/custom_msgs/share/custom_msgs/hook/ld_library_path_lib.sh'
[3.965s] Level 1:colcon.colcon_core.environment:checking '/root/ros2_ws2/install/custom_msgs/bin'
[3.965s] Level 1:colcon.colcon_core.environment:checking '/root/ros2_ws2/install/custom_msgs/lib/pkgconfig/custom_msgs.pc'
[3.965s] Level 1:colcon.colcon_core.environment:checking '/root/ros2_ws2/install/custom_msgs/lib/python3.10/site-packages'
[3.966s] Level 1:colcon.colcon_core.environment:checking '/root/ros2_ws2/install/custom_msgs/bin'
[3.966s] INFO:colcon.colcon_core.shell:Creating package script '/root/ros2_ws2/install/custom_msgs/share/custom_msgs/package.ps1'
[3.966s] INFO:colcon.colcon_core.shell:Creating package descriptor '/root/ros2_ws2/install/custom_msgs/share/custom_msgs/package.dsv'
[3.966s] INFO:colcon.colcon_core.shell:Creating package script '/root/ros2_ws2/install/custom_msgs/share/custom_msgs/package.sh'
[3.967s] INFO:colcon.colcon_core.shell:Creating package script '/root/ros2_ws2/install/custom_msgs/share/custom_msgs/package.bash'
[3.967s] INFO:colcon.colcon_core.shell:Creating package script '/root/ros2_ws2/install/custom_msgs/share/custom_msgs/package.zsh'
[3.967s] Level 1:colcon.colcon_core.environment:create_file_with_runtime_dependencies(/root/ros2_ws2/install/custom_msgs/share/colcon-core/packages/custom_msgs)
[3.968s] Level 1:colcon.colcon_core.environment:create_environment_scripts_only(custom_msgs)
[3.968s] Level 1:colcon.colcon_core.environment:checking '/root/ros2_ws2/install/custom_msgs' for CMake module files
[3.968s] Level 1:colcon.colcon_core.environment:checking '/root/ros2_ws2/install/custom_msgs' for CMake config files
[3.968s] Level 1:colcon.colcon_core.shell:create_environment_hook('custom_msgs', 'cmake_prefix_path')
[3.968s] INFO:colcon.colcon_core.shell:Creating environment hook '/root/ros2_ws2/install/custom_msgs/share/custom_msgs/hook/cmake_prefix_path.ps1'
[3.969s] INFO:colcon.colcon_core.shell:Creating environment descriptor '/root/ros2_ws2/install/custom_msgs/share/custom_msgs/hook/cmake_prefix_path.dsv'
[3.969s] INFO:colcon.colcon_core.shell:Creating environment hook '/root/ros2_ws2/install/custom_msgs/share/custom_msgs/hook/cmake_prefix_path.sh'
[3.969s] Level 1:colcon.colcon_core.environment:checking '/root/ros2_ws2/install/custom_msgs/lib'
[3.969s] Level 1:colcon.colcon_core.shell:create_environment_hook('custom_msgs', 'ld_library_path_lib')
[3.969s] INFO:colcon.colcon_core.shell:Creating environment hook '/root/ros2_ws2/install/custom_msgs/share/custom_msgs/hook/ld_library_path_lib.ps1'
[3.970s] INFO:colcon.colcon_core.shell:Creating environment descriptor '/root/ros2_ws2/install/custom_msgs/share/custom_msgs/hook/ld_library_path_lib.dsv'
[3.970s] INFO:colcon.colcon_core.shell:Creating environment hook '/root/ros2_ws2/install/custom_msgs/share/custom_msgs/hook/ld_library_path_lib.sh'
[3.970s] Level 1:colcon.colcon_core.environment:checking '/root/ros2_ws2/install/custom_msgs/bin'
[3.970s] Level 1:colcon.colcon_core.environment:checking '/root/ros2_ws2/install/custom_msgs/lib/pkgconfig/custom_msgs.pc'
[3.970s] Level 1:colcon.colcon_core.environment:checking '/root/ros2_ws2/install/custom_msgs/lib/python3.10/site-packages'
[3.970s] Level 1:colcon.colcon_core.environment:checking '/root/ros2_ws2/install/custom_msgs/bin'
[3.970s] INFO:colcon.colcon_core.shell:Creating package script '/root/ros2_ws2/install/custom_msgs/share/custom_msgs/package.ps1'
[3.971s] INFO:colcon.colcon_core.shell:Creating package descriptor '/root/ros2_ws2/install/custom_msgs/share/custom_msgs/package.dsv'
[3.971s] INFO:colcon.colcon_core.shell:Creating package script '/root/ros2_ws2/install/custom_msgs/share/custom_msgs/package.sh'
[3.971s] INFO:colcon.colcon_core.shell:Creating package script '/root/ros2_ws2/install/custom_msgs/share/custom_msgs/package.bash'
[3.972s] INFO:colcon.colcon_core.shell:Creating package script '/root/ros2_ws2/install/custom_msgs/share/custom_msgs/package.zsh'
[3.972s] Level 1:colcon.colcon_core.environment:create_file_with_runtime_dependencies(/root/ros2_ws2/install/custom_msgs/share/colcon-core/packages/custom_msgs)
[3.972s] DEBUG:colcon.colcon_parallel_executor.executor.parallel:closing loop
[3.973s] DEBUG:colcon.colcon_parallel_executor.executor.parallel:loop closed
[3.973s] DEBUG:colcon.colcon_parallel_executor.executor.parallel:run_until_complete finished with '0'
[3.973s] DEBUG:colcon.colcon_core.event_reactor:joining thread
[4.020s] INFO:colcon.colcon_core.plugin_system:Skipping extension 'colcon_notification.desktop_notification.notify_send': Could not find 'notify-send'
[4.020s] INFO:colcon.colcon_core.plugin_system:Skipping extension 'colcon_notification.desktop_notification.terminal_notifier': Not used on non-Darwin systems
[4.020s] INFO:colcon.colcon_core.plugin_system:Skipping extension 'colcon_notification.desktop_notification.win32': Not used on non-Windows systems
[4.020s] INFO:colcon.colcon_notification.desktop_notification:Sending desktop notification using 'notify2'
[4.020s] DEBUG:colcon.colcon_notification.desktop_notification.notify2:Failed to initialize notify2: org.freedesktop.DBus.Error.FileNotFound: Failed to connect to socket /run/user/0/bus: No such file or directory
[4.020s] DEBUG:colcon.colcon_core.event_reactor:joined thread
[4.021s] INFO:colcon.colcon_core.shell:Creating prefix script '/root/ros2_ws2/install/local_setup.ps1'
[4.021s] INFO:colcon.colcon_core.shell:Creating prefix util module '/root/ros2_ws2/install/_local_setup_util_ps1.py'
[4.022s] INFO:colcon.colcon_core.shell:Creating prefix chain script '/root/ros2_ws2/install/setup.ps1'
[4.023s] INFO:colcon.colcon_core.shell:Creating prefix script '/root/ros2_ws2/install/local_setup.sh'
[4.024s] INFO:colcon.colcon_core.shell:Creating prefix util module '/root/ros2_ws2/install/_local_setup_util_sh.py'
[4.024s] INFO:colcon.colcon_core.shell:Creating prefix chain script '/root/ros2_ws2/install/setup.sh'
[4.025s] INFO:colcon.colcon_core.shell:Creating prefix script '/root/ros2_ws2/install/local_setup.bash'
[4.025s] INFO:colcon.colcon_core.shell:Creating prefix chain script '/root/ros2_ws2/install/setup.bash'
[4.026s] INFO:colcon.colcon_core.shell:Creating prefix script '/root/ros2_ws2/install/local_setup.zsh'
[4.026s] INFO:colcon.colcon_core.shell:Creating prefix chain script '/root/ros2_ws2/install/setup.zsh'
