[0.636s] Invoking command in '/root/ros2_ws2/src/ROS-TCP-Endpoint-main-ros2': PYTHONPATH=/root/ros2_ws2/build/ros_tcp_endpoint/prefix_override:/usr/lib/python3/dist-packages/colcon_core/task/python/colcon_distutils_commands:/root/ros2_ws2/install/ros_tcp_endpoint/lib/python3.10/site-packages:${PYTHONPATH} /usr/bin/python3 -W ignore:setup.py install is deprecated -W ignore:easy_install command is deprecated setup.py egg_info --egg-base ../../build/ros_tcp_endpoint build --build-base /root/ros2_ws2/build/ros_tcp_endpoint/build install --record /root/ros2_ws2/build/ros_tcp_endpoint/install.log --install-scripts $base/lib/ros_tcp_endpoint --single-version-externally-managed install_data
[0.802s] /usr/lib/python3/dist-packages/setuptools/dist.py:723: UserWarning: Usage of dash-separated 'script-dir' will not be supported in future versions. Please use the underscore name 'script_dir' instead
[0.802s]   warnings.warn(
[0.809s] running egg_info
[0.809s] creating ../../build/ros_tcp_endpoint/ros_tcp_endpoint.egg-info
[0.809s] writing ../../build/ros_tcp_endpoint/ros_tcp_endpoint.egg-info/PKG-INFO
[0.810s] writing dependency_links to ../../build/ros_tcp_endpoint/ros_tcp_endpoint.egg-info/dependency_links.txt
[0.810s] writing entry points to ../../build/ros_tcp_endpoint/ros_tcp_endpoint.egg-info/entry_points.txt
[0.810s] writing requirements to ../../build/ros_tcp_endpoint/ros_tcp_endpoint.egg-info/requires.txt
[0.810s] writing top-level names to ../../build/ros_tcp_endpoint/ros_tcp_endpoint.egg-info/top_level.txt
[0.810s] writing manifest file '../../build/ros_tcp_endpoint/ros_tcp_endpoint.egg-info/SOURCES.txt'
[0.811s] reading manifest file '../../build/ros_tcp_endpoint/ros_tcp_endpoint.egg-info/SOURCES.txt'
[0.811s] adding license file 'LICENSE'
[0.812s] adding license file 'LICENSE:Zone.Identifier'
[0.812s] writing manifest file '../../build/ros_tcp_endpoint/ros_tcp_endpoint.egg-info/SOURCES.txt'
[0.812s] running build
[0.812s] running build_py
[0.813s] creating /root/ros2_ws2/build/ros_tcp_endpoint/build
[0.813s] creating /root/ros2_ws2/build/ros_tcp_endpoint/build/lib
[0.813s] creating /root/ros2_ws2/build/ros_tcp_endpoint/build/lib/ros_tcp_endpoint
[0.813s] copying ros_tcp_endpoint/__init__.py -> /root/ros2_ws2/build/ros_tcp_endpoint/build/lib/ros_tcp_endpoint
[0.813s] copying ros_tcp_endpoint/default_server_endpoint.py -> /root/ros2_ws2/build/ros_tcp_endpoint/build/lib/ros_tcp_endpoint
[0.813s] copying ros_tcp_endpoint/tcp_sender.py -> /root/ros2_ws2/build/ros_tcp_endpoint/build/lib/ros_tcp_endpoint
[0.814s] copying ros_tcp_endpoint/unity_service.py -> /root/ros2_ws2/build/ros_tcp_endpoint/build/lib/ros_tcp_endpoint
[0.814s] copying ros_tcp_endpoint/client.py -> /root/ros2_ws2/build/ros_tcp_endpoint/build/lib/ros_tcp_endpoint
[0.814s] copying ros_tcp_endpoint/service.py -> /root/ros2_ws2/build/ros_tcp_endpoint/build/lib/ros_tcp_endpoint
[0.814s] copying ros_tcp_endpoint/server.py -> /root/ros2_ws2/build/ros_tcp_endpoint/build/lib/ros_tcp_endpoint
[0.815s] copying ros_tcp_endpoint/subscriber.py -> /root/ros2_ws2/build/ros_tcp_endpoint/build/lib/ros_tcp_endpoint
[0.815s] copying ros_tcp_endpoint/publisher.py -> /root/ros2_ws2/build/ros_tcp_endpoint/build/lib/ros_tcp_endpoint
[0.815s] copying ros_tcp_endpoint/exceptions.py -> /root/ros2_ws2/build/ros_tcp_endpoint/build/lib/ros_tcp_endpoint
[0.815s] copying ros_tcp_endpoint/communication.py -> /root/ros2_ws2/build/ros_tcp_endpoint/build/lib/ros_tcp_endpoint
[0.815s] copying ros_tcp_endpoint/thread_pauser.py -> /root/ros2_ws2/build/ros_tcp_endpoint/build/lib/ros_tcp_endpoint
[0.816s] running install
[0.817s] running install_lib
[0.817s] creating /root/ros2_ws2/install/ros_tcp_endpoint/lib/python3.10/site-packages/ros_tcp_endpoint
[0.817s] copying /root/ros2_ws2/build/ros_tcp_endpoint/build/lib/ros_tcp_endpoint/__init__.py -> /root/ros2_ws2/install/ros_tcp_endpoint/lib/python3.10/site-packages/ros_tcp_endpoint
[0.817s] copying /root/ros2_ws2/build/ros_tcp_endpoint/build/lib/ros_tcp_endpoint/default_server_endpoint.py -> /root/ros2_ws2/install/ros_tcp_endpoint/lib/python3.10/site-packages/ros_tcp_endpoint
[0.818s] copying /root/ros2_ws2/build/ros_tcp_endpoint/build/lib/ros_tcp_endpoint/tcp_sender.py -> /root/ros2_ws2/install/ros_tcp_endpoint/lib/python3.10/site-packages/ros_tcp_endpoint
[0.818s] copying /root/ros2_ws2/build/ros_tcp_endpoint/build/lib/ros_tcp_endpoint/unity_service.py -> /root/ros2_ws2/install/ros_tcp_endpoint/lib/python3.10/site-packages/ros_tcp_endpoint
[0.818s] copying /root/ros2_ws2/build/ros_tcp_endpoint/build/lib/ros_tcp_endpoint/client.py -> /root/ros2_ws2/install/ros_tcp_endpoint/lib/python3.10/site-packages/ros_tcp_endpoint
[0.818s] copying /root/ros2_ws2/build/ros_tcp_endpoint/build/lib/ros_tcp_endpoint/service.py -> /root/ros2_ws2/install/ros_tcp_endpoint/lib/python3.10/site-packages/ros_tcp_endpoint
[0.818s] copying /root/ros2_ws2/build/ros_tcp_endpoint/build/lib/ros_tcp_endpoint/server.py -> /root/ros2_ws2/install/ros_tcp_endpoint/lib/python3.10/site-packages/ros_tcp_endpoint
[0.818s] copying /root/ros2_ws2/build/ros_tcp_endpoint/build/lib/ros_tcp_endpoint/subscriber.py -> /root/ros2_ws2/install/ros_tcp_endpoint/lib/python3.10/site-packages/ros_tcp_endpoint
[0.818s] copying /root/ros2_ws2/build/ros_tcp_endpoint/build/lib/ros_tcp_endpoint/publisher.py -> /root/ros2_ws2/install/ros_tcp_endpoint/lib/python3.10/site-packages/ros_tcp_endpoint
[0.818s] copying /root/ros2_ws2/build/ros_tcp_endpoint/build/lib/ros_tcp_endpoint/exceptions.py -> /root/ros2_ws2/install/ros_tcp_endpoint/lib/python3.10/site-packages/ros_tcp_endpoint
[0.819s] copying /root/ros2_ws2/build/ros_tcp_endpoint/build/lib/ros_tcp_endpoint/communication.py -> /root/ros2_ws2/install/ros_tcp_endpoint/lib/python3.10/site-packages/ros_tcp_endpoint
[0.819s] copying /root/ros2_ws2/build/ros_tcp_endpoint/build/lib/ros_tcp_endpoint/thread_pauser.py -> /root/ros2_ws2/install/ros_tcp_endpoint/lib/python3.10/site-packages/ros_tcp_endpoint
[0.819s] byte-compiling /root/ros2_ws2/install/ros_tcp_endpoint/lib/python3.10/site-packages/ros_tcp_endpoint/__init__.py to __init__.cpython-310.pyc
[0.819s] byte-compiling /root/ros2_ws2/install/ros_tcp_endpoint/lib/python3.10/site-packages/ros_tcp_endpoint/default_server_endpoint.py to default_server_endpoint.cpython-310.pyc
[0.819s] byte-compiling /root/ros2_ws2/install/ros_tcp_endpoint/lib/python3.10/site-packages/ros_tcp_endpoint/tcp_sender.py to tcp_sender.cpython-310.pyc
[0.821s] byte-compiling /root/ros2_ws2/install/ros_tcp_endpoint/lib/python3.10/site-packages/ros_tcp_endpoint/unity_service.py to unity_service.cpython-310.pyc
[0.821s] byte-compiling /root/ros2_ws2/install/ros_tcp_endpoint/lib/python3.10/site-packages/ros_tcp_endpoint/client.py to client.cpython-310.pyc
[0.822s] byte-compiling /root/ros2_ws2/install/ros_tcp_endpoint/lib/python3.10/site-packages/ros_tcp_endpoint/service.py to service.cpython-310.pyc
[0.822s] byte-compiling /root/ros2_ws2/install/ros_tcp_endpoint/lib/python3.10/site-packages/ros_tcp_endpoint/server.py to server.cpython-310.pyc
[0.823s] byte-compiling /root/ros2_ws2/install/ros_tcp_endpoint/lib/python3.10/site-packages/ros_tcp_endpoint/subscriber.py to subscriber.cpython-310.pyc
[0.823s] byte-compiling /root/ros2_ws2/install/ros_tcp_endpoint/lib/python3.10/site-packages/ros_tcp_endpoint/publisher.py to publisher.cpython-310.pyc
[0.824s] byte-compiling /root/ros2_ws2/install/ros_tcp_endpoint/lib/python3.10/site-packages/ros_tcp_endpoint/exceptions.py to exceptions.cpython-310.pyc
[0.824s] byte-compiling /root/ros2_ws2/install/ros_tcp_endpoint/lib/python3.10/site-packages/ros_tcp_endpoint/communication.py to communication.cpython-310.pyc
[0.824s] byte-compiling /root/ros2_ws2/install/ros_tcp_endpoint/lib/python3.10/site-packages/ros_tcp_endpoint/thread_pauser.py to thread_pauser.cpython-310.pyc
[0.824s] running install_data
[0.825s] creating /root/ros2_ws2/install/ros_tcp_endpoint/share/ament_index
[0.825s] creating /root/ros2_ws2/install/ros_tcp_endpoint/share/ament_index/resource_index
[0.825s] creating /root/ros2_ws2/install/ros_tcp_endpoint/share/ament_index/resource_index/packages
[0.825s] copying resource/ros_tcp_endpoint -> /root/ros2_ws2/install/ros_tcp_endpoint/share/ament_index/resource_index/packages
[0.825s] copying package.xml -> /root/ros2_ws2/install/ros_tcp_endpoint/share/ros_tcp_endpoint
[0.825s] creating /root/ros2_ws2/install/ros_tcp_endpoint/share/ros_tcp_endpoint/launch
[0.825s] copying launch/endpoint.py -> /root/ros2_ws2/install/ros_tcp_endpoint/share/ros_tcp_endpoint/launch
[0.825s] running install_egg_info
[0.827s] Copying ../../build/ros_tcp_endpoint/ros_tcp_endpoint.egg-info to /root/ros2_ws2/install/ros_tcp_endpoint/lib/python3.10/site-packages/ros_tcp_endpoint-0.0.1-py3.10.egg-info
[0.827s] running install_scripts
[0.842s] Installing default_server_endpoint script to /root/ros2_ws2/install/ros_tcp_endpoint/lib/ros_tcp_endpoint
[0.843s] writing list of installed files to '/root/ros2_ws2/build/ros_tcp_endpoint/install.log'
[0.870s] Invoked command in '/root/ros2_ws2/src/ROS-TCP-Endpoint-main-ros2' returned '0': PYTHONPATH=/root/ros2_ws2/build/ros_tcp_endpoint/prefix_override:/usr/lib/python3/dist-packages/colcon_core/task/python/colcon_distutils_commands:/root/ros2_ws2/install/ros_tcp_endpoint/lib/python3.10/site-packages:${PYTHONPATH} /usr/bin/python3 -W ignore:setup.py install is deprecated -W ignore:easy_install command is deprecated setup.py egg_info --egg-base ../../build/ros_tcp_endpoint build --build-base /root/ros2_ws2/build/ros_tcp_endpoint/build install --record /root/ros2_ws2/build/ros_tcp_endpoint/install.log --install-scripts $base/lib/ros_tcp_endpoint --single-version-externally-managed install_data
