[0.850s] Invoking command in '/root/ros2_ws2/src/navigation_unity_package': PYTHONPATH=/root/ros2_ws2/build/navigation_unity_package/prefix_override:/usr/lib/python3/dist-packages/colcon_core/task/python/colcon_distutils_commands:/root/ros2_ws2/install/navigation_unity_package/lib/python3.10/site-packages:${PYTHONPATH} /usr/bin/python3 -W ignore:setup.py install is deprecated -W ignore:easy_install command is deprecated setup.py egg_info --egg-base ../../build/navigation_unity_package build --build-base /root/ros2_ws2/build/navigation_unity_package/build install --record /root/ros2_ws2/build/navigation_unity_package/install.log --single-version-externally-managed install_data
[1.007s] running egg_info
[1.008s] writing ../../build/navigation_unity_package/navigation_unity_package.egg-info/PKG-INFO
[1.008s] writing dependency_links to ../../build/navigation_unity_package/navigation_unity_package.egg-info/dependency_links.txt
[1.008s] writing entry points to ../../build/navigation_unity_package/navigation_unity_package.egg-info/entry_points.txt
[1.009s] writing requirements to ../../build/navigation_unity_package/navigation_unity_package.egg-info/requires.txt
[1.009s] writing top-level names to ../../build/navigation_unity_package/navigation_unity_package.egg-info/top_level.txt
[1.010s] reading manifest file '../../build/navigation_unity_package/navigation_unity_package.egg-info/SOURCES.txt'
[1.011s] writing manifest file '../../build/navigation_unity_package/navigation_unity_package.egg-info/SOURCES.txt'
[1.011s] running build
[1.012s] running build_py
[1.012s] copying navigation_unity_package/robot_communication_node.py -> /root/ros2_ws2/build/navigation_unity_package/build/lib/navigation_unity_package
[1.013s] running install
[1.013s] running install_lib
[1.014s] copying /root/ros2_ws2/build/navigation_unity_package/build/lib/navigation_unity_package/robot_communication_node.py -> /root/ros2_ws2/install/navigation_unity_package/lib/python3.10/site-packages/navigation_unity_package
[1.015s] byte-compiling /root/ros2_ws2/install/navigation_unity_package/lib/python3.10/site-packages/navigation_unity_package/robot_communication_node.py to robot_communication_node.cpython-310.pyc
[1.016s] running install_data
[1.016s] running install_egg_info
[1.017s] removing '/root/ros2_ws2/install/navigation_unity_package/lib/python3.10/site-packages/navigation_unity_package-0.0.0-py3.10.egg-info' (and everything under it)
[1.018s] Copying ../../build/navigation_unity_package/navigation_unity_package.egg-info to /root/ros2_ws2/install/navigation_unity_package/lib/python3.10/site-packages/navigation_unity_package-0.0.0-py3.10.egg-info
[1.019s] running install_scripts
[1.034s] Installing agent_distance_subscriber script to /root/ros2_ws2/install/navigation_unity_package/lib/navigation_unity_package
[1.034s] Installing agent_target_publisher script to /root/ros2_ws2/install/navigation_unity_package/lib/navigation_unity_package
[1.034s] Installing robot_communication_node script to /root/ros2_ws2/install/navigation_unity_package/lib/navigation_unity_package
[1.034s] Installing target_subscriber script to /root/ros2_ws2/install/navigation_unity_package/lib/navigation_unity_package
[1.035s] writing list of installed files to '/root/ros2_ws2/build/navigation_unity_package/install.log'
[1.062s] Invoked command in '/root/ros2_ws2/src/navigation_unity_package' returned '0': PYTHONPATH=/root/ros2_ws2/build/navigation_unity_package/prefix_override:/usr/lib/python3/dist-packages/colcon_core/task/python/colcon_distutils_commands:/root/ros2_ws2/install/navigation_unity_package/lib/python3.10/site-packages:${PYTHONPATH} /usr/bin/python3 -W ignore:setup.py install is deprecated -W ignore:easy_install command is deprecated setup.py egg_info --egg-base ../../build/navigation_unity_package build --build-base /root/ros2_ws2/build/navigation_unity_package/build install --record /root/ros2_ws2/build/navigation_unity_package/install.log --single-version-externally-managed install_data
