[0.273s] DEBUG:colcon:Command line arguments: ['/usr/bin/colcon', 'build']
[0.273s] DEBUG:colcon:Parsed command line arguments: Namespace(log_base=None, log_level=None, verb_name='build', build_base='build', install_base='install', merge_install=False, symlink_install=False, test_result_base=None, continue_on_error=False, executor='parallel', parallel_workers=16, event_handlers=None, ignore_user_meta=False, metas=['./colcon.meta'], base_paths=['.'], packages_ignore=None, packages_ignore_regex=None, paths=None, packages_up_to=None, packages_up_to_regex=None, packages_above=None, packages_above_and_dependencies=None, packages_above_depth=None, packages_select_by_dep=None, packages_skip_by_dep=None, packages_skip_up_to=None, packages_select_build_failed=False, packages_skip_build_finished=False, packages_select_test_failures=False, packages_skip_test_passed=False, packages_select=None, packages_skip=None, packages_select_regex=None, packages_skip_regex=None, packages_start=None, packages_end=None, allow_overriding=[], cmake_args=None, cmake_target=None, cmake_target_skip_unavailable=False, cmake_clean_cache=False, cmake_clean_first=False, cmake_force_configure=False, ament_cmake_args=None, catkin_cmake_args=None, catkin_skip_building_tests=False, mixin_files=None, mixin=None, verb_parser=<colcon_mixin.mixin.mixin_argument.MixinArgumentDecorator object at 0x7f8d1a6a6440>, verb_extension=<colcon_core.verb.build.BuildVerb object at 0x7f8d1a837370>, main=<bound method BuildVerb.main of <colcon_core.verb.build.BuildVerb object at 0x7f8d1a837370>>, mixin_verb=('build',))
[0.560s] Level 1:colcon.colcon_core.package_discovery:discover_packages(colcon_meta) check parameters
[0.560s] Level 1:colcon.colcon_core.package_discovery:discover_packages(recursive) check parameters
[0.560s] Level 1:colcon.colcon_core.package_discovery:discover_packages(ignore) check parameters
[0.560s] Level 1:colcon.colcon_core.package_discovery:discover_packages(path) check parameters
[0.560s] Level 1:colcon.colcon_core.package_discovery:discover_packages(colcon_meta) discover
[0.560s] Level 1:colcon.colcon_core.package_discovery:discover_packages(recursive) discover
[0.560s] INFO:colcon.colcon_core.package_discovery:Crawling recursively for packages in '/root/ros2_ws2'
[0.560s] Level 1:colcon.colcon_core.package_identification:_identify(.) by extensions ['ignore', 'ignore_ament_install']
[0.560s] Level 1:colcon.colcon_core.package_identification:_identify(.) by extension 'ignore'
[0.560s] Level 1:colcon.colcon_core.package_identification:_identify(.) by extension 'ignore_ament_install'
[0.560s] Level 1:colcon.colcon_core.package_identification:_identify(.) by extensions ['colcon_pkg']
[0.560s] Level 1:colcon.colcon_core.package_identification:_identify(.) by extension 'colcon_pkg'
[0.560s] Level 1:colcon.colcon_core.package_identification:_identify(.) by extensions ['colcon_meta']
[0.560s] Level 1:colcon.colcon_core.package_identification:_identify(.) by extension 'colcon_meta'
[0.560s] Level 1:colcon.colcon_core.package_identification:_identify(.) by extensions ['ros']
[0.560s] Level 1:colcon.colcon_core.package_identification:_identify(.) by extension 'ros'
[0.578s] Level 1:colcon.colcon_core.package_identification:_identify(.) by extensions ['cmake', 'python']
[0.578s] Level 1:colcon.colcon_core.package_identification:_identify(.) by extension 'cmake'
[0.578s] Level 1:colcon.colcon_core.package_identification:_identify(.) by extension 'python'
[0.578s] Level 1:colcon.colcon_core.package_identification:_identify(.) by extensions ['python_setup_py']
[0.578s] Level 1:colcon.colcon_core.package_identification:_identify(.) by extension 'python_setup_py'
[0.578s] Level 1:colcon.colcon_core.package_identification:_identify(build) by extensions ['ignore', 'ignore_ament_install']
[0.578s] Level 1:colcon.colcon_core.package_identification:_identify(build) by extension 'ignore'
[0.578s] Level 1:colcon.colcon_core.package_identification:_identify(build) ignored
[0.578s] Level 1:colcon.colcon_core.package_identification:_identify(install) by extensions ['ignore', 'ignore_ament_install']
[0.578s] Level 1:colcon.colcon_core.package_identification:_identify(install) by extension 'ignore'
[0.578s] Level 1:colcon.colcon_core.package_identification:_identify(install) ignored
[0.578s] Level 1:colcon.colcon_core.package_identification:_identify(log) by extensions ['ignore', 'ignore_ament_install']
[0.578s] Level 1:colcon.colcon_core.package_identification:_identify(log) by extension 'ignore'
[0.578s] Level 1:colcon.colcon_core.package_identification:_identify(log) ignored
[0.579s] Level 1:colcon.colcon_core.package_identification:_identify(src) by extensions ['ignore', 'ignore_ament_install']
[0.579s] Level 1:colcon.colcon_core.package_identification:_identify(src) by extension 'ignore'
[0.579s] Level 1:colcon.colcon_core.package_identification:_identify(src) by extension 'ignore_ament_install'
[0.579s] Level 1:colcon.colcon_core.package_identification:_identify(src) by extensions ['colcon_pkg']
[0.579s] Level 1:colcon.colcon_core.package_identification:_identify(src) by extension 'colcon_pkg'
[0.579s] Level 1:colcon.colcon_core.package_identification:_identify(src) by extensions ['colcon_meta']
[0.579s] Level 1:colcon.colcon_core.package_identification:_identify(src) by extension 'colcon_meta'
[0.579s] Level 1:colcon.colcon_core.package_identification:_identify(src) by extensions ['ros']
[0.579s] Level 1:colcon.colcon_core.package_identification:_identify(src) by extension 'ros'
[0.579s] Level 1:colcon.colcon_core.package_identification:_identify(src) by extensions ['cmake', 'python']
[0.579s] Level 1:colcon.colcon_core.package_identification:_identify(src) by extension 'cmake'
[0.579s] Level 1:colcon.colcon_core.package_identification:_identify(src) by extension 'python'
[0.579s] Level 1:colcon.colcon_core.package_identification:_identify(src) by extensions ['python_setup_py']
[0.579s] Level 1:colcon.colcon_core.package_identification:_identify(src) by extension 'python_setup_py'
[0.580s] Level 1:colcon.colcon_core.package_identification:_identify(src/ROS-TCP-Endpoint-main-ros2) by extensions ['ignore', 'ignore_ament_install']
[0.580s] Level 1:colcon.colcon_core.package_identification:_identify(src/ROS-TCP-Endpoint-main-ros2) by extension 'ignore'
[0.580s] Level 1:colcon.colcon_core.package_identification:_identify(src/ROS-TCP-Endpoint-main-ros2) by extension 'ignore_ament_install'
[0.580s] Level 1:colcon.colcon_core.package_identification:_identify(src/ROS-TCP-Endpoint-main-ros2) by extensions ['colcon_pkg']
[0.580s] Level 1:colcon.colcon_core.package_identification:_identify(src/ROS-TCP-Endpoint-main-ros2) by extension 'colcon_pkg'
[0.580s] Level 1:colcon.colcon_core.package_identification:_identify(src/ROS-TCP-Endpoint-main-ros2) by extensions ['colcon_meta']
[0.580s] Level 1:colcon.colcon_core.package_identification:_identify(src/ROS-TCP-Endpoint-main-ros2) by extension 'colcon_meta'
[0.580s] Level 1:colcon.colcon_core.package_identification:_identify(src/ROS-TCP-Endpoint-main-ros2) by extensions ['ros']
[0.580s] Level 1:colcon.colcon_core.package_identification:_identify(src/ROS-TCP-Endpoint-main-ros2) by extension 'ros'
[0.584s] DEBUG:colcon.colcon_core.package_identification:Package 'src/ROS-TCP-Endpoint-main-ros2' with type 'ros.ament_python' and name 'ros_tcp_endpoint'
[0.584s] Level 1:colcon.colcon_core.package_identification:_identify(src/custom_msgs) by extensions ['ignore', 'ignore_ament_install']
[0.584s] Level 1:colcon.colcon_core.package_identification:_identify(src/custom_msgs) by extension 'ignore'
[0.584s] Level 1:colcon.colcon_core.package_identification:_identify(src/custom_msgs) by extension 'ignore_ament_install'
[0.584s] Level 1:colcon.colcon_core.package_identification:_identify(src/custom_msgs) by extensions ['colcon_pkg']
[0.584s] Level 1:colcon.colcon_core.package_identification:_identify(src/custom_msgs) by extension 'colcon_pkg'
[0.584s] Level 1:colcon.colcon_core.package_identification:_identify(src/custom_msgs) by extensions ['colcon_meta']
[0.584s] Level 1:colcon.colcon_core.package_identification:_identify(src/custom_msgs) by extension 'colcon_meta'
[0.584s] Level 1:colcon.colcon_core.package_identification:_identify(src/custom_msgs) by extensions ['ros']
[0.584s] Level 1:colcon.colcon_core.package_identification:_identify(src/custom_msgs) by extension 'ros'
[0.585s] DEBUG:colcon.colcon_core.package_identification:Package 'src/custom_msgs' with type 'ros.ament_cmake' and name 'custom_msgs'
[0.585s] Level 1:colcon.colcon_core.package_identification:_identify(src/navigation_unity_package) by extensions ['ignore', 'ignore_ament_install']
[0.585s] Level 1:colcon.colcon_core.package_identification:_identify(src/navigation_unity_package) by extension 'ignore'
[0.585s] Level 1:colcon.colcon_core.package_identification:_identify(src/navigation_unity_package) by extension 'ignore_ament_install'
[0.585s] Level 1:colcon.colcon_core.package_identification:_identify(src/navigation_unity_package) by extensions ['colcon_pkg']
[0.585s] Level 1:colcon.colcon_core.package_identification:_identify(src/navigation_unity_package) by extension 'colcon_pkg'
[0.585s] Level 1:colcon.colcon_core.package_identification:_identify(src/navigation_unity_package) by extensions ['colcon_meta']
[0.585s] Level 1:colcon.colcon_core.package_identification:_identify(src/navigation_unity_package) by extension 'colcon_meta'
[0.585s] Level 1:colcon.colcon_core.package_identification:_identify(src/navigation_unity_package) by extensions ['ros']
[0.585s] Level 1:colcon.colcon_core.package_identification:_identify(src/navigation_unity_package) by extension 'ros'
[0.586s] DEBUG:colcon.colcon_core.package_identification:Package 'src/navigation_unity_package' with type 'ros.ament_python' and name 'navigation_unity_package'
[0.586s] Level 1:colcon.colcon_core.package_discovery:discover_packages(recursive) using defaults
[0.586s] Level 1:colcon.colcon_core.package_discovery:discover_packages(ignore) discover
[0.586s] Level 1:colcon.colcon_core.package_discovery:discover_packages(ignore) using defaults
[0.586s] Level 1:colcon.colcon_core.package_discovery:discover_packages(path) discover
[0.586s] Level 1:colcon.colcon_core.package_discovery:discover_packages(path) using defaults
[0.622s] Level 1:colcon.colcon_core.package_discovery:discover_packages(prefix_path) check parameters
[0.622s] Level 1:colcon.colcon_core.package_discovery:discover_packages(prefix_path) discover
[0.625s] DEBUG:colcon.colcon_installed_package_information.package_discovery:Found 3 installed packages in /root/ros2_ws2/install
[0.626s] DEBUG:colcon.colcon_installed_package_information.package_discovery:Found 295 installed packages in /opt/ros/humble
[0.628s] Level 1:colcon.colcon_core.package_discovery:discover_packages(prefix_path) using defaults
[0.668s] Level 5:colcon.colcon_core.verb:set package 'custom_msgs' build argument 'cmake_args' from command line to 'None'
[0.668s] Level 5:colcon.colcon_core.verb:set package 'custom_msgs' build argument 'cmake_target' from command line to 'None'
[0.668s] Level 5:colcon.colcon_core.verb:set package 'custom_msgs' build argument 'cmake_target_skip_unavailable' from command line to 'False'
[0.668s] Level 5:colcon.colcon_core.verb:set package 'custom_msgs' build argument 'cmake_clean_cache' from command line to 'False'
[0.668s] Level 5:colcon.colcon_core.verb:set package 'custom_msgs' build argument 'cmake_clean_first' from command line to 'False'
[0.668s] Level 5:colcon.colcon_core.verb:set package 'custom_msgs' build argument 'cmake_force_configure' from command line to 'False'
[0.668s] Level 5:colcon.colcon_core.verb:set package 'custom_msgs' build argument 'ament_cmake_args' from command line to 'None'
[0.668s] Level 5:colcon.colcon_core.verb:set package 'custom_msgs' build argument 'catkin_cmake_args' from command line to 'None'
[0.668s] Level 5:colcon.colcon_core.verb:set package 'custom_msgs' build argument 'catkin_skip_building_tests' from command line to 'False'
[0.668s] DEBUG:colcon.colcon_core.verb:Building package 'custom_msgs' with the following arguments: {'ament_cmake_args': None, 'build_base': '/root/ros2_ws2/build/custom_msgs', 'catkin_cmake_args': None, 'catkin_skip_building_tests': False, 'cmake_args': None, 'cmake_clean_cache': False, 'cmake_clean_first': False, 'cmake_force_configure': False, 'cmake_target': None, 'cmake_target_skip_unavailable': False, 'install_base': '/root/ros2_ws2/install/custom_msgs', 'merge_install': False, 'path': '/root/ros2_ws2/src/custom_msgs', 'symlink_install': False, 'test_result_base': None}
[0.668s] Level 5:colcon.colcon_core.verb:set package 'navigation_unity_package' build argument 'cmake_args' from command line to 'None'
[0.668s] Level 5:colcon.colcon_core.verb:set package 'navigation_unity_package' build argument 'cmake_target' from command line to 'None'
[0.668s] Level 5:colcon.colcon_core.verb:set package 'navigation_unity_package' build argument 'cmake_target_skip_unavailable' from command line to 'False'
[0.668s] Level 5:colcon.colcon_core.verb:set package 'navigation_unity_package' build argument 'cmake_clean_cache' from command line to 'False'
[0.668s] Level 5:colcon.colcon_core.verb:set package 'navigation_unity_package' build argument 'cmake_clean_first' from command line to 'False'
[0.668s] Level 5:colcon.colcon_core.verb:set package 'navigation_unity_package' build argument 'cmake_force_configure' from command line to 'False'
[0.668s] Level 5:colcon.colcon_core.verb:set package 'navigation_unity_package' build argument 'ament_cmake_args' from command line to 'None'
[0.668s] Level 5:colcon.colcon_core.verb:set package 'navigation_unity_package' build argument 'catkin_cmake_args' from command line to 'None'
[0.668s] Level 5:colcon.colcon_core.verb:set package 'navigation_unity_package' build argument 'catkin_skip_building_tests' from command line to 'False'
[0.668s] DEBUG:colcon.colcon_core.verb:Building package 'navigation_unity_package' with the following arguments: {'ament_cmake_args': None, 'build_base': '/root/ros2_ws2/build/navigation_unity_package', 'catkin_cmake_args': None, 'catkin_skip_building_tests': False, 'cmake_args': None, 'cmake_clean_cache': False, 'cmake_clean_first': False, 'cmake_force_configure': False, 'cmake_target': None, 'cmake_target_skip_unavailable': False, 'install_base': '/root/ros2_ws2/install/navigation_unity_package', 'merge_install': False, 'path': '/root/ros2_ws2/src/navigation_unity_package', 'symlink_install': False, 'test_result_base': None}
[0.668s] Level 5:colcon.colcon_core.verb:set package 'ros_tcp_endpoint' build argument 'cmake_args' from command line to 'None'
[0.668s] Level 5:colcon.colcon_core.verb:set package 'ros_tcp_endpoint' build argument 'cmake_target' from command line to 'None'
[0.668s] Level 5:colcon.colcon_core.verb:set package 'ros_tcp_endpoint' build argument 'cmake_target_skip_unavailable' from command line to 'False'
[0.668s] Level 5:colcon.colcon_core.verb:set package 'ros_tcp_endpoint' build argument 'cmake_clean_cache' from command line to 'False'
[0.669s] Level 5:colcon.colcon_core.verb:set package 'ros_tcp_endpoint' build argument 'cmake_clean_first' from command line to 'False'
[0.669s] Level 5:colcon.colcon_core.verb:set package 'ros_tcp_endpoint' build argument 'cmake_force_configure' from command line to 'False'
[0.669s] Level 5:colcon.colcon_core.verb:set package 'ros_tcp_endpoint' build argument 'ament_cmake_args' from command line to 'None'
[0.669s] Level 5:colcon.colcon_core.verb:set package 'ros_tcp_endpoint' build argument 'catkin_cmake_args' from command line to 'None'
[0.669s] Level 5:colcon.colcon_core.verb:set package 'ros_tcp_endpoint' build argument 'catkin_skip_building_tests' from command line to 'False'
[0.669s] DEBUG:colcon.colcon_core.verb:Building package 'ros_tcp_endpoint' with the following arguments: {'ament_cmake_args': None, 'build_base': '/root/ros2_ws2/build/ros_tcp_endpoint', 'catkin_cmake_args': None, 'catkin_skip_building_tests': False, 'cmake_args': None, 'cmake_clean_cache': False, 'cmake_clean_first': False, 'cmake_force_configure': False, 'cmake_target': None, 'cmake_target_skip_unavailable': False, 'install_base': '/root/ros2_ws2/install/ros_tcp_endpoint', 'merge_install': False, 'path': '/root/ros2_ws2/src/ROS-TCP-Endpoint-main-ros2', 'symlink_install': False, 'test_result_base': None}
[0.669s] INFO:colcon.colcon_core.executor:Executing jobs using 'parallel' executor
[0.670s] DEBUG:colcon.colcon_parallel_executor.executor.parallel:run_until_complete
[0.670s] INFO:colcon.colcon_ros.task.ament_cmake.build:Building ROS package in '/root/ros2_ws2/src/custom_msgs' with build type 'ament_cmake'
[0.671s] INFO:colcon.colcon_cmake.task.cmake.build:Building CMake package in '/root/ros2_ws2/src/custom_msgs'
[0.676s] INFO:colcon.colcon_core.plugin_system:Skipping extension 'colcon_core.shell.bat': Not used on non-Windows systems
[0.676s] INFO:colcon.colcon_core.shell:Skip shell extension 'powershell' for command environment: Not usable outside of PowerShell
[0.676s] DEBUG:colcon.colcon_core.shell:Skip shell extension 'dsv' for command environment
[0.681s] INFO:colcon.colcon_ros.task.ament_python.build:Building ROS package in '/root/ros2_ws2/src/navigation_unity_package' with build type 'ament_python'
[0.681s] Level 1:colcon.colcon_core.shell:create_environment_hook('navigation_unity_package', 'ament_prefix_path')
[0.681s] INFO:colcon.colcon_core.shell:Creating environment hook '/root/ros2_ws2/install/navigation_unity_package/share/navigation_unity_package/hook/ament_prefix_path.ps1'
[0.682s] INFO:colcon.colcon_core.shell:Creating environment descriptor '/root/ros2_ws2/install/navigation_unity_package/share/navigation_unity_package/hook/ament_prefix_path.dsv'
[0.682s] INFO:colcon.colcon_core.shell:Creating environment hook '/root/ros2_ws2/install/navigation_unity_package/share/navigation_unity_package/hook/ament_prefix_path.sh'
[0.684s] INFO:colcon.colcon_core.shell:Skip shell extension 'powershell' for command environment: Not usable outside of PowerShell
[0.684s] DEBUG:colcon.colcon_core.shell:Skip shell extension 'dsv' for command environment
[0.687s] INFO:colcon.colcon_ros.task.ament_python.build:Building ROS package in '/root/ros2_ws2/src/ROS-TCP-Endpoint-main-ros2' with build type 'ament_python'
[0.687s] Level 1:colcon.colcon_core.shell:create_environment_hook('ros_tcp_endpoint', 'ament_prefix_path')
[0.687s] INFO:colcon.colcon_core.shell:Creating environment hook '/root/ros2_ws2/install/ros_tcp_endpoint/share/ros_tcp_endpoint/hook/ament_prefix_path.ps1'
[0.688s] INFO:colcon.colcon_core.shell:Creating environment descriptor '/root/ros2_ws2/install/ros_tcp_endpoint/share/ros_tcp_endpoint/hook/ament_prefix_path.dsv'
[0.688s] INFO:colcon.colcon_core.shell:Creating environment hook '/root/ros2_ws2/install/ros_tcp_endpoint/share/ros_tcp_endpoint/hook/ament_prefix_path.sh'
[0.688s] INFO:colcon.colcon_core.shell:Skip shell extension 'powershell' for command environment: Not usable outside of PowerShell
[0.688s] DEBUG:colcon.colcon_core.shell:Skip shell extension 'dsv' for command environment
[0.699s] DEBUG:colcon.colcon_core.event_handler.log_command:Invoking command in '/root/ros2_ws2/build/custom_msgs': CMAKE_PREFIX_PATH=${CMAKE_PREFIX_PATH}:/root/ros2_ws2/install/ros_tcp_endpoint:/root/ros2_ws2/install/navigation_unity_package:/opt/ros/humble /usr/bin/cmake --build /root/ros2_ws2/build/custom_msgs -- -j16 -l16
[0.942s] INFO:colcon.colcon_core.task.python.build:Building Python package in '/root/ros2_ws2/src/navigation_unity_package'
[0.942s] INFO:colcon.colcon_core.shell:Skip shell extension 'powershell' for command environment: Not usable outside of PowerShell
[0.942s] DEBUG:colcon.colcon_core.shell:Skip shell extension 'dsv' for command environment
[1.127s] INFO:colcon.colcon_core.task.python.build:Building Python package in '/root/ros2_ws2/src/ROS-TCP-Endpoint-main-ros2'
[1.127s] INFO:colcon.colcon_core.shell:Skip shell extension 'powershell' for command environment: Not usable outside of PowerShell
[1.127s] DEBUG:colcon.colcon_core.shell:Skip shell extension 'dsv' for command environment
[1.135s] DEBUG:colcon.colcon_core.event_handler.log_command:Invoked command in '/root/ros2_ws2/build/custom_msgs' returned '0': CMAKE_PREFIX_PATH=${CMAKE_PREFIX_PATH}:/root/ros2_ws2/install/ros_tcp_endpoint:/root/ros2_ws2/install/navigation_unity_package:/opt/ros/humble /usr/bin/cmake --build /root/ros2_ws2/build/custom_msgs -- -j16 -l16
[1.143s] DEBUG:colcon.colcon_core.event_handler.log_command:Invoking command in '/root/ros2_ws2/build/custom_msgs': CMAKE_PREFIX_PATH=${CMAKE_PREFIX_PATH}:/root/ros2_ws2/install/ros_tcp_endpoint:/root/ros2_ws2/install/navigation_unity_package:/opt/ros/humble /usr/bin/cmake --install /root/ros2_ws2/build/custom_msgs
[1.200s] Level 1:colcon.colcon_core.environment:create_environment_scripts_only(custom_msgs)
[1.200s] DEBUG:colcon.colcon_core.event_handler.log_command:Invoked command in '/root/ros2_ws2/build/custom_msgs' returned '0': CMAKE_PREFIX_PATH=${CMAKE_PREFIX_PATH}:/root/ros2_ws2/install/ros_tcp_endpoint:/root/ros2_ws2/install/navigation_unity_package:/opt/ros/humble /usr/bin/cmake --install /root/ros2_ws2/build/custom_msgs
[1.206s] Level 1:colcon.colcon_core.environment:checking '/root/ros2_ws2/install/custom_msgs' for CMake module files
[1.206s] Level 1:colcon.colcon_core.environment:checking '/root/ros2_ws2/install/custom_msgs' for CMake config files
[1.209s] Level 1:colcon.colcon_core.shell:create_environment_hook('custom_msgs', 'cmake_prefix_path')
[1.209s] INFO:colcon.colcon_core.shell:Creating environment hook '/root/ros2_ws2/install/custom_msgs/share/custom_msgs/hook/cmake_prefix_path.ps1'
[1.209s] INFO:colcon.colcon_core.shell:Creating environment descriptor '/root/ros2_ws2/install/custom_msgs/share/custom_msgs/hook/cmake_prefix_path.dsv'
[1.209s] INFO:colcon.colcon_core.shell:Creating environment hook '/root/ros2_ws2/install/custom_msgs/share/custom_msgs/hook/cmake_prefix_path.sh'
[1.210s] Level 1:colcon.colcon_core.environment:checking '/root/ros2_ws2/install/custom_msgs/lib'
[1.210s] Level 1:colcon.colcon_core.shell:create_environment_hook('custom_msgs', 'ld_library_path_lib')
[1.210s] INFO:colcon.colcon_core.shell:Creating environment hook '/root/ros2_ws2/install/custom_msgs/share/custom_msgs/hook/ld_library_path_lib.ps1'
[1.211s] INFO:colcon.colcon_core.shell:Creating environment descriptor '/root/ros2_ws2/install/custom_msgs/share/custom_msgs/hook/ld_library_path_lib.dsv'
[1.211s] INFO:colcon.colcon_core.shell:Creating environment hook '/root/ros2_ws2/install/custom_msgs/share/custom_msgs/hook/ld_library_path_lib.sh'
[1.211s] Level 1:colcon.colcon_core.environment:checking '/root/ros2_ws2/install/custom_msgs/bin'
[1.211s] Level 1:colcon.colcon_core.environment:checking '/root/ros2_ws2/install/custom_msgs/lib/pkgconfig/custom_msgs.pc'
[1.211s] Level 1:colcon.colcon_core.environment:checking '/root/ros2_ws2/install/custom_msgs/lib/python3.10/site-packages'
[1.211s] Level 1:colcon.colcon_core.environment:checking '/root/ros2_ws2/install/custom_msgs/bin'
[1.212s] INFO:colcon.colcon_core.shell:Creating package script '/root/ros2_ws2/install/custom_msgs/share/custom_msgs/package.ps1'
[1.212s] INFO:colcon.colcon_core.shell:Creating package descriptor '/root/ros2_ws2/install/custom_msgs/share/custom_msgs/package.dsv'
[1.213s] INFO:colcon.colcon_core.shell:Creating package script '/root/ros2_ws2/install/custom_msgs/share/custom_msgs/package.sh'
[1.214s] INFO:colcon.colcon_core.shell:Creating package script '/root/ros2_ws2/install/custom_msgs/share/custom_msgs/package.bash'
[1.214s] INFO:colcon.colcon_core.shell:Creating package script '/root/ros2_ws2/install/custom_msgs/share/custom_msgs/package.zsh'
[1.215s] Level 1:colcon.colcon_core.environment:create_file_with_runtime_dependencies(/root/ros2_ws2/install/custom_msgs/share/colcon-core/packages/custom_msgs)
[1.215s] Level 1:colcon.colcon_core.environment:create_environment_scripts_only(custom_msgs)
[1.216s] Level 1:colcon.colcon_core.environment:checking '/root/ros2_ws2/install/custom_msgs' for CMake module files
[1.216s] Level 1:colcon.colcon_core.environment:checking '/root/ros2_ws2/install/custom_msgs' for CMake config files
[1.216s] Level 1:colcon.colcon_core.shell:create_environment_hook('custom_msgs', 'cmake_prefix_path')
[1.216s] INFO:colcon.colcon_core.shell:Creating environment hook '/root/ros2_ws2/install/custom_msgs/share/custom_msgs/hook/cmake_prefix_path.ps1'
[1.217s] INFO:colcon.colcon_core.shell:Creating environment descriptor '/root/ros2_ws2/install/custom_msgs/share/custom_msgs/hook/cmake_prefix_path.dsv'
[1.217s] INFO:colcon.colcon_core.shell:Creating environment hook '/root/ros2_ws2/install/custom_msgs/share/custom_msgs/hook/cmake_prefix_path.sh'
[1.217s] Level 1:colcon.colcon_core.environment:checking '/root/ros2_ws2/install/custom_msgs/lib'
[1.217s] Level 1:colcon.colcon_core.shell:create_environment_hook('custom_msgs', 'ld_library_path_lib')
[1.217s] INFO:colcon.colcon_core.shell:Creating environment hook '/root/ros2_ws2/install/custom_msgs/share/custom_msgs/hook/ld_library_path_lib.ps1'
[1.218s] INFO:colcon.colcon_core.shell:Creating environment descriptor '/root/ros2_ws2/install/custom_msgs/share/custom_msgs/hook/ld_library_path_lib.dsv'
[1.218s] INFO:colcon.colcon_core.shell:Creating environment hook '/root/ros2_ws2/install/custom_msgs/share/custom_msgs/hook/ld_library_path_lib.sh'
[1.218s] Level 1:colcon.colcon_core.environment:checking '/root/ros2_ws2/install/custom_msgs/bin'
[1.218s] Level 1:colcon.colcon_core.environment:checking '/root/ros2_ws2/install/custom_msgs/lib/pkgconfig/custom_msgs.pc'
[1.218s] Level 1:colcon.colcon_core.environment:checking '/root/ros2_ws2/install/custom_msgs/lib/python3.10/site-packages'
[1.218s] Level 1:colcon.colcon_core.environment:checking '/root/ros2_ws2/install/custom_msgs/bin'
[1.219s] INFO:colcon.colcon_core.shell:Creating package script '/root/ros2_ws2/install/custom_msgs/share/custom_msgs/package.ps1'
[1.219s] INFO:colcon.colcon_core.shell:Creating package descriptor '/root/ros2_ws2/install/custom_msgs/share/custom_msgs/package.dsv'
[1.219s] INFO:colcon.colcon_core.shell:Creating package script '/root/ros2_ws2/install/custom_msgs/share/custom_msgs/package.sh'
[1.220s] INFO:colcon.colcon_core.shell:Creating package script '/root/ros2_ws2/install/custom_msgs/share/custom_msgs/package.bash'
[1.220s] INFO:colcon.colcon_core.shell:Creating package script '/root/ros2_ws2/install/custom_msgs/share/custom_msgs/package.zsh'
[1.220s] Level 1:colcon.colcon_core.environment:create_file_with_runtime_dependencies(/root/ros2_ws2/install/custom_msgs/share/colcon-core/packages/custom_msgs)
[1.531s] DEBUG:colcon.colcon_core.event_handler.log_command:Invoking command in '/root/ros2_ws2/src/ROS-TCP-Endpoint-main-ros2': PYTHONPATH=/root/ros2_ws2/build/ros_tcp_endpoint/prefix_override:/usr/lib/python3/dist-packages/colcon_core/task/python/colcon_distutils_commands:/root/ros2_ws2/install/ros_tcp_endpoint/lib/python3.10/site-packages:${PYTHONPATH} /usr/bin/python3 -W ignore:setup.py install is deprecated -W ignore:easy_install command is deprecated setup.py egg_info --egg-base ../../build/ros_tcp_endpoint build --build-base /root/ros2_ws2/build/ros_tcp_endpoint/build install --record /root/ros2_ws2/build/ros_tcp_endpoint/install.log --install-scripts $base/lib/ros_tcp_endpoint --single-version-externally-managed install_data
[1.531s] DEBUG:colcon.colcon_core.event_handler.log_command:Invoking command in '/root/ros2_ws2/src/navigation_unity_package': PYTHONPATH=/root/ros2_ws2/build/navigation_unity_package/prefix_override:/usr/lib/python3/dist-packages/colcon_core/task/python/colcon_distutils_commands:/root/ros2_ws2/install/navigation_unity_package/lib/python3.10/site-packages:${PYTHONPATH} /usr/bin/python3 -W ignore:setup.py install is deprecated -W ignore:easy_install command is deprecated setup.py egg_info --egg-base ../../build/navigation_unity_package build --build-base /root/ros2_ws2/build/navigation_unity_package/build install --record /root/ros2_ws2/build/navigation_unity_package/install.log --single-version-externally-managed install_data
[1.733s] Level 1:colcon.colcon_core.environment:checking '/root/ros2_ws2/install/ros_tcp_endpoint' for CMake module files
[1.734s] DEBUG:colcon.colcon_core.event_handler.log_command:Invoked command in '/root/ros2_ws2/src/ROS-TCP-Endpoint-main-ros2' returned '0': PYTHONPATH=/root/ros2_ws2/build/ros_tcp_endpoint/prefix_override:/usr/lib/python3/dist-packages/colcon_core/task/python/colcon_distutils_commands:/root/ros2_ws2/install/ros_tcp_endpoint/lib/python3.10/site-packages:${PYTHONPATH} /usr/bin/python3 -W ignore:setup.py install is deprecated -W ignore:easy_install command is deprecated setup.py egg_info --egg-base ../../build/ros_tcp_endpoint build --build-base /root/ros2_ws2/build/ros_tcp_endpoint/build install --record /root/ros2_ws2/build/ros_tcp_endpoint/install.log --install-scripts $base/lib/ros_tcp_endpoint --single-version-externally-managed install_data
[1.736s] Level 1:colcon.colcon_core.environment:checking '/root/ros2_ws2/install/ros_tcp_endpoint' for CMake config files
[1.738s] Level 1:colcon.colcon_core.environment:checking '/root/ros2_ws2/install/ros_tcp_endpoint/lib'
[1.738s] Level 1:colcon.colcon_core.environment:checking '/root/ros2_ws2/install/ros_tcp_endpoint/bin'
[1.738s] Level 1:colcon.colcon_core.environment:checking '/root/ros2_ws2/install/ros_tcp_endpoint/lib/pkgconfig/ros_tcp_endpoint.pc'
[1.739s] Level 1:colcon.colcon_core.environment:checking '/root/ros2_ws2/install/ros_tcp_endpoint/lib/python3.10/site-packages'
[1.739s] Level 1:colcon.colcon_core.shell:create_environment_hook('ros_tcp_endpoint', 'pythonpath')
[1.739s] INFO:colcon.colcon_core.shell:Creating environment hook '/root/ros2_ws2/install/ros_tcp_endpoint/share/ros_tcp_endpoint/hook/pythonpath.ps1'
[1.739s] INFO:colcon.colcon_core.shell:Creating environment descriptor '/root/ros2_ws2/install/ros_tcp_endpoint/share/ros_tcp_endpoint/hook/pythonpath.dsv'
[1.740s] INFO:colcon.colcon_core.shell:Creating environment hook '/root/ros2_ws2/install/ros_tcp_endpoint/share/ros_tcp_endpoint/hook/pythonpath.sh'
[1.740s] Level 1:colcon.colcon_core.environment:checking '/root/ros2_ws2/install/ros_tcp_endpoint/bin'
[1.740s] Level 1:colcon.colcon_core.environment:create_environment_scripts_only(ros_tcp_endpoint)
[1.740s] INFO:colcon.colcon_core.shell:Creating package script '/root/ros2_ws2/install/ros_tcp_endpoint/share/ros_tcp_endpoint/package.ps1'
[1.740s] INFO:colcon.colcon_core.shell:Creating package descriptor '/root/ros2_ws2/install/ros_tcp_endpoint/share/ros_tcp_endpoint/package.dsv'
[1.741s] INFO:colcon.colcon_core.shell:Creating package script '/root/ros2_ws2/install/ros_tcp_endpoint/share/ros_tcp_endpoint/package.sh'
[1.741s] INFO:colcon.colcon_core.shell:Creating package script '/root/ros2_ws2/install/ros_tcp_endpoint/share/ros_tcp_endpoint/package.bash'
[1.741s] INFO:colcon.colcon_core.shell:Creating package script '/root/ros2_ws2/install/ros_tcp_endpoint/share/ros_tcp_endpoint/package.zsh'
[1.742s] Level 1:colcon.colcon_core.environment:create_file_with_runtime_dependencies(/root/ros2_ws2/install/ros_tcp_endpoint/share/colcon-core/packages/ros_tcp_endpoint)
[1.742s] Level 1:colcon.colcon_core.environment:checking '/root/ros2_ws2/install/navigation_unity_package' for CMake module files
[1.743s] DEBUG:colcon.colcon_core.event_handler.log_command:Invoked command in '/root/ros2_ws2/src/navigation_unity_package' returned '0': PYTHONPATH=/root/ros2_ws2/build/navigation_unity_package/prefix_override:/usr/lib/python3/dist-packages/colcon_core/task/python/colcon_distutils_commands:/root/ros2_ws2/install/navigation_unity_package/lib/python3.10/site-packages:${PYTHONPATH} /usr/bin/python3 -W ignore:setup.py install is deprecated -W ignore:easy_install command is deprecated setup.py egg_info --egg-base ../../build/navigation_unity_package build --build-base /root/ros2_ws2/build/navigation_unity_package/build install --record /root/ros2_ws2/build/navigation_unity_package/install.log --single-version-externally-managed install_data
[1.743s] Level 1:colcon.colcon_core.environment:checking '/root/ros2_ws2/install/navigation_unity_package' for CMake config files
[1.745s] Level 1:colcon.colcon_core.environment:checking '/root/ros2_ws2/install/navigation_unity_package/lib'
[1.745s] Level 1:colcon.colcon_core.environment:checking '/root/ros2_ws2/install/navigation_unity_package/bin'
[1.745s] Level 1:colcon.colcon_core.environment:checking '/root/ros2_ws2/install/navigation_unity_package/lib/pkgconfig/navigation_unity_package.pc'
[1.746s] Level 1:colcon.colcon_core.environment:checking '/root/ros2_ws2/install/navigation_unity_package/lib/python3.10/site-packages'
[1.746s] Level 1:colcon.colcon_core.shell:create_environment_hook('navigation_unity_package', 'pythonpath')
[1.746s] INFO:colcon.colcon_core.shell:Creating environment hook '/root/ros2_ws2/install/navigation_unity_package/share/navigation_unity_package/hook/pythonpath.ps1'
[1.746s] INFO:colcon.colcon_core.shell:Creating environment descriptor '/root/ros2_ws2/install/navigation_unity_package/share/navigation_unity_package/hook/pythonpath.dsv'
[1.746s] INFO:colcon.colcon_core.shell:Creating environment hook '/root/ros2_ws2/install/navigation_unity_package/share/navigation_unity_package/hook/pythonpath.sh'
[1.747s] Level 1:colcon.colcon_core.environment:checking '/root/ros2_ws2/install/navigation_unity_package/bin'
[1.747s] Level 1:colcon.colcon_core.environment:create_environment_scripts_only(navigation_unity_package)
[1.747s] INFO:colcon.colcon_core.shell:Creating package script '/root/ros2_ws2/install/navigation_unity_package/share/navigation_unity_package/package.ps1'
[1.747s] INFO:colcon.colcon_core.shell:Creating package descriptor '/root/ros2_ws2/install/navigation_unity_package/share/navigation_unity_package/package.dsv'
[1.748s] INFO:colcon.colcon_core.shell:Creating package script '/root/ros2_ws2/install/navigation_unity_package/share/navigation_unity_package/package.sh'
[1.748s] INFO:colcon.colcon_core.shell:Creating package script '/root/ros2_ws2/install/navigation_unity_package/share/navigation_unity_package/package.bash'
[1.748s] INFO:colcon.colcon_core.shell:Creating package script '/root/ros2_ws2/install/navigation_unity_package/share/navigation_unity_package/package.zsh'
[1.748s] Level 1:colcon.colcon_core.environment:create_file_with_runtime_dependencies(/root/ros2_ws2/install/navigation_unity_package/share/colcon-core/packages/navigation_unity_package)
[1.749s] DEBUG:colcon.colcon_parallel_executor.executor.parallel:closing loop
[1.749s] DEBUG:colcon.colcon_parallel_executor.executor.parallel:loop closed
[1.749s] DEBUG:colcon.colcon_parallel_executor.executor.parallel:run_until_complete finished with '0'
[1.749s] DEBUG:colcon.colcon_core.event_reactor:joining thread
[1.807s] INFO:colcon.colcon_core.plugin_system:Skipping extension 'colcon_notification.desktop_notification.notify_send': Could not find 'notify-send'
[1.807s] INFO:colcon.colcon_core.plugin_system:Skipping extension 'colcon_notification.desktop_notification.terminal_notifier': Not used on non-Darwin systems
[1.807s] INFO:colcon.colcon_core.plugin_system:Skipping extension 'colcon_notification.desktop_notification.win32': Not used on non-Windows systems
[1.807s] INFO:colcon.colcon_notification.desktop_notification:Sending desktop notification using 'notify2'
[1.807s] DEBUG:colcon.colcon_notification.desktop_notification.notify2:Failed to initialize notify2: org.freedesktop.DBus.Error.FileNotFound: Failed to connect to socket /run/user/0/bus: No such file or directory
[1.807s] DEBUG:colcon.colcon_core.event_reactor:joined thread
[1.808s] INFO:colcon.colcon_core.shell:Creating prefix script '/root/ros2_ws2/install/local_setup.ps1'
[1.809s] INFO:colcon.colcon_core.shell:Creating prefix util module '/root/ros2_ws2/install/_local_setup_util_ps1.py'
[1.810s] INFO:colcon.colcon_core.shell:Creating prefix chain script '/root/ros2_ws2/install/setup.ps1'
[1.811s] INFO:colcon.colcon_core.shell:Creating prefix script '/root/ros2_ws2/install/local_setup.sh'
[1.812s] INFO:colcon.colcon_core.shell:Creating prefix util module '/root/ros2_ws2/install/_local_setup_util_sh.py'
[1.813s] INFO:colcon.colcon_core.shell:Creating prefix chain script '/root/ros2_ws2/install/setup.sh'
[1.813s] INFO:colcon.colcon_core.shell:Creating prefix script '/root/ros2_ws2/install/local_setup.bash'
[1.814s] INFO:colcon.colcon_core.shell:Creating prefix chain script '/root/ros2_ws2/install/setup.bash'
[1.815s] INFO:colcon.colcon_core.shell:Creating prefix script '/root/ros2_ws2/install/local_setup.zsh'
[1.815s] INFO:colcon.colcon_core.shell:Creating prefix chain script '/root/ros2_ws2/install/setup.zsh'
