running egg_info
creating ../../build/navigation_unity_package/navigation_unity_package.egg-info
writing ../../build/navigation_unity_package/navigation_unity_package.egg-info/PKG-INFO
writing dependency_links to ../../build/navigation_unity_package/navigation_unity_package.egg-info/dependency_links.txt
writing entry points to ../../build/navigation_unity_package/navigation_unity_package.egg-info/entry_points.txt
writing requirements to ../../build/navigation_unity_package/navigation_unity_package.egg-info/requires.txt
writing top-level names to ../../build/navigation_unity_package/navigation_unity_package.egg-info/top_level.txt
writing manifest file '../../build/navigation_unity_package/navigation_unity_package.egg-info/SOURCES.txt'
reading manifest file '../../build/navigation_unity_package/navigation_unity_package.egg-info/SOURCES.txt'
writing manifest file '../../build/navigation_unity_package/navigation_unity_package.egg-info/SOURCES.txt'
running build
running build_py
creating /root/ros2_ws2/build/navigation_unity_package/build
creating /root/ros2_ws2/build/navigation_unity_package/build/lib
creating /root/ros2_ws2/build/navigation_unity_package/build/lib/navigation_unity_package
copying navigation_unity_package/robot_communication_node.py -> /root/ros2_ws2/build/navigation_unity_package/build/lib/navigation_unity_package
copying navigation_unity_package/__init__.py -> /root/ros2_ws2/build/navigation_unity_package/build/lib/navigation_unity_package
copying navigation_unity_package/agent_distance_subscriber.py -> /root/ros2_ws2/build/navigation_unity_package/build/lib/navigation_unity_package
running install
running install_lib
creating /root/ros2_ws2/install/navigation_unity_package/lib/python3.10/site-packages/navigation_unity_package
copying /root/ros2_ws2/build/navigation_unity_package/build/lib/navigation_unity_package/robot_communication_node.py -> /root/ros2_ws2/install/navigation_unity_package/lib/python3.10/site-packages/navigation_unity_package
copying /root/ros2_ws2/build/navigation_unity_package/build/lib/navigation_unity_package/__init__.py -> /root/ros2_ws2/install/navigation_unity_package/lib/python3.10/site-packages/navigation_unity_package
copying /root/ros2_ws2/build/navigation_unity_package/build/lib/navigation_unity_package/agent_distance_subscriber.py -> /root/ros2_ws2/install/navigation_unity_package/lib/python3.10/site-packages/navigation_unity_package
byte-compiling /root/ros2_ws2/install/navigation_unity_package/lib/python3.10/site-packages/navigation_unity_package/robot_communication_node.py to robot_communication_node.cpython-310.pyc
byte-compiling /root/ros2_ws2/install/navigation_unity_package/lib/python3.10/site-packages/navigation_unity_package/__init__.py to __init__.cpython-310.pyc
byte-compiling /root/ros2_ws2/install/navigation_unity_package/lib/python3.10/site-packages/navigation_unity_package/agent_distance_subscriber.py to agent_distance_subscriber.cpython-310.pyc
running install_data
creating /root/ros2_ws2/install/navigation_unity_package/share/ament_index
creating /root/ros2_ws2/install/navigation_unity_package/share/ament_index/resource_index
creating /root/ros2_ws2/install/navigation_unity_package/share/ament_index/resource_index/packages
copying resource/navigation_unity_package -> /root/ros2_ws2/install/navigation_unity_package/share/ament_index/resource_index/packages
copying package.xml -> /root/ros2_ws2/install/navigation_unity_package/share/navigation_unity_package
running install_egg_info
Copying ../../build/navigation_unity_package/navigation_unity_package.egg-info to /root/ros2_ws2/install/navigation_unity_package/lib/python3.10/site-packages/navigation_unity_package-0.0.0-py3.10.egg-info
running install_scripts
Installing agent_distance_subscriber script to /root/ros2_ws2/install/navigation_unity_package/lib/navigation_unity_package
Installing agent_target_publisher script to /root/ros2_ws2/install/navigation_unity_package/lib/navigation_unity_package
Installing robot_communication_node script to /root/ros2_ws2/install/navigation_unity_package/lib/navigation_unity_package
Installing target_subscriber script to /root/ros2_ws2/install/navigation_unity_package/lib/navigation_unity_package
writing list of installed files to '/root/ros2_ws2/build/navigation_unity_package/install.log'
