[0.658s] Invoking command in '/root/ros2_ws2/src/navigation_unity_package': PYTHONPATH=/root/ros2_ws2/build/navigation_unity_package/prefix_override:/usr/lib/python3/dist-packages/colcon_core/task/python/colcon_distutils_commands:/root/ros2_ws2/install/navigation_unity_package/lib/python3.10/site-packages:${PYTHONPATH} /usr/bin/python3 -W ignore:setup.py install is deprecated -W ignore:easy_install command is deprecated setup.py egg_info --egg-base ../../build/navigation_unity_package build --build-base /root/ros2_ws2/build/navigation_unity_package/build install --record /root/ros2_ws2/build/navigation_unity_package/install.log --single-version-externally-managed install_data
[0.821s] running egg_info
[0.822s] creating ../../build/navigation_unity_package/navigation_unity_package.egg-info
[0.822s] writing ../../build/navigation_unity_package/navigation_unity_package.egg-info/PKG-INFO
[0.822s] writing dependency_links to ../../build/navigation_unity_package/navigation_unity_package.egg-info/dependency_links.txt
[0.822s] writing entry points to ../../build/navigation_unity_package/navigation_unity_package.egg-info/entry_points.txt
[0.823s] writing requirements to ../../build/navigation_unity_package/navigation_unity_package.egg-info/requires.txt
[0.823s] writing top-level names to ../../build/navigation_unity_package/navigation_unity_package.egg-info/top_level.txt
[0.823s] writing manifest file '../../build/navigation_unity_package/navigation_unity_package.egg-info/SOURCES.txt'
[0.824s] reading manifest file '../../build/navigation_unity_package/navigation_unity_package.egg-info/SOURCES.txt'
[0.826s] writing manifest file '../../build/navigation_unity_package/navigation_unity_package.egg-info/SOURCES.txt'
[0.826s] running build
[0.826s] running build_py
[0.826s] creating /root/ros2_ws2/build/navigation_unity_package/build
[0.826s] creating /root/ros2_ws2/build/navigation_unity_package/build/lib
[0.826s] creating /root/ros2_ws2/build/navigation_unity_package/build/lib/navigation_unity_package
[0.826s] copying navigation_unity_package/robot_communication_node.py -> /root/ros2_ws2/build/navigation_unity_package/build/lib/navigation_unity_package
[0.827s] copying navigation_unity_package/__init__.py -> /root/ros2_ws2/build/navigation_unity_package/build/lib/navigation_unity_package
[0.827s] copying navigation_unity_package/agent_distance_subscriber.py -> /root/ros2_ws2/build/navigation_unity_package/build/lib/navigation_unity_package
[0.827s] running install
[0.827s] running install_lib
[0.827s] creating /root/ros2_ws2/install/navigation_unity_package/lib/python3.10/site-packages/navigation_unity_package
[0.827s] copying /root/ros2_ws2/build/navigation_unity_package/build/lib/navigation_unity_package/robot_communication_node.py -> /root/ros2_ws2/install/navigation_unity_package/lib/python3.10/site-packages/navigation_unity_package
[0.827s] copying /root/ros2_ws2/build/navigation_unity_package/build/lib/navigation_unity_package/__init__.py -> /root/ros2_ws2/install/navigation_unity_package/lib/python3.10/site-packages/navigation_unity_package
[0.827s] copying /root/ros2_ws2/build/navigation_unity_package/build/lib/navigation_unity_package/agent_distance_subscriber.py -> /root/ros2_ws2/install/navigation_unity_package/lib/python3.10/site-packages/navigation_unity_package
[0.828s] byte-compiling /root/ros2_ws2/install/navigation_unity_package/lib/python3.10/site-packages/navigation_unity_package/robot_communication_node.py to robot_communication_node.cpython-310.pyc
[0.828s] byte-compiling /root/ros2_ws2/install/navigation_unity_package/lib/python3.10/site-packages/navigation_unity_package/__init__.py to __init__.cpython-310.pyc
[0.828s] byte-compiling /root/ros2_ws2/install/navigation_unity_package/lib/python3.10/site-packages/navigation_unity_package/agent_distance_subscriber.py to agent_distance_subscriber.cpython-310.pyc
[0.828s] running install_data
[0.828s] creating /root/ros2_ws2/install/navigation_unity_package/share/ament_index
[0.829s] creating /root/ros2_ws2/install/navigation_unity_package/share/ament_index/resource_index
[0.829s] creating /root/ros2_ws2/install/navigation_unity_package/share/ament_index/resource_index/packages
[0.829s] copying resource/navigation_unity_package -> /root/ros2_ws2/install/navigation_unity_package/share/ament_index/resource_index/packages
[0.829s] copying package.xml -> /root/ros2_ws2/install/navigation_unity_package/share/navigation_unity_package
[0.829s] running install_egg_info
[0.830s] Copying ../../build/navigation_unity_package/navigation_unity_package.egg-info to /root/ros2_ws2/install/navigation_unity_package/lib/python3.10/site-packages/navigation_unity_package-0.0.0-py3.10.egg-info
[0.831s] running install_scripts
[0.847s] Installing agent_distance_subscriber script to /root/ros2_ws2/install/navigation_unity_package/lib/navigation_unity_package
[0.848s] Installing agent_target_publisher script to /root/ros2_ws2/install/navigation_unity_package/lib/navigation_unity_package
[0.848s] Installing robot_communication_node script to /root/ros2_ws2/install/navigation_unity_package/lib/navigation_unity_package
[0.848s] Installing target_subscriber script to /root/ros2_ws2/install/navigation_unity_package/lib/navigation_unity_package
[0.848s] writing list of installed files to '/root/ros2_ws2/build/navigation_unity_package/install.log'
[0.868s] Invoked command in '/root/ros2_ws2/src/navigation_unity_package' returned '0': PYTHONPATH=/root/ros2_ws2/build/navigation_unity_package/prefix_override:/usr/lib/python3/dist-packages/colcon_core/task/python/colcon_distutils_commands:/root/ros2_ws2/install/navigation_unity_package/lib/python3.10/site-packages:${PYTHONPATH} /usr/bin/python3 -W ignore:setup.py install is deprecated -W ignore:easy_install command is deprecated setup.py egg_info --egg-base ../../build/navigation_unity_package build --build-base /root/ros2_ws2/build/navigation_unity_package/build install --record /root/ros2_ws2/build/navigation_unity_package/install.log --single-version-externally-managed install_data
