[0.010s] Invoking command in '/home/ubuntu/ros2_ws/build/custom_msgs': CMAKE_PREFIX_PATH=${CMAKE_PREFIX_PATH}:/home/ubuntu/ros2_ws/install/ros_tcp_endpoint:/home/ubuntu/ros2_ws/install/navigation_unity_package:/opt/ros/humble /usr/bin/cmake --build /home/ubuntu/ros2_ws/build/custom_msgs -- -j4 -l4
[0.118s] [  2%] Built target custom_msgs__cpp
[0.118s] [ 12%] Built target custom_msgs__rosidl_generator_c
[0.118s] [ 12%] Built target ament_cmake_python_copy_custom_msgs
[0.118s] [ 23%] Built target custom_msgs__rosidl_typesupport_cpp
[0.118s] [ 34%] Built target custom_msgs__rosidl_typesupport_introspection_cpp
[0.118s] [ 44%] Built target custom_msgs__rosidl_typesupport_fastrtps_cpp
[0.118s] [ 55%] Built target custom_msgs__rosidl_typesupport_introspection_c
[0.118s] [ 65%] Built target custom_msgs__rosidl_typesupport_fastrtps_c
[0.118s] [ 76%] Built target custom_msgs__rosidl_typesupport_c
[0.119s] [ 76%] Built target custom_msgs
[0.119s] [ 78%] Built target custom_msgs__py
[0.119s] [ 87%] Built target custom_msgs__rosidl_generator_py
[0.119s] [ 91%] Built target custom_msgs__rosidl_typesupport_fastrtps_c__pyext
[0.119s] [ 95%] Built target custom_msgs__rosidl_typesupport_introspection_c__pyext
[0.119s] [100%] Built target custom_msgs__rosidl_typesupport_c__pyext
[0.145s] running egg_info
[0.146s] writing custom_msgs.egg-info/PKG-INFO
[0.146s] writing dependency_links to custom_msgs.egg-info/dependency_links.txt
[0.146s] writing top-level names to custom_msgs.egg-info/top_level.txt
[0.147s] reading manifest file 'custom_msgs.egg-info/SOURCES.txt'
[0.147s] writing manifest file 'custom_msgs.egg-info/SOURCES.txt'
[0.159s] [100%] Built target ament_cmake_python_build_custom_msgs_egg
[0.209s] Invoked command in '/home/ubuntu/ros2_ws/build/custom_msgs' returned '0': CMAKE_PREFIX_PATH=${CMAKE_PREFIX_PATH}:/home/ubuntu/ros2_ws/install/ros_tcp_endpoint:/home/ubuntu/ros2_ws/install/navigation_unity_package:/opt/ros/humble /usr/bin/cmake --build /home/ubuntu/ros2_ws/build/custom_msgs -- -j4 -l4
[0.213s] Invoking command in '/home/ubuntu/ros2_ws/build/custom_msgs': CMAKE_PREFIX_PATH=${CMAKE_PREFIX_PATH}:/home/ubuntu/ros2_ws/install/ros_tcp_endpoint:/home/ubuntu/ros2_ws/install/navigation_unity_package:/opt/ros/humble /usr/bin/cmake --install /home/ubuntu/ros2_ws/build/custom_msgs
[0.216s] -- Install configuration: ""
[0.216s] -- Up-to-date: /home/ubuntu/ros2_ws/install/custom_msgs/share/ament_index/resource_index/rosidl_interfaces/custom_msgs
[0.216s] -- Up-to-date: /home/ubuntu/ros2_ws/install/custom_msgs/include/custom_msgs/custom_msgs
[0.216s] -- Up-to-date: /home/ubuntu/ros2_ws/install/custom_msgs/include/custom_msgs/custom_msgs/msg
[0.216s] -- Up-to-date: /home/ubuntu/ros2_ws/install/custom_msgs/include/custom_msgs/custom_msgs/msg/rosidl_generator_c__visibility_control.h
[0.216s] -- Up-to-date: /home/ubuntu/ros2_ws/install/custom_msgs/include/custom_msgs/custom_msgs/msg/detail
[0.216s] -- Up-to-date: /home/ubuntu/ros2_ws/install/custom_msgs/include/custom_msgs/custom_msgs/msg/detail/agent_target_positions__struct.h
[0.216s] -- Up-to-date: /home/ubuntu/ros2_ws/install/custom_msgs/include/custom_msgs/custom_msgs/msg/detail/agent_target_positions__functions.h
[0.216s] -- Up-to-date: /home/ubuntu/ros2_ws/install/custom_msgs/include/custom_msgs/custom_msgs/msg/detail/agent_status__functions.c
[0.217s] -- Up-to-date: /home/ubuntu/ros2_ws/install/custom_msgs/include/custom_msgs/custom_msgs/msg/detail/agent_status__type_support.h
[0.217s] -- Up-to-date: /home/ubuntu/ros2_ws/install/custom_msgs/include/custom_msgs/custom_msgs/msg/detail/agent_target_destinations__functions.h
[0.217s] -- Up-to-date: /home/ubuntu/ros2_ws/install/custom_msgs/include/custom_msgs/custom_msgs/msg/detail/agent_target_destinations__functions.c
[0.217s] -- Up-to-date: /home/ubuntu/ros2_ws/install/custom_msgs/include/custom_msgs/custom_msgs/msg/detail/agent_target_destinations__struct.h
[0.217s] -- Up-to-date: /home/ubuntu/ros2_ws/install/custom_msgs/include/custom_msgs/custom_msgs/msg/detail/agent_target_positions__type_support.h
[0.217s] -- Up-to-date: /home/ubuntu/ros2_ws/install/custom_msgs/include/custom_msgs/custom_msgs/msg/detail/agent_target_positions__functions.c
[0.217s] -- Up-to-date: /home/ubuntu/ros2_ws/install/custom_msgs/include/custom_msgs/custom_msgs/msg/detail/agent_status__struct.h
[0.217s] -- Up-to-date: /home/ubuntu/ros2_ws/install/custom_msgs/include/custom_msgs/custom_msgs/msg/detail/agent_target_destinations__type_support.h
[0.217s] -- Up-to-date: /home/ubuntu/ros2_ws/install/custom_msgs/include/custom_msgs/custom_msgs/msg/detail/agent_status__functions.h
[0.217s] -- Up-to-date: /home/ubuntu/ros2_ws/install/custom_msgs/include/custom_msgs/custom_msgs/msg/agent_status.h
[0.217s] -- Up-to-date: /home/ubuntu/ros2_ws/install/custom_msgs/include/custom_msgs/custom_msgs/msg/agent_target_destinations.h
[0.217s] -- Up-to-date: /home/ubuntu/ros2_ws/install/custom_msgs/include/custom_msgs/custom_msgs/msg/agent_target_positions.h
[0.217s] -- Up-to-date: /home/ubuntu/ros2_ws/install/custom_msgs/share/custom_msgs/environment/library_path.sh
[0.217s] -- Up-to-date: /home/ubuntu/ros2_ws/install/custom_msgs/share/custom_msgs/environment/library_path.dsv
[0.217s] -- Up-to-date: /home/ubuntu/ros2_ws/install/custom_msgs/lib/libcustom_msgs__rosidl_generator_c.so
[0.217s] -- Up-to-date: /home/ubuntu/ros2_ws/install/custom_msgs/include/custom_msgs/custom_msgs
[0.217s] -- Up-to-date: /home/ubuntu/ros2_ws/install/custom_msgs/include/custom_msgs/custom_msgs/msg
[0.217s] -- Up-to-date: /home/ubuntu/ros2_ws/install/custom_msgs/include/custom_msgs/custom_msgs/msg/rosidl_typesupport_fastrtps_c__visibility_control.h
[0.217s] -- Up-to-date: /home/ubuntu/ros2_ws/install/custom_msgs/include/custom_msgs/custom_msgs/msg/detail
[0.218s] -- Up-to-date: /home/ubuntu/ros2_ws/install/custom_msgs/include/custom_msgs/custom_msgs/msg/detail/agent_target_destinations__rosidl_typesupport_fastrtps_c.h
[0.218s] -- Up-to-date: /home/ubuntu/ros2_ws/install/custom_msgs/include/custom_msgs/custom_msgs/msg/detail/agent_status__rosidl_typesupport_fastrtps_c.h
[0.218s] -- Up-to-date: /home/ubuntu/ros2_ws/install/custom_msgs/include/custom_msgs/custom_msgs/msg/detail/agent_target_positions__rosidl_typesupport_fastrtps_c.h
[0.218s] -- Up-to-date: /home/ubuntu/ros2_ws/install/custom_msgs/lib/libcustom_msgs__rosidl_typesupport_fastrtps_c.so
[0.218s] -- Up-to-date: /home/ubuntu/ros2_ws/install/custom_msgs/include/custom_msgs/custom_msgs
[0.218s] -- Up-to-date: /home/ubuntu/ros2_ws/install/custom_msgs/include/custom_msgs/custom_msgs/msg
[0.218s] -- Up-to-date: /home/ubuntu/ros2_ws/install/custom_msgs/include/custom_msgs/custom_msgs/msg/agent_status.hpp
[0.218s] -- Up-to-date: /home/ubuntu/ros2_ws/install/custom_msgs/include/custom_msgs/custom_msgs/msg/agent_target_destinations.hpp
[0.218s] -- Up-to-date: /home/ubuntu/ros2_ws/install/custom_msgs/include/custom_msgs/custom_msgs/msg/rosidl_generator_cpp__visibility_control.hpp
[0.218s] -- Up-to-date: /home/ubuntu/ros2_ws/install/custom_msgs/include/custom_msgs/custom_msgs/msg/agent_target_positions.hpp
[0.218s] -- Up-to-date: /home/ubuntu/ros2_ws/install/custom_msgs/include/custom_msgs/custom_msgs/msg/detail
[0.218s] -- Up-to-date: /home/ubuntu/ros2_ws/install/custom_msgs/include/custom_msgs/custom_msgs/msg/detail/agent_status__type_support.hpp
[0.218s] -- Up-to-date: /home/ubuntu/ros2_ws/install/custom_msgs/include/custom_msgs/custom_msgs/msg/detail/agent_status__struct.hpp
[0.218s] -- Up-to-date: /home/ubuntu/ros2_ws/install/custom_msgs/include/custom_msgs/custom_msgs/msg/detail/agent_target_positions__type_support.hpp
[0.218s] -- Up-to-date: /home/ubuntu/ros2_ws/install/custom_msgs/include/custom_msgs/custom_msgs/msg/detail/agent_status__traits.hpp
[0.218s] -- Up-to-date: /home/ubuntu/ros2_ws/install/custom_msgs/include/custom_msgs/custom_msgs/msg/detail/agent_target_destinations__traits.hpp
[0.218s] -- Up-to-date: /home/ubuntu/ros2_ws/install/custom_msgs/include/custom_msgs/custom_msgs/msg/detail/agent_target_destinations__builder.hpp
[0.218s] -- Up-to-date: /home/ubuntu/ros2_ws/install/custom_msgs/include/custom_msgs/custom_msgs/msg/detail/agent_target_destinations__type_support.hpp
[0.218s] -- Up-to-date: /home/ubuntu/ros2_ws/install/custom_msgs/include/custom_msgs/custom_msgs/msg/detail/agent_target_positions__traits.hpp
[0.218s] -- Up-to-date: /home/ubuntu/ros2_ws/install/custom_msgs/include/custom_msgs/custom_msgs/msg/detail/agent_status__builder.hpp
[0.218s] -- Up-to-date: /home/ubuntu/ros2_ws/install/custom_msgs/include/custom_msgs/custom_msgs/msg/detail/agent_target_positions__builder.hpp
[0.218s] -- Up-to-date: /home/ubuntu/ros2_ws/install/custom_msgs/include/custom_msgs/custom_msgs/msg/detail/agent_target_positions__struct.hpp
[0.218s] -- Up-to-date: /home/ubuntu/ros2_ws/install/custom_msgs/include/custom_msgs/custom_msgs/msg/detail/agent_target_destinations__struct.hpp
[0.218s] -- Up-to-date: /home/ubuntu/ros2_ws/install/custom_msgs/include/custom_msgs/custom_msgs
[0.218s] -- Up-to-date: /home/ubuntu/ros2_ws/install/custom_msgs/include/custom_msgs/custom_msgs/msg
[0.218s] -- Up-to-date: /home/ubuntu/ros2_ws/install/custom_msgs/include/custom_msgs/custom_msgs/msg/rosidl_typesupport_fastrtps_cpp__visibility_control.h
[0.218s] -- Up-to-date: /home/ubuntu/ros2_ws/install/custom_msgs/include/custom_msgs/custom_msgs/msg/detail
[0.219s] -- Up-to-date: /home/ubuntu/ros2_ws/install/custom_msgs/include/custom_msgs/custom_msgs/msg/detail/dds_fastrtps
[0.219s] -- Up-to-date: /home/ubuntu/ros2_ws/install/custom_msgs/include/custom_msgs/custom_msgs/msg/detail/agent_target_destinations__rosidl_typesupport_fastrtps_cpp.hpp
[0.219s] -- Up-to-date: /home/ubuntu/ros2_ws/install/custom_msgs/include/custom_msgs/custom_msgs/msg/detail/agent_target_positions__rosidl_typesupport_fastrtps_cpp.hpp
[0.219s] -- Up-to-date: /home/ubuntu/ros2_ws/install/custom_msgs/include/custom_msgs/custom_msgs/msg/detail/agent_status__rosidl_typesupport_fastrtps_cpp.hpp
[0.219s] -- Up-to-date: /home/ubuntu/ros2_ws/install/custom_msgs/lib/libcustom_msgs__rosidl_typesupport_fastrtps_cpp.so
[0.219s] -- Up-to-date: /home/ubuntu/ros2_ws/install/custom_msgs/include/custom_msgs/custom_msgs
[0.219s] -- Up-to-date: /home/ubuntu/ros2_ws/install/custom_msgs/include/custom_msgs/custom_msgs/msg
[0.219s] -- Up-to-date: /home/ubuntu/ros2_ws/install/custom_msgs/include/custom_msgs/custom_msgs/msg/rosidl_typesupport_introspection_c__visibility_control.h
[0.219s] -- Up-to-date: /home/ubuntu/ros2_ws/install/custom_msgs/include/custom_msgs/custom_msgs/msg/detail
[0.219s] -- Up-to-date: /home/ubuntu/ros2_ws/install/custom_msgs/include/custom_msgs/custom_msgs/msg/detail/agent_target_destinations__type_support.c
[0.219s] -- Up-to-date: /home/ubuntu/ros2_ws/install/custom_msgs/include/custom_msgs/custom_msgs/msg/detail/agent_target_positions__rosidl_typesupport_introspection_c.h
[0.219s] -- Up-to-date: /home/ubuntu/ros2_ws/install/custom_msgs/include/custom_msgs/custom_msgs/msg/detail/agent_status__rosidl_typesupport_introspection_c.h
[0.219s] -- Up-to-date: /home/ubuntu/ros2_ws/install/custom_msgs/include/custom_msgs/custom_msgs/msg/detail/agent_target_positions__type_support.c
[0.219s] -- Up-to-date: /home/ubuntu/ros2_ws/install/custom_msgs/include/custom_msgs/custom_msgs/msg/detail/agent_status__type_support.c
[0.219s] -- Up-to-date: /home/ubuntu/ros2_ws/install/custom_msgs/include/custom_msgs/custom_msgs/msg/detail/agent_target_destinations__rosidl_typesupport_introspection_c.h
[0.219s] -- Up-to-date: /home/ubuntu/ros2_ws/install/custom_msgs/lib/libcustom_msgs__rosidl_typesupport_introspection_c.so
[0.219s] -- Up-to-date: /home/ubuntu/ros2_ws/install/custom_msgs/lib/libcustom_msgs__rosidl_typesupport_c.so
[0.219s] -- Up-to-date: /home/ubuntu/ros2_ws/install/custom_msgs/include/custom_msgs/custom_msgs
[0.219s] -- Up-to-date: /home/ubuntu/ros2_ws/install/custom_msgs/include/custom_msgs/custom_msgs/msg
[0.219s] -- Up-to-date: /home/ubuntu/ros2_ws/install/custom_msgs/include/custom_msgs/custom_msgs/msg/detail
[0.219s] -- Up-to-date: /home/ubuntu/ros2_ws/install/custom_msgs/include/custom_msgs/custom_msgs/msg/detail/agent_target_positions__type_support.cpp
[0.219s] -- Up-to-date: /home/ubuntu/ros2_ws/install/custom_msgs/include/custom_msgs/custom_msgs/msg/detail/agent_target_positions__rosidl_typesupport_introspection_cpp.hpp
[0.219s] -- Up-to-date: /home/ubuntu/ros2_ws/install/custom_msgs/include/custom_msgs/custom_msgs/msg/detail/agent_status__rosidl_typesupport_introspection_cpp.hpp
[0.219s] -- Up-to-date: /home/ubuntu/ros2_ws/install/custom_msgs/include/custom_msgs/custom_msgs/msg/detail/agent_target_destinations__rosidl_typesupport_introspection_cpp.hpp
[0.219s] -- Up-to-date: /home/ubuntu/ros2_ws/install/custom_msgs/include/custom_msgs/custom_msgs/msg/detail/agent_target_destinations__type_support.cpp
[0.219s] -- Up-to-date: /home/ubuntu/ros2_ws/install/custom_msgs/include/custom_msgs/custom_msgs/msg/detail/agent_status__type_support.cpp
[0.219s] -- Up-to-date: /home/ubuntu/ros2_ws/install/custom_msgs/lib/libcustom_msgs__rosidl_typesupport_introspection_cpp.so
[0.219s] -- Up-to-date: /home/ubuntu/ros2_ws/install/custom_msgs/lib/libcustom_msgs__rosidl_typesupport_cpp.so
[0.219s] -- Up-to-date: /home/ubuntu/ros2_ws/install/custom_msgs/share/custom_msgs/environment/pythonpath.sh
[0.219s] -- Up-to-date: /home/ubuntu/ros2_ws/install/custom_msgs/share/custom_msgs/environment/pythonpath.dsv
[0.219s] -- Up-to-date: /home/ubuntu/ros2_ws/install/custom_msgs/local/lib/python3.10/dist-packages/custom_msgs-0.0.0-py3.10.egg-info
[0.219s] -- Installing: /home/ubuntu/ros2_ws/install/custom_msgs/local/lib/python3.10/dist-packages/custom_msgs-0.0.0-py3.10.egg-info/SOURCES.txt
[0.219s] -- Installing: /home/ubuntu/ros2_ws/install/custom_msgs/local/lib/python3.10/dist-packages/custom_msgs-0.0.0-py3.10.egg-info/PKG-INFO
[0.220s] -- Installing: /home/ubuntu/ros2_ws/install/custom_msgs/local/lib/python3.10/dist-packages/custom_msgs-0.0.0-py3.10.egg-info/top_level.txt
[0.220s] -- Installing: /home/ubuntu/ros2_ws/install/custom_msgs/local/lib/python3.10/dist-packages/custom_msgs-0.0.0-py3.10.egg-info/dependency_links.txt
[0.220s] -- Up-to-date: /home/ubuntu/ros2_ws/install/custom_msgs/local/lib/python3.10/dist-packages/custom_msgs
[0.220s] -- Up-to-date: /home/ubuntu/ros2_ws/install/custom_msgs/local/lib/python3.10/dist-packages/custom_msgs/custom_msgs_s__rosidl_typesupport_introspection_c.cpython-310-aarch64-linux-gnu.so
[0.220s] -- Up-to-date: /home/ubuntu/ros2_ws/install/custom_msgs/local/lib/python3.10/dist-packages/custom_msgs/_custom_msgs_s.ep.rosidl_typesupport_introspection_c.c
[0.220s] -- Up-to-date: /home/ubuntu/ros2_ws/install/custom_msgs/local/lib/python3.10/dist-packages/custom_msgs/_custom_msgs_s.ep.rosidl_typesupport_fastrtps_c.c
[0.220s] -- Up-to-date: /home/ubuntu/ros2_ws/install/custom_msgs/local/lib/python3.10/dist-packages/custom_msgs/_custom_msgs_s.ep.rosidl_typesupport_c.c
[0.220s] -- Up-to-date: /home/ubuntu/ros2_ws/install/custom_msgs/local/lib/python3.10/dist-packages/custom_msgs/__init__.py
[0.220s] -- Up-to-date: /home/ubuntu/ros2_ws/install/custom_msgs/local/lib/python3.10/dist-packages/custom_msgs/custom_msgs_s__rosidl_typesupport_fastrtps_c.cpython-310-aarch64-linux-gnu.so
[0.220s] -- Up-to-date: /home/ubuntu/ros2_ws/install/custom_msgs/local/lib/python3.10/dist-packages/custom_msgs/custom_msgs_s__rosidl_typesupport_c.cpython-310-aarch64-linux-gnu.so
[0.220s] -- Up-to-date: /home/ubuntu/ros2_ws/install/custom_msgs/local/lib/python3.10/dist-packages/custom_msgs/msg
[0.220s] -- Up-to-date: /home/ubuntu/ros2_ws/install/custom_msgs/local/lib/python3.10/dist-packages/custom_msgs/msg/_agent_target_positions_s.c
[0.220s] -- Up-to-date: /home/ubuntu/ros2_ws/install/custom_msgs/local/lib/python3.10/dist-packages/custom_msgs/msg/_agent_status.py
[0.220s] -- Up-to-date: /home/ubuntu/ros2_ws/install/custom_msgs/local/lib/python3.10/dist-packages/custom_msgs/msg/_agent_target_positions.py
[0.220s] -- Up-to-date: /home/ubuntu/ros2_ws/install/custom_msgs/local/lib/python3.10/dist-packages/custom_msgs/msg/__init__.py
[0.220s] -- Up-to-date: /home/ubuntu/ros2_ws/install/custom_msgs/local/lib/python3.10/dist-packages/custom_msgs/msg/_agent_target_destinations_s.c
[0.220s] -- Up-to-date: /home/ubuntu/ros2_ws/install/custom_msgs/local/lib/python3.10/dist-packages/custom_msgs/msg/_agent_status_s.c
[0.220s] -- Up-to-date: /home/ubuntu/ros2_ws/install/custom_msgs/local/lib/python3.10/dist-packages/custom_msgs/msg/_agent_target_destinations.py
[0.220s] -- Up-to-date: /home/ubuntu/ros2_ws/install/custom_msgs/local/lib/python3.10/dist-packages/custom_msgs/libcustom_msgs__rosidl_generator_py.so
[0.232s] Listing '/home/ubuntu/ros2_ws/install/custom_msgs/local/lib/python3.10/dist-packages/custom_msgs'...
[0.232s] Listing '/home/ubuntu/ros2_ws/install/custom_msgs/local/lib/python3.10/dist-packages/custom_msgs/msg'...
[0.236s] -- Up-to-date: /home/ubuntu/ros2_ws/install/custom_msgs/local/lib/python3.10/dist-packages/custom_msgs/custom_msgs_s__rosidl_typesupport_fastrtps_c.cpython-310-aarch64-linux-gnu.so
[0.236s] -- Up-to-date: /home/ubuntu/ros2_ws/install/custom_msgs/local/lib/python3.10/dist-packages/custom_msgs/custom_msgs_s__rosidl_typesupport_introspection_c.cpython-310-aarch64-linux-gnu.so
[0.236s] -- Up-to-date: /home/ubuntu/ros2_ws/install/custom_msgs/local/lib/python3.10/dist-packages/custom_msgs/custom_msgs_s__rosidl_typesupport_c.cpython-310-aarch64-linux-gnu.so
[0.236s] -- Up-to-date: /home/ubuntu/ros2_ws/install/custom_msgs/lib/libcustom_msgs__rosidl_generator_py.so
[0.236s] -- Up-to-date: /home/ubuntu/ros2_ws/install/custom_msgs/share/custom_msgs/msg/AgentTargetPositions.idl
[0.236s] -- Up-to-date: /home/ubuntu/ros2_ws/install/custom_msgs/share/custom_msgs/msg/AgentTargetDestinations.idl
[0.236s] -- Up-to-date: /home/ubuntu/ros2_ws/install/custom_msgs/share/custom_msgs/msg/AgentStatus.idl
[0.236s] -- Up-to-date: /home/ubuntu/ros2_ws/install/custom_msgs/share/custom_msgs/msg/AgentTargetPositions.msg
[0.236s] -- Up-to-date: /home/ubuntu/ros2_ws/install/custom_msgs/share/custom_msgs/msg/AgentTargetDestinations.msg
[0.236s] -- Up-to-date: /home/ubuntu/ros2_ws/install/custom_msgs/share/custom_msgs/msg/AgentStatus.msg
[0.236s] -- Up-to-date: /home/ubuntu/ros2_ws/install/custom_msgs/share/ament_index/resource_index/package_run_dependencies/custom_msgs
[0.237s] -- Up-to-date: /home/ubuntu/ros2_ws/install/custom_msgs/share/ament_index/resource_index/parent_prefix_path/custom_msgs
[0.237s] -- Up-to-date: /home/ubuntu/ros2_ws/install/custom_msgs/share/custom_msgs/environment/ament_prefix_path.sh
[0.237s] -- Up-to-date: /home/ubuntu/ros2_ws/install/custom_msgs/share/custom_msgs/environment/ament_prefix_path.dsv
[0.237s] -- Up-to-date: /home/ubuntu/ros2_ws/install/custom_msgs/share/custom_msgs/environment/path.sh
[0.237s] -- Up-to-date: /home/ubuntu/ros2_ws/install/custom_msgs/share/custom_msgs/environment/path.dsv
[0.237s] -- Up-to-date: /home/ubuntu/ros2_ws/install/custom_msgs/share/custom_msgs/local_setup.bash
[0.237s] -- Up-to-date: /home/ubuntu/ros2_ws/install/custom_msgs/share/custom_msgs/local_setup.sh
[0.237s] -- Up-to-date: /home/ubuntu/ros2_ws/install/custom_msgs/share/custom_msgs/local_setup.zsh
[0.237s] -- Up-to-date: /home/ubuntu/ros2_ws/install/custom_msgs/share/custom_msgs/local_setup.dsv
[0.237s] -- Installing: /home/ubuntu/ros2_ws/install/custom_msgs/share/custom_msgs/package.dsv
[0.237s] -- Up-to-date: /home/ubuntu/ros2_ws/install/custom_msgs/share/ament_index/resource_index/packages/custom_msgs
[0.237s] -- Up-to-date: /home/ubuntu/ros2_ws/install/custom_msgs/share/custom_msgs/cmake/export_custom_msgs__rosidl_generator_cExport.cmake
[0.237s] -- Up-to-date: /home/ubuntu/ros2_ws/install/custom_msgs/share/custom_msgs/cmake/export_custom_msgs__rosidl_generator_cExport-noconfig.cmake
[0.237s] -- Up-to-date: /home/ubuntu/ros2_ws/install/custom_msgs/share/custom_msgs/cmake/export_custom_msgs__rosidl_typesupport_fastrtps_cExport.cmake
[0.237s] -- Up-to-date: /home/ubuntu/ros2_ws/install/custom_msgs/share/custom_msgs/cmake/export_custom_msgs__rosidl_typesupport_fastrtps_cExport-noconfig.cmake
[0.237s] -- Up-to-date: /home/ubuntu/ros2_ws/install/custom_msgs/share/custom_msgs/cmake/export_custom_msgs__rosidl_generator_cppExport.cmake
[0.237s] -- Up-to-date: /home/ubuntu/ros2_ws/install/custom_msgs/share/custom_msgs/cmake/export_custom_msgs__rosidl_typesupport_fastrtps_cppExport.cmake
[0.237s] -- Up-to-date: /home/ubuntu/ros2_ws/install/custom_msgs/share/custom_msgs/cmake/export_custom_msgs__rosidl_typesupport_fastrtps_cppExport-noconfig.cmake
[0.237s] -- Up-to-date: /home/ubuntu/ros2_ws/install/custom_msgs/share/custom_msgs/cmake/custom_msgs__rosidl_typesupport_introspection_cExport.cmake
[0.237s] -- Up-to-date: /home/ubuntu/ros2_ws/install/custom_msgs/share/custom_msgs/cmake/custom_msgs__rosidl_typesupport_introspection_cExport-noconfig.cmake
[0.237s] -- Up-to-date: /home/ubuntu/ros2_ws/install/custom_msgs/share/custom_msgs/cmake/custom_msgs__rosidl_typesupport_cExport.cmake
[0.237s] -- Up-to-date: /home/ubuntu/ros2_ws/install/custom_msgs/share/custom_msgs/cmake/custom_msgs__rosidl_typesupport_cExport-noconfig.cmake
[0.237s] -- Up-to-date: /home/ubuntu/ros2_ws/install/custom_msgs/share/custom_msgs/cmake/custom_msgs__rosidl_typesupport_introspection_cppExport.cmake
[0.237s] -- Up-to-date: /home/ubuntu/ros2_ws/install/custom_msgs/share/custom_msgs/cmake/custom_msgs__rosidl_typesupport_introspection_cppExport-noconfig.cmake
[0.237s] -- Up-to-date: /home/ubuntu/ros2_ws/install/custom_msgs/share/custom_msgs/cmake/custom_msgs__rosidl_typesupport_cppExport.cmake
[0.237s] -- Up-to-date: /home/ubuntu/ros2_ws/install/custom_msgs/share/custom_msgs/cmake/custom_msgs__rosidl_typesupport_cppExport-noconfig.cmake
[0.237s] -- Up-to-date: /home/ubuntu/ros2_ws/install/custom_msgs/share/custom_msgs/cmake/export_custom_msgs__rosidl_generator_pyExport.cmake
[0.237s] -- Up-to-date: /home/ubuntu/ros2_ws/install/custom_msgs/share/custom_msgs/cmake/export_custom_msgs__rosidl_generator_pyExport-noconfig.cmake
[0.237s] -- Up-to-date: /home/ubuntu/ros2_ws/install/custom_msgs/share/custom_msgs/cmake/rosidl_cmake-extras.cmake
[0.237s] -- Up-to-date: /home/ubuntu/ros2_ws/install/custom_msgs/share/custom_msgs/cmake/ament_cmake_export_dependencies-extras.cmake
[0.237s] -- Up-to-date: /home/ubuntu/ros2_ws/install/custom_msgs/share/custom_msgs/cmake/ament_cmake_export_include_directories-extras.cmake
[0.237s] -- Up-to-date: /home/ubuntu/ros2_ws/install/custom_msgs/share/custom_msgs/cmake/ament_cmake_export_libraries-extras.cmake
[0.237s] -- Up-to-date: /home/ubuntu/ros2_ws/install/custom_msgs/share/custom_msgs/cmake/ament_cmake_export_targets-extras.cmake
[0.237s] -- Up-to-date: /home/ubuntu/ros2_ws/install/custom_msgs/share/custom_msgs/cmake/rosidl_cmake_export_typesupport_targets-extras.cmake
[0.237s] -- Up-to-date: /home/ubuntu/ros2_ws/install/custom_msgs/share/custom_msgs/cmake/rosidl_cmake_export_typesupport_libraries-extras.cmake
[0.237s] -- Up-to-date: /home/ubuntu/ros2_ws/install/custom_msgs/share/custom_msgs/cmake/custom_msgsConfig.cmake
[0.238s] -- Up-to-date: /home/ubuntu/ros2_ws/install/custom_msgs/share/custom_msgs/cmake/custom_msgsConfig-version.cmake
[0.238s] -- Up-to-date: /home/ubuntu/ros2_ws/install/custom_msgs/share/custom_msgs/package.xml
[0.238s] Invoked command in '/home/ubuntu/ros2_ws/build/custom_msgs' returned '0': CMAKE_PREFIX_PATH=${CMAKE_PREFIX_PATH}:/home/ubuntu/ros2_ws/install/ros_tcp_endpoint:/home/ubuntu/ros2_ws/install/navigation_unity_package:/opt/ros/humble /usr/bin/cmake --install /home/ubuntu/ros2_ws/build/custom_msgs
