[0.022s] Invoking command in '/root/ros2_ws2/build/custom_msgs': CMAKE_PREFIX_PATH=${CMAKE_PREFIX_PATH}:/root/ros2_ws2/install/ros_tcp_endpoint:/root/ros2_ws2/install/navigation_unity_package:/opt/ros/humble /usr/bin/cmake --build /root/ros2_ws2/build/custom_msgs -- -j16 -l16
[0.229s] [35m[1mConsolidate compiler generated dependencies of target custom_msgs__rosidl_generator_c[0m
[0.230s] [  2%] Built target custom_msgs__cpp
[0.230s] [ 12%] Built target custom_msgs__rosidl_generator_c
[0.230s] [35m[1mConsolidate compiler generated dependencies of target custom_msgs__rosidl_typesupport_cpp[0m
[0.230s] [35m[1mConsolidate compiler generated dependencies of target custom_msgs__rosidl_typesupport_introspection_cpp[0m
[0.230s] [35m[1mConsolidate compiler generated dependencies of target custom_msgs__rosidl_typesupport_fastrtps_cpp[0m
[0.230s] [ 12%] Built target ament_cmake_python_copy_custom_msgs
[0.230s] [35m[1mConsolidate compiler generated dependencies of target custom_msgs__rosidl_typesupport_c[0m
[0.230s] [35m[1mConsolidate compiler generated dependencies of target custom_msgs__rosidl_typesupport_introspection_c[0m
[0.231s] [35m[1mConsolidate compiler generated dependencies of target custom_msgs__rosidl_typesupport_fastrtps_c[0m
[0.231s] [ 23%] Built target custom_msgs__rosidl_typesupport_introspection_cpp
[0.231s] [ 34%] Built target custom_msgs__rosidl_typesupport_fastrtps_cpp
[0.231s] [ 48%] Built target custom_msgs__rosidl_typesupport_cpp
[0.231s] [ 55%] Built target custom_msgs__rosidl_typesupport_introspection_c
[0.231s] [ 65%] Built target custom_msgs__rosidl_typesupport_fastrtps_c
[0.231s] [ 76%] Built target custom_msgs__rosidl_typesupport_c
[0.231s] [ 76%] Built target custom_msgs
[0.231s] [ 78%] Built target custom_msgs__py
[0.232s] [35m[1mConsolidate compiler generated dependencies of target custom_msgs__rosidl_generator_py[0m
[0.232s] [ 87%] Built target custom_msgs__rosidl_generator_py
[0.232s] [35m[1mConsolidate compiler generated dependencies of target custom_msgs__rosidl_typesupport_introspection_c__pyext[0m
[0.232s] [35m[1mConsolidate compiler generated dependencies of target custom_msgs__rosidl_typesupport_fastrtps_c__pyext[0m
[0.232s] [35m[1mConsolidate compiler generated dependencies of target custom_msgs__rosidl_typesupport_c__pyext[0m
[0.232s] [ 91%] Built target custom_msgs__rosidl_typesupport_introspection_c__pyext
[0.232s] [100%] Built target custom_msgs__rosidl_typesupport_fastrtps_c__pyext
[0.232s] [100%] Built target custom_msgs__rosidl_typesupport_c__pyext
[0.291s] running egg_info
[0.291s] writing custom_msgs.egg-info/PKG-INFO
[0.292s] writing dependency_links to custom_msgs.egg-info/dependency_links.txt
[0.292s] writing top-level names to custom_msgs.egg-info/top_level.txt
[0.294s] reading manifest file 'custom_msgs.egg-info/SOURCES.txt'
[0.295s] writing manifest file 'custom_msgs.egg-info/SOURCES.txt'
[0.316s] [100%] Built target ament_cmake_python_build_custom_msgs_egg
[0.415s] Invoked command in '/root/ros2_ws2/build/custom_msgs' returned '0': CMAKE_PREFIX_PATH=${CMAKE_PREFIX_PATH}:/root/ros2_ws2/install/ros_tcp_endpoint:/root/ros2_ws2/install/navigation_unity_package:/opt/ros/humble /usr/bin/cmake --build /root/ros2_ws2/build/custom_msgs -- -j16 -l16
[0.424s] Invoking command in '/root/ros2_ws2/build/custom_msgs': CMAKE_PREFIX_PATH=${CMAKE_PREFIX_PATH}:/root/ros2_ws2/install/ros_tcp_endpoint:/root/ros2_ws2/install/navigation_unity_package:/opt/ros/humble /usr/bin/cmake --install /root/ros2_ws2/build/custom_msgs
[0.428s] -- Install configuration: ""
[0.429s] -- Up-to-date: /root/ros2_ws2/install/custom_msgs/share/ament_index/resource_index/rosidl_interfaces/custom_msgs
[0.429s] -- Up-to-date: /root/ros2_ws2/install/custom_msgs/include/custom_msgs/custom_msgs
[0.429s] -- Up-to-date: /root/ros2_ws2/install/custom_msgs/include/custom_msgs/custom_msgs/msg
[0.429s] -- Up-to-date: /root/ros2_ws2/install/custom_msgs/include/custom_msgs/custom_msgs/msg/rosidl_generator_c__visibility_control.h
[0.429s] -- Up-to-date: /root/ros2_ws2/install/custom_msgs/include/custom_msgs/custom_msgs/msg/agent_target_positions.h
[0.430s] -- Up-to-date: /root/ros2_ws2/install/custom_msgs/include/custom_msgs/custom_msgs/msg/agent_target_destinations.h
[0.430s] -- Up-to-date: /root/ros2_ws2/install/custom_msgs/include/custom_msgs/custom_msgs/msg/robot_communication.h
[0.430s] -- Up-to-date: /root/ros2_ws2/install/custom_msgs/include/custom_msgs/custom_msgs/msg/detail
[0.430s] -- Up-to-date: /root/ros2_ws2/install/custom_msgs/include/custom_msgs/custom_msgs/msg/detail/robot_communication__type_support.h
[0.430s] -- Up-to-date: /root/ros2_ws2/install/custom_msgs/include/custom_msgs/custom_msgs/msg/detail/robot_communication__struct.h
[0.430s] -- Up-to-date: /root/ros2_ws2/install/custom_msgs/include/custom_msgs/custom_msgs/msg/detail/agent_target_positions__type_support.h
[0.430s] -- Up-to-date: /root/ros2_ws2/install/custom_msgs/include/custom_msgs/custom_msgs/msg/detail/agent_target_destinations__functions.h
[0.430s] -- Up-to-date: /root/ros2_ws2/install/custom_msgs/include/custom_msgs/custom_msgs/msg/detail/agent_target_positions__struct.h
[0.430s] -- Up-to-date: /root/ros2_ws2/install/custom_msgs/include/custom_msgs/custom_msgs/msg/detail/robot_communication__functions.h
[0.430s] -- Up-to-date: /root/ros2_ws2/install/custom_msgs/include/custom_msgs/custom_msgs/msg/detail/agent_target_destinations__struct.h
[0.430s] -- Up-to-date: /root/ros2_ws2/install/custom_msgs/include/custom_msgs/custom_msgs/msg/detail/agent_target_destinations__functions.c
[0.430s] -- Up-to-date: /root/ros2_ws2/install/custom_msgs/include/custom_msgs/custom_msgs/msg/detail/agent_target_destinations__type_support.h
[0.431s] -- Up-to-date: /root/ros2_ws2/install/custom_msgs/include/custom_msgs/custom_msgs/msg/detail/robot_communication__functions.c
[0.431s] -- Up-to-date: /root/ros2_ws2/install/custom_msgs/include/custom_msgs/custom_msgs/msg/detail/agent_target_positions__functions.h
[0.431s] -- Up-to-date: /root/ros2_ws2/install/custom_msgs/include/custom_msgs/custom_msgs/msg/detail/agent_target_positions__functions.c
[0.431s] -- Up-to-date: /root/ros2_ws2/install/custom_msgs/share/custom_msgs/environment/library_path.sh
[0.431s] -- Up-to-date: /root/ros2_ws2/install/custom_msgs/share/custom_msgs/environment/library_path.dsv
[0.431s] -- Up-to-date: /root/ros2_ws2/install/custom_msgs/lib/libcustom_msgs__rosidl_generator_c.so
[0.431s] -- Up-to-date: /root/ros2_ws2/install/custom_msgs/include/custom_msgs/custom_msgs
[0.431s] -- Up-to-date: /root/ros2_ws2/install/custom_msgs/include/custom_msgs/custom_msgs/msg
[0.431s] -- Up-to-date: /root/ros2_ws2/install/custom_msgs/include/custom_msgs/custom_msgs/msg/rosidl_typesupport_fastrtps_c__visibility_control.h
[0.432s] -- Up-to-date: /root/ros2_ws2/install/custom_msgs/include/custom_msgs/custom_msgs/msg/detail
[0.432s] -- Up-to-date: /root/ros2_ws2/install/custom_msgs/include/custom_msgs/custom_msgs/msg/detail/agent_target_positions__rosidl_typesupport_fastrtps_c.h
[0.432s] -- Up-to-date: /root/ros2_ws2/install/custom_msgs/include/custom_msgs/custom_msgs/msg/detail/robot_communication__rosidl_typesupport_fastrtps_c.h
[0.432s] -- Up-to-date: /root/ros2_ws2/install/custom_msgs/include/custom_msgs/custom_msgs/msg/detail/agent_target_destinations__rosidl_typesupport_fastrtps_c.h
[0.432s] -- Up-to-date: /root/ros2_ws2/install/custom_msgs/lib/libcustom_msgs__rosidl_typesupport_fastrtps_c.so
[0.432s] -- Up-to-date: /root/ros2_ws2/install/custom_msgs/include/custom_msgs/custom_msgs
[0.433s] -- Up-to-date: /root/ros2_ws2/install/custom_msgs/include/custom_msgs/custom_msgs/msg
[0.433s] -- Up-to-date: /root/ros2_ws2/install/custom_msgs/include/custom_msgs/custom_msgs/msg/agent_target_positions.hpp
[0.433s] -- Up-to-date: /root/ros2_ws2/install/custom_msgs/include/custom_msgs/custom_msgs/msg/agent_target_destinations.hpp
[0.433s] -- Up-to-date: /root/ros2_ws2/install/custom_msgs/include/custom_msgs/custom_msgs/msg/rosidl_generator_cpp__visibility_control.hpp
[0.433s] -- Up-to-date: /root/ros2_ws2/install/custom_msgs/include/custom_msgs/custom_msgs/msg/robot_communication.hpp
[0.433s] -- Up-to-date: /root/ros2_ws2/install/custom_msgs/include/custom_msgs/custom_msgs/msg/detail
[0.434s] -- Up-to-date: /root/ros2_ws2/install/custom_msgs/include/custom_msgs/custom_msgs/msg/detail/robot_communication__type_support.hpp
[0.434s] -- Up-to-date: /root/ros2_ws2/install/custom_msgs/include/custom_msgs/custom_msgs/msg/detail/robot_communication__traits.hpp
[0.434s] -- Up-to-date: /root/ros2_ws2/install/custom_msgs/include/custom_msgs/custom_msgs/msg/detail/agent_target_destinations__struct.hpp
[0.434s] -- Up-to-date: /root/ros2_ws2/install/custom_msgs/include/custom_msgs/custom_msgs/msg/detail/agent_target_destinations__type_support.hpp
[0.434s] -- Up-to-date: /root/ros2_ws2/install/custom_msgs/include/custom_msgs/custom_msgs/msg/detail/agent_target_destinations__traits.hpp
[0.434s] -- Up-to-date: /root/ros2_ws2/install/custom_msgs/include/custom_msgs/custom_msgs/msg/detail/robot_communication__struct.hpp
[0.434s] -- Up-to-date: /root/ros2_ws2/install/custom_msgs/include/custom_msgs/custom_msgs/msg/detail/agent_target_destinations__builder.hpp
[0.434s] -- Up-to-date: /root/ros2_ws2/install/custom_msgs/include/custom_msgs/custom_msgs/msg/detail/agent_target_positions__builder.hpp
[0.434s] -- Up-to-date: /root/ros2_ws2/install/custom_msgs/include/custom_msgs/custom_msgs/msg/detail/agent_target_positions__struct.hpp
[0.434s] -- Up-to-date: /root/ros2_ws2/install/custom_msgs/include/custom_msgs/custom_msgs/msg/detail/robot_communication__builder.hpp
[0.435s] -- Up-to-date: /root/ros2_ws2/install/custom_msgs/include/custom_msgs/custom_msgs/msg/detail/agent_target_positions__type_support.hpp
[0.435s] -- Up-to-date: /root/ros2_ws2/install/custom_msgs/include/custom_msgs/custom_msgs/msg/detail/agent_target_positions__traits.hpp
[0.435s] -- Up-to-date: /root/ros2_ws2/install/custom_msgs/include/custom_msgs/custom_msgs
[0.435s] -- Up-to-date: /root/ros2_ws2/install/custom_msgs/include/custom_msgs/custom_msgs/msg
[0.435s] -- Up-to-date: /root/ros2_ws2/install/custom_msgs/include/custom_msgs/custom_msgs/msg/rosidl_typesupport_fastrtps_cpp__visibility_control.h
[0.435s] -- Up-to-date: /root/ros2_ws2/install/custom_msgs/include/custom_msgs/custom_msgs/msg/detail
[0.435s] -- Up-to-date: /root/ros2_ws2/install/custom_msgs/include/custom_msgs/custom_msgs/msg/detail/agent_target_positions__rosidl_typesupport_fastrtps_cpp.hpp
[0.435s] -- Up-to-date: /root/ros2_ws2/install/custom_msgs/include/custom_msgs/custom_msgs/msg/detail/robot_communication__rosidl_typesupport_fastrtps_cpp.hpp
[0.436s] -- Up-to-date: /root/ros2_ws2/install/custom_msgs/include/custom_msgs/custom_msgs/msg/detail/dds_fastrtps
[0.436s] -- Up-to-date: /root/ros2_ws2/install/custom_msgs/include/custom_msgs/custom_msgs/msg/detail/agent_target_destinations__rosidl_typesupport_fastrtps_cpp.hpp
[0.436s] -- Up-to-date: /root/ros2_ws2/install/custom_msgs/lib/libcustom_msgs__rosidl_typesupport_fastrtps_cpp.so
[0.436s] -- Up-to-date: /root/ros2_ws2/install/custom_msgs/include/custom_msgs/custom_msgs
[0.436s] -- Up-to-date: /root/ros2_ws2/install/custom_msgs/include/custom_msgs/custom_msgs/msg
[0.437s] -- Up-to-date: /root/ros2_ws2/install/custom_msgs/include/custom_msgs/custom_msgs/msg/rosidl_typesupport_introspection_c__visibility_control.h
[0.437s] -- Up-to-date: /root/ros2_ws2/install/custom_msgs/include/custom_msgs/custom_msgs/msg/detail
[0.437s] -- Up-to-date: /root/ros2_ws2/install/custom_msgs/include/custom_msgs/custom_msgs/msg/detail/robot_communication__type_support.c
[0.437s] -- Up-to-date: /root/ros2_ws2/install/custom_msgs/include/custom_msgs/custom_msgs/msg/detail/robot_communication__rosidl_typesupport_introspection_c.h
[0.437s] -- Up-to-date: /root/ros2_ws2/install/custom_msgs/include/custom_msgs/custom_msgs/msg/detail/agent_target_destinations__rosidl_typesupport_introspection_c.h
[0.437s] -- Up-to-date: /root/ros2_ws2/install/custom_msgs/include/custom_msgs/custom_msgs/msg/detail/agent_target_destinations__type_support.c
[0.437s] -- Up-to-date: /root/ros2_ws2/install/custom_msgs/include/custom_msgs/custom_msgs/msg/detail/agent_target_positions__type_support.c
[0.437s] -- Up-to-date: /root/ros2_ws2/install/custom_msgs/include/custom_msgs/custom_msgs/msg/detail/agent_target_positions__rosidl_typesupport_introspection_c.h
[0.437s] -- Up-to-date: /root/ros2_ws2/install/custom_msgs/lib/libcustom_msgs__rosidl_typesupport_introspection_c.so
[0.437s] -- Up-to-date: /root/ros2_ws2/install/custom_msgs/lib/libcustom_msgs__rosidl_typesupport_c.so
[0.437s] -- Up-to-date: /root/ros2_ws2/install/custom_msgs/include/custom_msgs/custom_msgs
[0.438s] -- Up-to-date: /root/ros2_ws2/install/custom_msgs/include/custom_msgs/custom_msgs/msg
[0.438s] -- Up-to-date: /root/ros2_ws2/install/custom_msgs/include/custom_msgs/custom_msgs/msg/detail
[0.438s] -- Up-to-date: /root/ros2_ws2/install/custom_msgs/include/custom_msgs/custom_msgs/msg/detail/agent_target_positions__type_support.cpp
[0.438s] -- Up-to-date: /root/ros2_ws2/install/custom_msgs/include/custom_msgs/custom_msgs/msg/detail/robot_communication__type_support.cpp
[0.438s] -- Up-to-date: /root/ros2_ws2/install/custom_msgs/include/custom_msgs/custom_msgs/msg/detail/agent_target_destinations__type_support.cpp
[0.438s] -- Up-to-date: /root/ros2_ws2/install/custom_msgs/include/custom_msgs/custom_msgs/msg/detail/robot_communication__rosidl_typesupport_introspection_cpp.hpp
[0.438s] -- Up-to-date: /root/ros2_ws2/install/custom_msgs/include/custom_msgs/custom_msgs/msg/detail/agent_target_positions__rosidl_typesupport_introspection_cpp.hpp
[0.439s] -- Up-to-date: /root/ros2_ws2/install/custom_msgs/include/custom_msgs/custom_msgs/msg/detail/agent_target_destinations__rosidl_typesupport_introspection_cpp.hpp
[0.439s] -- Up-to-date: /root/ros2_ws2/install/custom_msgs/lib/libcustom_msgs__rosidl_typesupport_introspection_cpp.so
[0.439s] -- Up-to-date: /root/ros2_ws2/install/custom_msgs/lib/libcustom_msgs__rosidl_typesupport_cpp.so
[0.439s] -- Up-to-date: /root/ros2_ws2/install/custom_msgs/share/custom_msgs/environment/pythonpath.sh
[0.439s] -- Up-to-date: /root/ros2_ws2/install/custom_msgs/share/custom_msgs/environment/pythonpath.dsv
[0.439s] -- Up-to-date: /root/ros2_ws2/install/custom_msgs/local/lib/python3.10/dist-packages/custom_msgs-0.0.0-py3.10.egg-info
[0.439s] -- Installing: /root/ros2_ws2/install/custom_msgs/local/lib/python3.10/dist-packages/custom_msgs-0.0.0-py3.10.egg-info/dependency_links.txt
[0.439s] -- Installing: /root/ros2_ws2/install/custom_msgs/local/lib/python3.10/dist-packages/custom_msgs-0.0.0-py3.10.egg-info/top_level.txt
[0.439s] -- Installing: /root/ros2_ws2/install/custom_msgs/local/lib/python3.10/dist-packages/custom_msgs-0.0.0-py3.10.egg-info/SOURCES.txt
[0.439s] -- Installing: /root/ros2_ws2/install/custom_msgs/local/lib/python3.10/dist-packages/custom_msgs-0.0.0-py3.10.egg-info/PKG-INFO
[0.439s] -- Up-to-date: /root/ros2_ws2/install/custom_msgs/local/lib/python3.10/dist-packages/custom_msgs
[0.439s] -- Up-to-date: /root/ros2_ws2/install/custom_msgs/local/lib/python3.10/dist-packages/custom_msgs/custom_msgs_s__rosidl_typesupport_c.cpython-310-x86_64-linux-gnu.so
[0.439s] -- Up-to-date: /root/ros2_ws2/install/custom_msgs/local/lib/python3.10/dist-packages/custom_msgs/__init__.py
[0.440s] -- Up-to-date: /root/ros2_ws2/install/custom_msgs/local/lib/python3.10/dist-packages/custom_msgs/custom_msgs_s__rosidl_typesupport_fastrtps_c.cpython-310-x86_64-linux-gnu.so
[0.440s] -- Up-to-date: /root/ros2_ws2/install/custom_msgs/local/lib/python3.10/dist-packages/custom_msgs/custom_msgs_s__rosidl_typesupport_introspection_c.cpython-310-x86_64-linux-gnu.so
[0.440s] -- Up-to-date: /root/ros2_ws2/install/custom_msgs/local/lib/python3.10/dist-packages/custom_msgs/_custom_msgs_s.ep.rosidl_typesupport_introspection_c.c
[0.440s] -- Up-to-date: /root/ros2_ws2/install/custom_msgs/local/lib/python3.10/dist-packages/custom_msgs/msg
[0.440s] -- Up-to-date: /root/ros2_ws2/install/custom_msgs/local/lib/python3.10/dist-packages/custom_msgs/msg/__init__.py
[0.440s] -- Up-to-date: /root/ros2_ws2/install/custom_msgs/local/lib/python3.10/dist-packages/custom_msgs/msg/_agent_target_destinations.py
[0.440s] -- Up-to-date: /root/ros2_ws2/install/custom_msgs/local/lib/python3.10/dist-packages/custom_msgs/msg/_agent_target_positions.py
[0.440s] -- Up-to-date: /root/ros2_ws2/install/custom_msgs/local/lib/python3.10/dist-packages/custom_msgs/msg/_robot_communication_s.c
[0.440s] -- Up-to-date: /root/ros2_ws2/install/custom_msgs/local/lib/python3.10/dist-packages/custom_msgs/msg/_agent_target_destinations_s.c
[0.440s] -- Up-to-date: /root/ros2_ws2/install/custom_msgs/local/lib/python3.10/dist-packages/custom_msgs/msg/_robot_communication.py
[0.440s] -- Up-to-date: /root/ros2_ws2/install/custom_msgs/local/lib/python3.10/dist-packages/custom_msgs/msg/_agent_target_positions_s.c
[0.440s] -- Up-to-date: /root/ros2_ws2/install/custom_msgs/local/lib/python3.10/dist-packages/custom_msgs/_custom_msgs_s.ep.rosidl_typesupport_fastrtps_c.c
[0.440s] -- Up-to-date: /root/ros2_ws2/install/custom_msgs/local/lib/python3.10/dist-packages/custom_msgs/libcustom_msgs__rosidl_generator_py.so
[0.440s] -- Up-to-date: /root/ros2_ws2/install/custom_msgs/local/lib/python3.10/dist-packages/custom_msgs/_custom_msgs_s.ep.rosidl_typesupport_c.c
[0.465s] Listing '/root/ros2_ws2/install/custom_msgs/local/lib/python3.10/dist-packages/custom_msgs'...
[0.465s] Listing '/root/ros2_ws2/install/custom_msgs/local/lib/python3.10/dist-packages/custom_msgs/msg'...
[0.469s] -- Up-to-date: /root/ros2_ws2/install/custom_msgs/local/lib/python3.10/dist-packages/custom_msgs/custom_msgs_s__rosidl_typesupport_fastrtps_c.cpython-310-x86_64-linux-gnu.so
[0.470s] -- Up-to-date: /root/ros2_ws2/install/custom_msgs/local/lib/python3.10/dist-packages/custom_msgs/custom_msgs_s__rosidl_typesupport_introspection_c.cpython-310-x86_64-linux-gnu.so
[0.471s] -- Up-to-date: /root/ros2_ws2/install/custom_msgs/local/lib/python3.10/dist-packages/custom_msgs/custom_msgs_s__rosidl_typesupport_c.cpython-310-x86_64-linux-gnu.so
[0.471s] -- Up-to-date: /root/ros2_ws2/install/custom_msgs/lib/libcustom_msgs__rosidl_generator_py.so
[0.471s] -- Up-to-date: /root/ros2_ws2/install/custom_msgs/share/custom_msgs/msg/AgentTargetPositions.idl
[0.472s] -- Up-to-date: /root/ros2_ws2/install/custom_msgs/share/custom_msgs/msg/AgentTargetDestinations.idl
[0.472s] -- Up-to-date: /root/ros2_ws2/install/custom_msgs/share/custom_msgs/msg/RobotCommunication.idl
[0.472s] -- Up-to-date: /root/ros2_ws2/install/custom_msgs/share/custom_msgs/msg/AgentTargetPositions.msg
[0.472s] -- Up-to-date: /root/ros2_ws2/install/custom_msgs/share/custom_msgs/msg/AgentTargetDestinations.msg
[0.472s] -- Up-to-date: /root/ros2_ws2/install/custom_msgs/share/custom_msgs/msg/RobotCommunication.msg
[0.472s] -- Up-to-date: /root/ros2_ws2/install/custom_msgs/share/ament_index/resource_index/package_run_dependencies/custom_msgs
[0.472s] -- Up-to-date: /root/ros2_ws2/install/custom_msgs/share/ament_index/resource_index/parent_prefix_path/custom_msgs
[0.473s] -- Up-to-date: /root/ros2_ws2/install/custom_msgs/share/custom_msgs/environment/ament_prefix_path.sh
[0.473s] -- Up-to-date: /root/ros2_ws2/install/custom_msgs/share/custom_msgs/environment/ament_prefix_path.dsv
[0.473s] -- Up-to-date: /root/ros2_ws2/install/custom_msgs/share/custom_msgs/environment/path.sh
[0.473s] -- Up-to-date: /root/ros2_ws2/install/custom_msgs/share/custom_msgs/environment/path.dsv
[0.473s] -- Up-to-date: /root/ros2_ws2/install/custom_msgs/share/custom_msgs/local_setup.bash
[0.473s] -- Up-to-date: /root/ros2_ws2/install/custom_msgs/share/custom_msgs/local_setup.sh
[0.473s] -- Up-to-date: /root/ros2_ws2/install/custom_msgs/share/custom_msgs/local_setup.zsh
[0.473s] -- Up-to-date: /root/ros2_ws2/install/custom_msgs/share/custom_msgs/local_setup.dsv
[0.473s] -- Installing: /root/ros2_ws2/install/custom_msgs/share/custom_msgs/package.dsv
[0.474s] -- Up-to-date: /root/ros2_ws2/install/custom_msgs/share/ament_index/resource_index/packages/custom_msgs
[0.474s] -- Up-to-date: /root/ros2_ws2/install/custom_msgs/share/custom_msgs/cmake/export_custom_msgs__rosidl_generator_cExport.cmake
[0.474s] -- Up-to-date: /root/ros2_ws2/install/custom_msgs/share/custom_msgs/cmake/export_custom_msgs__rosidl_generator_cExport-noconfig.cmake
[0.474s] -- Up-to-date: /root/ros2_ws2/install/custom_msgs/share/custom_msgs/cmake/export_custom_msgs__rosidl_typesupport_fastrtps_cExport.cmake
[0.474s] -- Up-to-date: /root/ros2_ws2/install/custom_msgs/share/custom_msgs/cmake/export_custom_msgs__rosidl_typesupport_fastrtps_cExport-noconfig.cmake
[0.474s] -- Up-to-date: /root/ros2_ws2/install/custom_msgs/share/custom_msgs/cmake/export_custom_msgs__rosidl_generator_cppExport.cmake
[0.474s] -- Up-to-date: /root/ros2_ws2/install/custom_msgs/share/custom_msgs/cmake/export_custom_msgs__rosidl_typesupport_fastrtps_cppExport.cmake
[0.475s] -- Up-to-date: /root/ros2_ws2/install/custom_msgs/share/custom_msgs/cmake/export_custom_msgs__rosidl_typesupport_fastrtps_cppExport-noconfig.cmake
[0.475s] -- Up-to-date: /root/ros2_ws2/install/custom_msgs/share/custom_msgs/cmake/custom_msgs__rosidl_typesupport_introspection_cExport.cmake
[0.475s] -- Up-to-date: /root/ros2_ws2/install/custom_msgs/share/custom_msgs/cmake/custom_msgs__rosidl_typesupport_introspection_cExport-noconfig.cmake
[0.475s] -- Up-to-date: /root/ros2_ws2/install/custom_msgs/share/custom_msgs/cmake/custom_msgs__rosidl_typesupport_cExport.cmake
[0.475s] -- Up-to-date: /root/ros2_ws2/install/custom_msgs/share/custom_msgs/cmake/custom_msgs__rosidl_typesupport_cExport-noconfig.cmake
[0.475s] -- Up-to-date: /root/ros2_ws2/install/custom_msgs/share/custom_msgs/cmake/custom_msgs__rosidl_typesupport_introspection_cppExport.cmake
[0.476s] -- Up-to-date: /root/ros2_ws2/install/custom_msgs/share/custom_msgs/cmake/custom_msgs__rosidl_typesupport_introspection_cppExport-noconfig.cmake
[0.476s] -- Up-to-date: /root/ros2_ws2/install/custom_msgs/share/custom_msgs/cmake/custom_msgs__rosidl_typesupport_cppExport.cmake
[0.476s] -- Up-to-date: /root/ros2_ws2/install/custom_msgs/share/custom_msgs/cmake/custom_msgs__rosidl_typesupport_cppExport-noconfig.cmake
[0.476s] -- Up-to-date: /root/ros2_ws2/install/custom_msgs/share/custom_msgs/cmake/export_custom_msgs__rosidl_generator_pyExport.cmake
[0.476s] -- Up-to-date: /root/ros2_ws2/install/custom_msgs/share/custom_msgs/cmake/export_custom_msgs__rosidl_generator_pyExport-noconfig.cmake
[0.476s] -- Up-to-date: /root/ros2_ws2/install/custom_msgs/share/custom_msgs/cmake/rosidl_cmake-extras.cmake
[0.476s] -- Up-to-date: /root/ros2_ws2/install/custom_msgs/share/custom_msgs/cmake/ament_cmake_export_dependencies-extras.cmake
[0.477s] -- Up-to-date: /root/ros2_ws2/install/custom_msgs/share/custom_msgs/cmake/ament_cmake_export_include_directories-extras.cmake
[0.477s] -- Up-to-date: /root/ros2_ws2/install/custom_msgs/share/custom_msgs/cmake/ament_cmake_export_libraries-extras.cmake
[0.477s] -- Up-to-date: /root/ros2_ws2/install/custom_msgs/share/custom_msgs/cmake/ament_cmake_export_targets-extras.cmake
[0.477s] -- Up-to-date: /root/ros2_ws2/install/custom_msgs/share/custom_msgs/cmake/rosidl_cmake_export_typesupport_targets-extras.cmake
[0.477s] -- Up-to-date: /root/ros2_ws2/install/custom_msgs/share/custom_msgs/cmake/rosidl_cmake_export_typesupport_libraries-extras.cmake
[0.477s] -- Up-to-date: /root/ros2_ws2/install/custom_msgs/share/custom_msgs/cmake/custom_msgsConfig.cmake
[0.477s] -- Up-to-date: /root/ros2_ws2/install/custom_msgs/share/custom_msgs/cmake/custom_msgsConfig-version.cmake
[0.477s] -- Up-to-date: /root/ros2_ws2/install/custom_msgs/share/custom_msgs/package.xml
[0.478s] Invoked command in '/root/ros2_ws2/build/custom_msgs' returned '0': CMAKE_PREFIX_PATH=${CMAKE_PREFIX_PATH}:/root/ros2_ws2/install/ros_tcp_endpoint:/root/ros2_ws2/install/navigation_unity_package:/opt/ros/humble /usr/bin/cmake --install /root/ros2_ws2/build/custom_msgs
