running egg_info
writing ../../build/navigation_unity_package/navigation_unity_package.egg-info/PKG-INFO
writing dependency_links to ../../build/navigation_unity_package/navigation_unity_package.egg-info/dependency_links.txt
writing entry points to ../../build/navigation_unity_package/navigation_unity_package.egg-info/entry_points.txt
writing requirements to ../../build/navigation_unity_package/navigation_unity_package.egg-info/requires.txt
writing top-level names to ../../build/navigation_unity_package/navigation_unity_package.egg-info/top_level.txt
reading manifest file '../../build/navigation_unity_package/navigation_unity_package.egg-info/SOURCES.txt'
writing manifest file '../../build/navigation_unity_package/navigation_unity_package.egg-info/SOURCES.txt'
running build
running build_py
copying navigation_unity_package/robot_communication_node.py -> /root/ros2_ws2/build/navigation_unity_package/build/lib/navigation_unity_package
running install
running install_lib
copying /root/ros2_ws2/build/navigation_unity_package/build/lib/navigation_unity_package/robot_communication_node.py -> /root/ros2_ws2/install/navigation_unity_package/lib/python3.10/site-packages/navigation_unity_package
byte-compiling /root/ros2_ws2/install/navigation_unity_package/lib/python3.10/site-packages/navigation_unity_package/robot_communication_node.py to robot_communication_node.cpython-310.pyc
running install_data
running install_egg_info
removing '/root/ros2_ws2/install/navigation_unity_package/lib/python3.10/site-packages/navigation_unity_package-0.0.0-py3.10.egg-info' (and everything under it)
Copying ../../build/navigation_unity_package/navigation_unity_package.egg-info to /root/ros2_ws2/install/navigation_unity_package/lib/python3.10/site-packages/navigation_unity_package-0.0.0-py3.10.egg-info
running install_scripts
Installing agent_distance_subscriber script to /root/ros2_ws2/install/navigation_unity_package/lib/navigation_unity_package
Installing agent_target_publisher script to /root/ros2_ws2/install/navigation_unity_package/lib/navigation_unity_package
Installing robot_communication_node script to /root/ros2_ws2/install/navigation_unity_package/lib/navigation_unity_package
Installing target_subscriber script to /root/ros2_ws2/install/navigation_unity_package/lib/navigation_unity_package
writing list of installed files to '/root/ros2_ws2/build/navigation_unity_package/install.log'
